#
# There is insufficient memory for the Java Runtime Environment to continue.
# Native memory allocation (malloc) failed to allocate 73680 bytes for Chunk::new
# Possible reasons:
#   The system is out of physical RAM or swap space
#   The process is running with CompressedOops enabled, and the Java Heap may be blocking the growth of the native heap
# Possible solutions:
#   Reduce memory load on the system
#   Increase physical memory or swap space
#   Check if swap backing store is full
#   Decrease Java heap size (-Xmx/-Xms)
#   Decrease number of Java threads
#   Decrease Java thread stack sizes (-Xss)
#   Set larger code cache with -XX:ReservedCodeCacheSize=
#   JVM is running with Zero Based Compressed Oops mode in which the Java heap is
#     placed in the first 32GB address space. The Java Heap base address is the
#     maximum limit for the native heap growth. Please use -XX:HeapBaseMinAddress
#     to set the Java Heap base and to place the Java Heap above 32GB virtual address.
# This output file may be truncated or incomplete.
#
#  Out of Memory Error (arena.cpp:189), pid=11888, tid=6980
#
# JRE version: OpenJDK Runtime Environment (17.0.6) (build 17.0.6+0-b2043.56-10027231)
# Java VM: OpenJDK 64-Bit Server VM (17.0.6+0-b2043.56-10027231, mixed mode, tiered, compressed oops, compressed class ptrs, g1 gc, windows-amd64)
# No core dump will be written. Minidumps are not enabled by default on client versions of Windows
#

---------------  S U M M A R Y ------------

Command Line: --add-opens=java.base/java.util=ALL-UNNAMED --add-opens=java.base/java.lang=ALL-UNNAMED --add-opens=java.base/java.lang.invoke=ALL-UNNAMED --add-opens=java.base/java.util=ALL-UNNAMED --add-opens=java.prefs/java.util.prefs=ALL-UNNAMED --add-opens=java.prefs/java.util.prefs=ALL-UNNAMED --add-opens=java.base/java.nio.charset=ALL-UNNAMED --add-opens=java.base/java.net=ALL-UNNAMED --add-opens=java.base/java.util.concurrent.atomic=ALL-UNNAMED -Xmx4G -Dfile.encoding=windows-1252 -Duser.country=US -Duser.language=en -Duser.variant org.gradle.launcher.daemon.bootstrap.GradleDaemon 7.5

Host: Intel(R) Core(TM) i5-3380M CPU @ 2.90GHz, 4 cores, 7G,  Windows 10 , 64 bit Build 19041 (10.0.19041.3636)
Time: Sat Jan  4 15:22:41 2025 Syria Standard Time elapsed time: 4668.995911 seconds (0d 1h 17m 48s)

---------------  T H R E A D  ---------------

Current thread (0x00000237b8c4e010):  JavaThread "C2 CompilerThread0" daemon [_thread_in_native, id=6980, stack(0x000000c482600000,0x000000c482700000)]


Current CompileTask:
C2:4668996 29663       4       org.gradle.internal.logging.sink.OutputEventTransformer::onOutput (399 bytes)

Stack: [0x000000c482600000,0x000000c482700000]
Native frames: (J=compiled Java code, j=interpreted, Vv=VM code, C=native code)
V  [jvm.dll+0x683c9a]
V  [jvm.dll+0x8427a4]
V  [jvm.dll+0x843f9e]
V  [jvm.dll+0x844603]
V  [jvm.dll+0x249b75]
V  [jvm.dll+0xabcac]
V  [jvm.dll+0xac27c]
V  [jvm.dll+0x11f257]
V  [jvm.dll+0x60fc92]
V  [jvm.dll+0x6140cf]
V  [jvm.dll+0x21c078]
V  [jvm.dll+0x21b621]
V  [jvm.dll+0x1a4fdd]
V  [jvm.dll+0x22b098]
V  [jvm.dll+0x229159]
V  [jvm.dll+0x7f81ec]
V  [jvm.dll+0x7f274a]
V  [jvm.dll+0x682ad5]
C  [ucrtbase.dll+0x21bb2]
C  [KERNEL32.DLL+0x17344]
C  [ntdll.dll+0x526b1]


---------------  P R O C E S S  ---------------

Threads class SMR info:
_java_thread_list=0x00000237cbdca110, length=94, elements={
0x000002379a026830, 0x00000237b8c13a20, 0x00000237b82028e0, 0x00000237b821d4f0,
0x00000237b8c363f0, 0x00000237b8c38cc0, 0x00000237b8c39580, 0x00000237b8c4e010,
0x00000237b8caed40, 0x00000237b8cbb280, 0x00000237b8dc6b60, 0x00000237b8dc7440,
0x00000237b9a493c0, 0x00000237b9a48550, 0x00000237b9a4a230, 0x00000237b9a4a700,
0x00000237b9a47210, 0x00000237bb410a70, 0x00000237bb40bd70, 0x00000237bb40b3d0,
0x00000237bb4100d0, 0x00000237bb40c710, 0x00000237bb40e8c0, 0x00000237bb40b8a0,
0x00000237bb4118e0, 0x00000237bb40f730, 0x00000237bb40d580, 0x00000237bb40a560,
0x00000237bd78cd40, 0x00000237b8f87540, 0x00000237b8f8d0b0, 0x00000237bf55be70,
0x00000237bf55cce0, 0x00000237bf559320, 0x00000237bf55b9a0, 0x00000237bf55c340,
0x00000237bf557640, 0x00000237bf55d1b0, 0x00000237bf55db50, 0x00000237bf5567d0,
0x00000237bf556ca0, 0x00000237bf557170, 0x00000237bd788510, 0x00000237bd78e080,
0x00000237bd78ab90, 0x00000237bd789380, 0x00000237bd78d6e0, 0x00000237bd78e550,
0x00000237bd7889e0, 0x00000237bd788040, 0x00000237bd78dbb0, 0x00000237bd78b060,
0x00000237bd78a1f0, 0x00000237bd78c3a0, 0x00000237bd78eef0, 0x00000237bd78b530,
0x00000237bd78a6c0, 0x00000237bd78ba00, 0x00000237bd788eb0, 0x00000237bd78d210,
0x00000237bd789850, 0x00000237bd78f3c0, 0x00000237bd78f890, 0x00000237bd789d20,
0x00000237bd78c870, 0x00000237bd78bed0, 0x00000237b9f21d00, 0x00000237b9f226a0,
0x00000237b9f221d0, 0x00000237b9f23510, 0x00000237b9f239e0, 0x00000237b9f21360,
0x00000237b9f24d20, 0x00000237b9f256c0, 0x00000237b9f25b90, 0x00000237b9f26060,
0x00000237b9f21830, 0x00000237b9f26ed0, 0x00000237b9f20020, 0x00000237b8f87a10,
0x00000237b8f88880, 0x00000237b8f89220, 0x00000237b8f8a090, 0x00000237b8f8c710,
0x00000237b8f8a560, 0x00000237b8f8b3d0, 0x00000237b8f8aa30, 0x00000237b8f8bd70,
0x00000237b8f8d580, 0x00000237b8f8da50, 0x00000237bd55ae90, 0x00000237bd558810,
0x00000237bd5591b0, 0x00000237bd558ce0
}

Java Threads: ( => current thread )
  0x000002379a026830 JavaThread "main" [_thread_blocked, id=11532, stack(0x000000c481900000,0x000000c481a00000)]
  0x00000237b8c13a20 JavaThread "Reference Handler" daemon [_thread_blocked, id=13252, stack(0x000000c482000000,0x000000c482100000)]
  0x00000237b82028e0 JavaThread "Finalizer" daemon [_thread_blocked, id=14236, stack(0x000000c482100000,0x000000c482200000)]
  0x00000237b821d4f0 JavaThread "Signal Dispatcher" daemon [_thread_blocked, id=6132, stack(0x000000c482200000,0x000000c482300000)]
  0x00000237b8c363f0 JavaThread "Attach Listener" daemon [_thread_blocked, id=9792, stack(0x000000c482300000,0x000000c482400000)]
  0x00000237b8c38cc0 JavaThread "Service Thread" daemon [_thread_blocked, id=14280, stack(0x000000c482400000,0x000000c482500000)]
  0x00000237b8c39580 JavaThread "Monitor Deflation Thread" daemon [_thread_blocked, id=3940, stack(0x000000c482500000,0x000000c482600000)]
=>0x00000237b8c4e010 JavaThread "C2 CompilerThread0" daemon [_thread_in_native, id=6980, stack(0x000000c482600000,0x000000c482700000)]
  0x00000237b8caed40 JavaThread "C1 CompilerThread0" daemon [_thread_blocked, id=5304, stack(0x000000c482700000,0x000000c482800000)]
  0x00000237b8cbb280 JavaThread "Sweeper thread" daemon [_thread_blocked, id=7528, stack(0x000000c482800000,0x000000c482900000)]
  0x00000237b8dc6b60 JavaThread "Common-Cleaner" daemon [_thread_blocked, id=9640, stack(0x000000c482900000,0x000000c482a00000)]
  0x00000237b8dc7440 JavaThread "Notification Thread" daemon [_thread_blocked, id=13340, stack(0x000000c482a00000,0x000000c482b00000)]
  0x00000237b9a493c0 JavaThread "Daemon health stats" [_thread_blocked, id=10420, stack(0x000000c483000000,0x000000c483100000)]
  0x00000237b9a48550 JavaThread "Incoming local TCP Connector on port 64049" [_thread_in_native, id=12580, stack(0x000000c482c00000,0x000000c482d00000)]
  0x00000237b9a4a230 JavaThread "Daemon periodic checks" [_thread_blocked, id=6792, stack(0x000000c483100000,0x000000c483200000)]
  0x00000237b9a4a700 JavaThread "Cache worker for journal cache (C:\Users\ALI_S\.gradle\caches\journal-1)" [_thread_blocked, id=11348, stack(0x000000c483900000,0x000000c483a00000)]
  0x00000237b9a47210 JavaThread "File lock request listener" [_thread_in_native, id=5868, stack(0x000000c483a00000,0x000000c483b00000)]
  0x00000237bb410a70 JavaThread "Cache worker for file hash cache (C:\Users\ALI_S\.gradle\caches\7.5\fileHashes)" [_thread_blocked, id=3808, stack(0x000000c483b00000,0x000000c483c00000)]
  0x00000237bb40bd70 JavaThread "File watcher server" daemon [_thread_in_native, id=6048, stack(0x000000c483c00000,0x000000c483d00000)]
  0x00000237bb40b3d0 JavaThread "File watcher consumer" daemon [_thread_blocked, id=14124, stack(0x000000c483d00000,0x000000c483e00000)]
  0x00000237bb4100d0 JavaThread "Cache worker for file content cache (C:\Users\ALI_S\.gradle\caches\7.5\fileContent)" [_thread_blocked, id=7176, stack(0x000000c484100000,0x000000c484200000)]
  0x00000237bb40c710 JavaThread "Cache worker for execution history cache (C:\Users\ALI_S\.gradle\caches\7.5\executionHistory)" [_thread_blocked, id=2964, stack(0x000000c484400000,0x000000c484500000)]
  0x00000237bb40e8c0 JavaThread "jar transforms" [_thread_blocked, id=1404, stack(0x000000c484600000,0x000000c484700000)]
  0x00000237bb40b8a0 JavaThread "Cache worker for kotlin-dsl (C:\Users\ALI_S\.gradle\caches\7.5\kotlin-dsl)" [_thread_blocked, id=6756, stack(0x000000c484700000,0x000000c484800000)]
  0x00000237bb4118e0 JavaThread "jar transforms Thread 2" [_thread_blocked, id=9660, stack(0x000000c484000000,0x000000c484100000)]
  0x00000237bb40f730 JavaThread "jar transforms Thread 3" [_thread_blocked, id=2200, stack(0x000000c484b00000,0x000000c484c00000)]
  0x00000237bb40d580 JavaThread "Memory manager" [_thread_blocked, id=6228, stack(0x000000c484c00000,0x000000c484d00000)]
  0x00000237bb40a560 JavaThread "jar transforms Thread 4" [_thread_blocked, id=6888, stack(0x000000c484a00000,0x000000c484b00000)]
  0x00000237bd78cd40 JavaThread "RMI Scheduler(0)" daemon [_thread_blocked, id=6084, stack(0x000000c488700000,0x000000c488800000)]
  0x00000237b8f87540 JavaThread "RMI TCP Accept-0" daemon [_thread_in_native, id=7208, stack(0x000000c488400000,0x000000c488500000)]
  0x00000237b8f8d0b0 JavaThread "Cache worker for Java compile cache (C:\Users\ALI_S\.gradle\caches\7.5\javaCompile)" [_thread_blocked, id=7564, stack(0x000000c487a00000,0x000000c487b00000)]
  0x00000237bf55be70 JavaThread "Daemon Thread 2" [_thread_blocked, id=6136, stack(0x000000c481700000,0x000000c481800000)]
  0x00000237bf55cce0 JavaThread "Handler for socket connection from /127.0.0.1:64049 to /127.0.0.1:65414" [_thread_in_native, id=9132, stack(0x000000c481800000,0x000000c481900000)]
  0x00000237bf559320 JavaThread "Cancel handler" [_thread_blocked, id=4412, stack(0x000000c483200000,0x000000c483300000)]
  0x00000237bf55b9a0 JavaThread "Daemon worker Thread 2" [_thread_blocked, id=8248, stack(0x000000c483300000,0x000000c483400000)]
  0x00000237bf55c340 JavaThread "Asynchronous log dispatcher for DefaultDaemonConnection: socket connection from /127.0.0.1:64049 to /127.0.0.1:65414" [_thread_blocked, id=4248, stack(0x000000c483400000,0x000000c483500000)]
  0x00000237bf557640 JavaThread "Stdin handler" [_thread_blocked, id=7384, stack(0x000000c483500000,0x000000c483600000)]
  0x00000237bf55d1b0 JavaThread "Daemon client event forwarder" [_thread_blocked, id=3096, stack(0x000000c483600000,0x000000c483700000)]
  0x00000237bf55db50 JavaThread "Cache worker for checksums cache (C:\development\flutter_app\mukawwin_3\android\.gradle\7.5\checksums)" [_thread_blocked, id=12588, stack(0x000000c483800000,0x000000c483900000)]
  0x00000237bf5567d0 JavaThread "Cache worker for cache directory md-rule (C:\Users\ALI_S\.gradle\caches\7.5\md-rule)" [_thread_blocked, id=13560, stack(0x000000c483e00000,0x000000c483f00000)]
  0x00000237bf556ca0 JavaThread "Cache worker for file hash cache (C:\development\flutter_app\mukawwin_3\android\.gradle\7.5\fileHashes)" [_thread_blocked, id=8884, stack(0x000000c483f00000,0x000000c484000000)]
  0x00000237bf557170 JavaThread "Cache worker for cache directory md-supplier (C:\Users\ALI_S\.gradle\caches\7.5\md-supplier)" [_thread_blocked, id=10512, stack(0x000000c484200000,0x000000c484300000)]
  0x00000237bd788510 JavaThread "Cache worker for dependencies-accessors (C:\development\flutter_app\mukawwin_3\android\.gradle\7.5\dependencies-accessors)" [_thread_blocked, id=12440, stack(0x000000c484300000,0x000000c484400000)]
  0x00000237bd78e080 JavaThread "Cache worker for Build Output Cleanup Cache (C:\development\flutter\packages\flutter_tools\gradle\.gradle\buildOutputCleanup)" [_thread_blocked, id=2076, stack(0x000000c484800000,0x000000c484900000)]
  0x00000237bd78ab90 JavaThread "included builds" [_thread_blocked, id=13224, stack(0x000000c484900000,0x000000c484a00000)]
  0x00000237bd789380 JavaThread "Execution worker" [_thread_blocked, id=7968, stack(0x000000c484d00000,0x000000c484e00000)]
  0x00000237bd78d6e0 JavaThread "Execution worker Thread 2" [_thread_blocked, id=3580, stack(0x000000c484e00000,0x000000c484f00000)]
  0x00000237bd78e550 JavaThread "Execution worker Thread 3" [_thread_blocked, id=10528, stack(0x000000c484f00000,0x000000c485000000)]
  0x00000237bd7889e0 JavaThread "Cache worker for execution history cache (C:\development\flutter\packages\flutter_tools\gradle\.gradle\7.5\executionHistory)" [_thread_blocked, id=3032, stack(0x000000c485000000,0x000000c485100000)]
  0x00000237bd788040 JavaThread "Unconstrained build operations" [_thread_blocked, id=14128, stack(0x000000c485100000,0x000000c485200000)]
  0x00000237bd78dbb0 JavaThread "Unconstrained build operations Thread 2" [_thread_blocked, id=9240, stack(0x000000c485200000,0x000000c485300000)]
  0x00000237bd78b060 JavaThread "Unconstrained build operations Thread 3" [_thread_blocked, id=7628, stack(0x000000c485300000,0x000000c485400000)]
  0x00000237bd78a1f0 JavaThread "Unconstrained build operations Thread 4" [_thread_blocked, id=13468, stack(0x000000c485400000,0x000000c485500000)]
  0x00000237bd78c3a0 JavaThread "Unconstrained build operations Thread 5" [_thread_blocked, id=9624, stack(0x000000c485500000,0x000000c485600000)]
  0x00000237bd78eef0 JavaThread "Unconstrained build operations Thread 6" [_thread_blocked, id=13936, stack(0x000000c485600000,0x000000c485700000)]
  0x00000237bd78b530 JavaThread "Unconstrained build operations Thread 7" [_thread_blocked, id=3704, stack(0x000000c485700000,0x000000c485800000)]
  0x00000237bd78a6c0 JavaThread "Unconstrained build operations Thread 8" [_thread_blocked, id=832, stack(0x000000c485800000,0x000000c485900000)]
  0x00000237bd78ba00 JavaThread "Unconstrained build operations Thread 9" [_thread_blocked, id=564, stack(0x000000c485900000,0x000000c485a00000)]
  0x00000237bd788eb0 JavaThread "Unconstrained build operations Thread 10" [_thread_blocked, id=5876, stack(0x000000c485a00000,0x000000c485b00000)]
  0x00000237bd78d210 JavaThread "Unconstrained build operations Thread 11" [_thread_blocked, id=7668, stack(0x000000c483700000,0x000000c483800000)]
  0x00000237bd789850 JavaThread "Unconstrained build operations Thread 12" [_thread_blocked, id=11336, stack(0x000000c485b00000,0x000000c485c00000)]
  0x00000237bd78f3c0 JavaThread "Unconstrained build operations Thread 13" [_thread_blocked, id=13716, stack(0x000000c485c00000,0x000000c485d00000)]
  0x00000237bd78f890 JavaThread "Unconstrained build operations Thread 14" [_thread_blocked, id=8324, stack(0x000000c485d00000,0x000000c485e00000)]
  0x00000237bd789d20 JavaThread "Unconstrained build operations Thread 15" [_thread_blocked, id=8952, stack(0x000000c485e00000,0x000000c485f00000)]
  0x00000237bd78c870 JavaThread "Unconstrained build operations Thread 16" [_thread_blocked, id=8424, stack(0x000000c485f00000,0x000000c486000000)]
  0x00000237bd78bed0 JavaThread "Unconstrained build operations Thread 17" [_thread_blocked, id=6628, stack(0x000000c486000000,0x000000c486100000)]
  0x00000237b9f21d00 JavaThread "Unconstrained build operations Thread 18" [_thread_blocked, id=6776, stack(0x000000c486100000,0x000000c486200000)]
  0x00000237b9f226a0 JavaThread "Unconstrained build operations Thread 19" [_thread_blocked, id=2732, stack(0x000000c486200000,0x000000c486300000)]
  0x00000237b9f221d0 JavaThread "Unconstrained build operations Thread 20" [_thread_blocked, id=14296, stack(0x000000c486300000,0x000000c486400000)]
  0x00000237b9f23510 JavaThread "Unconstrained build operations Thread 21" [_thread_blocked, id=5832, stack(0x000000c486400000,0x000000c486500000)]
  0x00000237b9f239e0 JavaThread "Unconstrained build operations Thread 22" [_thread_blocked, id=7936, stack(0x000000c486500000,0x000000c486600000)]
  0x00000237b9f21360 JavaThread "Unconstrained build operations Thread 23" [_thread_blocked, id=7496, stack(0x000000c486600000,0x000000c486700000)]
  0x00000237b9f24d20 JavaThread "Unconstrained build operations Thread 24" [_thread_blocked, id=5928, stack(0x000000c486700000,0x000000c486800000)]
  0x00000237b9f256c0 JavaThread "Unconstrained build operations Thread 25" [_thread_blocked, id=11340, stack(0x000000c486800000,0x000000c486900000)]
  0x00000237b9f25b90 JavaThread "Unconstrained build operations Thread 26" [_thread_blocked, id=10816, stack(0x000000c486900000,0x000000c486a00000)]
  0x00000237b9f26060 JavaThread "Unconstrained build operations Thread 27" [_thread_blocked, id=11176, stack(0x000000c486a00000,0x000000c486b00000)]
  0x00000237b9f21830 JavaThread "Unconstrained build operations Thread 28" [_thread_blocked, id=4388, stack(0x000000c486b00000,0x000000c486c00000)]
  0x00000237b9f26ed0 JavaThread "Unconstrained build operations Thread 29" [_thread_blocked, id=13116, stack(0x000000c486c00000,0x000000c486d00000)]
  0x00000237b9f20020 JavaThread "Unconstrained build operations Thread 30" [_thread_blocked, id=13320, stack(0x000000c486d00000,0x000000c486e00000)]
  0x00000237b8f87a10 JavaThread "Unconstrained build operations Thread 31" [_thread_blocked, id=14016, stack(0x000000c486e00000,0x000000c486f00000)]
  0x00000237b8f88880 JavaThread "Unconstrained build operations Thread 32" [_thread_blocked, id=14232, stack(0x000000c486f00000,0x000000c487000000)]
  0x00000237b8f89220 JavaThread "Unconstrained build operations Thread 33" [_thread_blocked, id=7156, stack(0x000000c487000000,0x000000c487100000)]
  0x00000237b8f8a090 JavaThread "Unconstrained build operations Thread 34" [_thread_blocked, id=12824, stack(0x000000c487100000,0x000000c487200000)]
  0x00000237b8f8c710 JavaThread "Unconstrained build operations Thread 35" [_thread_blocked, id=7040, stack(0x000000c487200000,0x000000c487300000)]
  0x00000237b8f8a560 JavaThread "Unconstrained build operations Thread 36" [_thread_blocked, id=13984, stack(0x000000c487300000,0x000000c487400000)]
  0x00000237b8f8b3d0 JavaThread "Unconstrained build operations Thread 37" [_thread_blocked, id=4868, stack(0x000000c487400000,0x000000c487500000)]
  0x00000237b8f8aa30 JavaThread "Unconstrained build operations Thread 38" [_thread_blocked, id=6536, stack(0x000000c487500000,0x000000c487600000)]
  0x00000237b8f8bd70 JavaThread "Unconstrained build operations Thread 39" [_thread_blocked, id=5488, stack(0x000000c487600000,0x000000c487700000)]
  0x00000237b8f8d580 JavaThread "Unconstrained build operations Thread 40" [_thread_blocked, id=13516, stack(0x000000c487700000,0x000000c487800000)]
  0x00000237b8f8da50 JavaThread "Cache worker for Build Output Cleanup Cache (C:\development\flutter_app\mukawwin_3\android\.gradle\buildOutputCleanup)" [_thread_blocked, id=7992, stack(0x000000c487800000,0x000000c487900000)]
  0x00000237bd55ae90 JavaThread "Cache worker for execution history cache (C:\development\flutter_app\mukawwin_3\android\.gradle\7.5\executionHistory)" [_thread_blocked, id=12664, stack(0x000000c487b00000,0x000000c487c00000)]
  0x00000237bd558810 JavaThread "Exec process Thread 4" [_thread_in_native, id=9348, stack(0x000000c487c00000,0x000000c487d00000)]
  0x00000237bd5591b0 JavaThread "Exec process Thread 5" [_thread_in_native, id=1648, stack(0x000000c487d00000,0x000000c487e00000)]
  0x00000237bd558ce0 JavaThread "Exec process Thread 6" [_thread_in_native, id=7824, stack(0x000000c487e00000,0x000000c487f00000)]

Other Threads:
  0x00000237b81a0e30 VMThread "VM Thread" [stack: 0x000000c481f00000,0x000000c482000000] [id=10104]
  0x00000237b8de3b20 WatcherThread [stack: 0x000000c482b00000,0x000000c482c00000] [id=10740]
  0x000002379a08f160 GCTaskThread "GC Thread#0" [stack: 0x000000c481a00000,0x000000c481b00000] [id=11212]
  0x00000237b90a1500 GCTaskThread "GC Thread#1" [stack: 0x000000c482d00000,0x000000c482e00000] [id=1312]
  0x00000237b8e88dc0 GCTaskThread "GC Thread#2" [stack: 0x000000c482e00000,0x000000c482f00000] [id=1392]
  0x00000237b90f6db0 GCTaskThread "GC Thread#3" [stack: 0x000000c482f00000,0x000000c483000000] [id=7896]
  0x000002379a09ffb0 ConcurrentGCThread "G1 Main Marker" [stack: 0x000000c481b00000,0x000000c481c00000] [id=9364]
  0x000002379a0a08d0 ConcurrentGCThread "G1 Conc#0" [stack: 0x000000c481c00000,0x000000c481d00000] [id=14032]
  0x000002379a0d9e50 ConcurrentGCThread "G1 Refine#0" [stack: 0x000000c481d00000,0x000000c481e00000] [id=7432]
  0x00000237bb090ce0 ConcurrentGCThread "G1 Refine#1" [stack: 0x000000c484500000,0x000000c484600000] [id=7400]
  0x00000237bf845100 ConcurrentGCThread "G1 Refine#2" [stack: 0x000000c488800000,0x000000c488900000] [id=11840]
  0x00000237bf8459a0 ConcurrentGCThread "G1 Refine#3" [stack: 0x000000c488900000,0x000000c488a00000] [id=1768]
  0x000002379a0db790 ConcurrentGCThread "G1 Service" [stack: 0x000000c481e00000,0x000000c481f00000] [id=13972]

Threads with active compile tasks:
C2 CompilerThread0  4669119 29663       4       org.gradle.internal.logging.sink.OutputEventTransformer::onOutput (399 bytes)

VM state: not at safepoint (normal execution)

VM Mutex/Monitor currently owned by a thread: None

Heap address: 0x0000000700000000, size: 4096 MB, Compressed Oops mode: Zero based, Oop shift amount: 3

CDS archive(s) not mapped
Compressed class space mapped at: 0x0000000800000000-0x0000000840000000, reserved size: 1073741824
Narrow klass base: 0x0000000800000000, Narrow klass shift: 0, Narrow klass range: 0x40000000

GC Precious Log:
 CPUs: 4 total, 4 available
 Memory: 8094M
 Large Page Support: Disabled
 NUMA Support: Disabled
 Compressed Oops: Enabled (Zero based)
 Heap Region Size: 2M
 Heap Min Capacity: 8M
 Heap Initial Capacity: 128M
 Heap Max Capacity: 4G
 Pre-touch: Disabled
 Parallel Workers: 4
 Concurrent Workers: 1
 Concurrent Refinement Workers: 4
 Periodic GC: Disabled

Heap:
 garbage-first heap   total 520192K, used 214742K [0x0000000700000000, 0x0000000800000000)
  region size 2048K, 31 young (63488K), 15 survivors (30720K)
 Metaspace       used 143122K, committed 150144K, reserved 1212416K
  class space    used 19393K, committed 21184K, reserved 1048576K

Heap Regions: E=young(eden), S=young(survivor), O=old, HS=humongous(starts), HC=humongous(continues), CS=collection set, F=free, OA=open archive, CA=closed archive, TAMS=top-at-mark-start (previous, next)
|   0|0x0000000700000000, 0x0000000700200000, 0x0000000700200000|100%|HS|  |TAMS 0x0000000700200000, 0x0000000700000000| Complete 
|   1|0x0000000700200000, 0x0000000700400000, 0x0000000700400000|100%|HC|  |TAMS 0x0000000700400000, 0x0000000700200000| Complete 
|   2|0x0000000700400000, 0x00000007005fffd0, 0x0000000700600000| 99%| O|  |TAMS 0x00000007005fffd0, 0x0000000700400000| Untracked 
|   3|0x0000000700600000, 0x00000007007fffd8, 0x0000000700800000| 99%| O|  |TAMS 0x00000007007fffd8, 0x0000000700600000| Untracked 
|   4|0x0000000700800000, 0x0000000700a00000, 0x0000000700a00000|100%| O|  |TAMS 0x0000000700a00000, 0x0000000700800000| Untracked 
|   5|0x0000000700a00000, 0x0000000700c00000, 0x0000000700c00000|100%| O|  |TAMS 0x0000000700c00000, 0x0000000700a00000| Untracked 
|   6|0x0000000700c00000, 0x0000000700e00000, 0x0000000700e00000|100%| O|  |TAMS 0x0000000700e00000, 0x0000000700c00000| Untracked 
|   7|0x0000000700e00000, 0x0000000701000000, 0x0000000701000000|100%| O|  |TAMS 0x0000000701000000, 0x0000000700e00000| Untracked 
|   8|0x0000000701000000, 0x0000000701200000, 0x0000000701200000|100%| O|  |TAMS 0x0000000701200000, 0x0000000701000000| Untracked 
|   9|0x0000000701200000, 0x0000000701400000, 0x0000000701400000|100%| O|  |TAMS 0x0000000701400000, 0x0000000701200000| Untracked 
|  10|0x0000000701400000, 0x00000007015fffd0, 0x0000000701600000| 99%| O|  |TAMS 0x00000007015fffd0, 0x0000000701400000| Untracked 
|  11|0x0000000701600000, 0x00000007017ffff8, 0x0000000701800000| 99%| O|  |TAMS 0x00000007017ffff8, 0x0000000701600000| Untracked 
|  12|0x0000000701800000, 0x0000000701a00000, 0x0000000701a00000|100%| O|  |TAMS 0x0000000701a00000, 0x0000000701800000| Untracked 
|  13|0x0000000701a00000, 0x0000000701c00000, 0x0000000701c00000|100%| O|  |TAMS 0x0000000701c00000, 0x0000000701a00000| Untracked 
|  14|0x0000000701c00000, 0x0000000701dffff8, 0x0000000701e00000| 99%| O|  |TAMS 0x0000000701dffff8, 0x0000000701c00000| Untracked 
|  15|0x0000000701e00000, 0x0000000701ffffe8, 0x0000000702000000| 99%| O|  |TAMS 0x0000000701ffffe8, 0x0000000701e00000| Untracked 
|  16|0x0000000702000000, 0x00000007021fffe0, 0x0000000702200000| 99%| O|  |TAMS 0x00000007021fffe0, 0x0000000702000000| Untracked 
|  17|0x0000000702200000, 0x00000007023bc438, 0x0000000702400000| 86%| O|  |TAMS 0x00000007023bc438, 0x0000000702200000| Untracked 
|  18|0x0000000702400000, 0x00000007025f89d0, 0x0000000702600000| 98%| O|  |TAMS 0x00000007025f89d0, 0x0000000702400000| Untracked 
|  19|0x0000000702600000, 0x00000007027e8250, 0x0000000702800000| 95%| O|  |TAMS 0x00000007027e8250, 0x0000000702600000| Untracked 
|  20|0x0000000702800000, 0x00000007029f7358, 0x0000000702a00000| 98%| O|  |TAMS 0x00000007029f7358, 0x0000000702800000| Untracked 
|  21|0x0000000702a00000, 0x0000000702bffff0, 0x0000000702c00000| 99%| O|  |TAMS 0x0000000702bffff0, 0x0000000702a00000| Untracked 
|  22|0x0000000702c00000, 0x0000000702dfffb8, 0x0000000702e00000| 99%| O|  |TAMS 0x0000000702dfffb8, 0x0000000702c00000| Untracked 
|  23|0x0000000702e00000, 0x0000000703000000, 0x0000000703000000|100%|HS|  |TAMS 0x0000000703000000, 0x0000000702e00000| Complete 
|  24|0x0000000703000000, 0x00000007031ff390, 0x0000000703200000| 99%| O|  |TAMS 0x00000007031ff390, 0x0000000703000000| Untracked 
|  25|0x0000000703200000, 0x00000007033fffd8, 0x0000000703400000| 99%| O|  |TAMS 0x00000007033fffd8, 0x0000000703200000| Untracked 
|  26|0x0000000703400000, 0x00000007035bf550, 0x0000000703600000| 87%| O|  |TAMS 0x00000007035bf550, 0x0000000703400000| Untracked 
|  27|0x0000000703600000, 0x0000000703800000, 0x0000000703800000|100%|HS|  |TAMS 0x0000000703800000, 0x0000000703600000| Complete 
|  28|0x0000000703800000, 0x0000000703a00000, 0x0000000703a00000|100%|HC|  |TAMS 0x0000000703a00000, 0x0000000703800000| Complete 
|  29|0x0000000703a00000, 0x0000000703bffff8, 0x0000000703c00000| 99%| O|  |TAMS 0x0000000703bffff8, 0x0000000703a00000| Untracked 
|  30|0x0000000703c00000, 0x0000000703dfffe8, 0x0000000703e00000| 99%| O|  |TAMS 0x0000000703dfffe8, 0x0000000703c00000| Untracked 
|  31|0x0000000703e00000, 0x0000000703ffffe8, 0x0000000704000000| 99%| O|  |TAMS 0x0000000703ffffe8, 0x0000000703e00000| Untracked 
|  32|0x0000000704000000, 0x00000007041b1908, 0x0000000704200000| 84%| O|  |TAMS 0x00000007041b1908, 0x0000000704000000| Untracked 
|  33|0x0000000704200000, 0x0000000704400000, 0x0000000704400000|100%| O|  |TAMS 0x0000000704400000, 0x0000000704200000| Untracked 
|  34|0x0000000704400000, 0x00000007045fffb0, 0x0000000704600000| 99%| O|  |TAMS 0x00000007045fffb0, 0x0000000704400000| Untracked 
|  35|0x0000000704600000, 0x00000007047fffe8, 0x0000000704800000| 99%| O|  |TAMS 0x00000007047fffe8, 0x0000000704600000| Untracked 
|  36|0x0000000704800000, 0x0000000704992520, 0x0000000704a00000| 78%| O|  |TAMS 0x0000000704992520, 0x0000000704800000| Untracked 
|  37|0x0000000704a00000, 0x0000000704bfffe8, 0x0000000704c00000| 99%| O|  |TAMS 0x0000000704bfffe8, 0x0000000704a00000| Untracked 
|  38|0x0000000704c00000, 0x0000000704dfffe8, 0x0000000704e00000| 99%| O|  |TAMS 0x0000000704dfffe8, 0x0000000704c00000| Untracked 
|  39|0x0000000704e00000, 0x0000000704f95580, 0x0000000705000000| 79%| O|  |TAMS 0x0000000704f95580, 0x0000000704e00000| Untracked 
|  40|0x0000000705000000, 0x00000007051fffd0, 0x0000000705200000| 99%| O|  |TAMS 0x00000007051fffd0, 0x0000000705000000| Untracked 
|  41|0x0000000705200000, 0x0000000705350358, 0x0000000705400000| 65%| O|  |TAMS 0x0000000705350358, 0x0000000705200000| Untracked 
|  42|0x0000000705400000, 0x00000007055c03c0, 0x0000000705600000| 87%| O|  |TAMS 0x00000007055c03c0, 0x0000000705400000| Untracked 
|  43|0x0000000705600000, 0x00000007057fff98, 0x0000000705800000| 99%| O|  |TAMS 0x00000007057fff98, 0x0000000705600000| Untracked 
|  44|0x0000000705800000, 0x00000007059ffff0, 0x0000000705a00000| 99%| O|  |TAMS 0x00000007059ffff0, 0x0000000705800000| Untracked 
|  45|0x0000000705a00000, 0x0000000705c00000, 0x0000000705c00000|100%| O|  |TAMS 0x0000000705c00000, 0x0000000705a00000| Untracked 
|  46|0x0000000705c00000, 0x0000000705dffff8, 0x0000000705e00000| 99%| O|  |TAMS 0x0000000705dffff8, 0x0000000705c00000| Untracked 
|  47|0x0000000705e00000, 0x0000000705ffb058, 0x0000000706000000| 99%| O|  |TAMS 0x0000000705ffb058, 0x0000000705e00000| Untracked 
|  48|0x0000000706000000, 0x00000007061ffff0, 0x0000000706200000| 99%| O|  |TAMS 0x00000007061ffff0, 0x0000000706000000| Untracked 
|  49|0x0000000706200000, 0x00000007063ffff0, 0x0000000706400000| 99%| O|  |TAMS 0x00000007063ffff0, 0x0000000706200000| Untracked 
|  50|0x0000000706400000, 0x0000000706600000, 0x0000000706600000|100%| O|  |TAMS 0x0000000706600000, 0x0000000706400000| Untracked 
|  51|0x0000000706600000, 0x00000007067fffc8, 0x0000000706800000| 99%| O|  |TAMS 0x00000007067fffc8, 0x0000000706600000| Untracked 
|  52|0x0000000706800000, 0x00000007069ffff0, 0x0000000706a00000| 99%| O|  |TAMS 0x00000007069ffff0, 0x0000000706800000| Untracked 
|  53|0x0000000706a00000, 0x0000000706bfa9c0, 0x0000000706c00000| 98%| O|  |TAMS 0x0000000706bfa9c0, 0x0000000706a00000| Untracked 
|  54|0x0000000706c00000, 0x0000000706dfffe8, 0x0000000706e00000| 99%| O|  |TAMS 0x0000000706dfffe8, 0x0000000706c00000| Untracked 
|  55|0x0000000706e00000, 0x0000000706fffff0, 0x0000000707000000| 99%| O|  |TAMS 0x0000000706fffff0, 0x0000000706e00000| Untracked 
|  56|0x0000000707000000, 0x00000007071fffe8, 0x0000000707200000| 99%| O|  |TAMS 0x00000007071fffe8, 0x0000000707000000| Untracked 
|  57|0x0000000707200000, 0x0000000707400000, 0x0000000707400000|100%| O|  |TAMS 0x0000000707400000, 0x0000000707200000| Untracked 
|  58|0x0000000707400000, 0x00000007075ffff0, 0x0000000707600000| 99%| O|  |TAMS 0x00000007075ffff0, 0x0000000707400000| Untracked 
|  59|0x0000000707600000, 0x00000007077fffe0, 0x0000000707800000| 99%| O|  |TAMS 0x00000007077fffe0, 0x0000000707600000| Untracked 
|  60|0x0000000707800000, 0x00000007078bdf88, 0x0000000707a00000| 37%| O|  |TAMS 0x00000007078bdf88, 0x0000000707800000| Complete 
|  61|0x0000000707a00000, 0x0000000707bffff8, 0x0000000707c00000| 99%| O|  |TAMS 0x0000000707bffff8, 0x0000000707a00000| Untracked 
|  62|0x0000000707c00000, 0x0000000707e00000, 0x0000000707e00000|100%| O|  |TAMS 0x0000000707c00000, 0x0000000707c00000| Untracked 
|  63|0x0000000707e00000, 0x0000000707fffff0, 0x0000000708000000| 99%| O|  |TAMS 0x0000000707fffff0, 0x0000000707e00000| Complete 
|  64|0x0000000708000000, 0x0000000708200000, 0x0000000708200000|100%| O|  |TAMS 0x0000000708000000, 0x0000000708000000| Untracked 
|  65|0x0000000708200000, 0x00000007083ffff8, 0x0000000708400000| 99%| O|  |TAMS 0x00000007083ffff8, 0x0000000708200000| Untracked 
|  66|0x0000000708400000, 0x0000000708600000, 0x0000000708600000|100%| O|  |TAMS 0x0000000708400000, 0x0000000708400000| Untracked 
|  67|0x0000000708600000, 0x00000007087fffe8, 0x0000000708800000| 99%| O|  |TAMS 0x00000007087fffe8, 0x0000000708600000| Untracked 
|  68|0x0000000708800000, 0x0000000708820b60, 0x0000000708a00000|  6%| O|  |TAMS 0x0000000708820b60, 0x0000000708800000| Complete 
|  69|0x0000000708a00000, 0x0000000708ab9200, 0x0000000708c00000| 36%| O|  |TAMS 0x0000000708a00000, 0x0000000708a00000| Untracked 
|  70|0x0000000708c00000, 0x0000000708de94c0, 0x0000000708e00000| 95%| O|  |TAMS 0x0000000708de94c0, 0x0000000708c00000| Untracked 
|  71|0x0000000708e00000, 0x0000000708e00000, 0x0000000709000000|  0%| F|  |TAMS 0x0000000708e00000, 0x0000000708e00000| Untracked 
|  72|0x0000000709000000, 0x0000000709000000, 0x0000000709200000|  0%| F|  |TAMS 0x0000000709000000, 0x0000000709000000| Untracked 
|  73|0x0000000709200000, 0x0000000709200000, 0x0000000709400000|  0%| F|  |TAMS 0x0000000709200000, 0x0000000709200000| Untracked 
|  74|0x0000000709400000, 0x00000007095fffe0, 0x0000000709600000| 99%| O|  |TAMS 0x00000007095fffe0, 0x0000000709400000| Untracked 
|  75|0x0000000709600000, 0x0000000709600000, 0x0000000709800000|  0%| F|  |TAMS 0x0000000709600000, 0x0000000709600000| Untracked 
|  76|0x0000000709800000, 0x00000007099fffe8, 0x0000000709a00000| 99%| O|  |TAMS 0x00000007099fffe8, 0x0000000709800000| Untracked 
|  77|0x0000000709a00000, 0x0000000709bffff0, 0x0000000709c00000| 99%| O|  |TAMS 0x0000000709bffff0, 0x0000000709a00000| Untracked 
|  78|0x0000000709c00000, 0x0000000709c00000, 0x0000000709e00000|  0%| F|  |TAMS 0x0000000709c00000, 0x0000000709c00000| Untracked 
|  79|0x0000000709e00000, 0x0000000709e00000, 0x000000070a000000|  0%| F|  |TAMS 0x0000000709e00000, 0x0000000709e00000| Untracked 
|  80|0x000000070a000000, 0x000000070a1ffff0, 0x000000070a200000| 99%| O|  |TAMS 0x000000070a1ffff0, 0x000000070a000000| Complete 
|  81|0x000000070a200000, 0x000000070a200000, 0x000000070a400000|  0%| F|  |TAMS 0x000000070a200000, 0x000000070a200000| Untracked 
|  82|0x000000070a400000, 0x000000070a557100, 0x000000070a600000| 67%| O|  |TAMS 0x000000070a557100, 0x000000070a400000| Untracked 
|  83|0x000000070a600000, 0x000000070a600000, 0x000000070a800000|  0%| F|  |TAMS 0x000000070a600000, 0x000000070a600000| Untracked 
|  84|0x000000070a800000, 0x000000070a800000, 0x000000070aa00000|  0%| F|  |TAMS 0x000000070a800000, 0x000000070a800000| Untracked 
|  85|0x000000070aa00000, 0x000000070aa00000, 0x000000070ac00000|  0%| F|  |TAMS 0x000000070aa00000, 0x000000070aa00000| Untracked 
|  86|0x000000070ac00000, 0x000000070ac00000, 0x000000070ae00000|  0%| F|  |TAMS 0x000000070ac00000, 0x000000070ac00000| Untracked 
|  87|0x000000070ae00000, 0x000000070ae00000, 0x000000070b000000|  0%| F|  |TAMS 0x000000070ae00000, 0x000000070ae00000| Untracked 
|  88|0x000000070b000000, 0x000000070b000000, 0x000000070b200000|  0%| F|  |TAMS 0x000000070b000000, 0x000000070b000000| Untracked 
|  89|0x000000070b200000, 0x000000070b200000, 0x000000070b400000|  0%| F|  |TAMS 0x000000070b200000, 0x000000070b200000| Untracked 
|  90|0x000000070b400000, 0x000000070b400000, 0x000000070b600000|  0%| F|  |TAMS 0x000000070b400000, 0x000000070b400000| Untracked 
|  91|0x000000070b600000, 0x000000070b800000, 0x000000070b800000|100%|HS|  |TAMS 0x000000070b800000, 0x000000070b600000| Complete 
|  92|0x000000070b800000, 0x000000070b800000, 0x000000070ba00000|  0%| F|  |TAMS 0x000000070b800000, 0x000000070b800000| Untracked 
|  93|0x000000070ba00000, 0x000000070ba00000, 0x000000070bc00000|  0%| F|  |TAMS 0x000000070ba00000, 0x000000070ba00000| Untracked 
|  94|0x000000070bc00000, 0x000000070bc00000, 0x000000070be00000|  0%| F|  |TAMS 0x000000070bc00000, 0x000000070bc00000| Untracked 
|  95|0x000000070be00000, 0x000000070be00000, 0x000000070c000000|  0%| F|  |TAMS 0x000000070be00000, 0x000000070be00000| Untracked 
|  96|0x000000070c000000, 0x000000070c000000, 0x000000070c200000|  0%| F|  |TAMS 0x000000070c000000, 0x000000070c000000| Untracked 
|  97|0x000000070c200000, 0x000000070c200000, 0x000000070c400000|  0%| F|  |TAMS 0x000000070c200000, 0x000000070c200000| Untracked 
|  98|0x000000070c400000, 0x000000070c400000, 0x000000070c600000|  0%| F|  |TAMS 0x000000070c400000, 0x000000070c400000| Untracked 
|  99|0x000000070c600000, 0x000000070c600000, 0x000000070c800000|  0%| F|  |TAMS 0x000000070c600000, 0x000000070c600000| Untracked 
| 100|0x000000070c800000, 0x000000070c800000, 0x000000070ca00000|  0%| F|  |TAMS 0x000000070c800000, 0x000000070c800000| Untracked 
| 101|0x000000070ca00000, 0x000000070ca00000, 0x000000070cc00000|  0%| F|  |TAMS 0x000000070ca00000, 0x000000070ca00000| Untracked 
| 102|0x000000070cc00000, 0x000000070cc00000, 0x000000070ce00000|  0%| F|  |TAMS 0x000000070cc00000, 0x000000070cc00000| Untracked 
| 103|0x000000070ce00000, 0x000000070ce00000, 0x000000070d000000|  0%| F|  |TAMS 0x000000070ce00000, 0x000000070ce00000| Untracked 
| 104|0x000000070d000000, 0x000000070d000000, 0x000000070d200000|  0%| F|  |TAMS 0x000000070d000000, 0x000000070d000000| Untracked 
| 105|0x000000070d200000, 0x000000070d200000, 0x000000070d400000|  0%| F|  |TAMS 0x000000070d200000, 0x000000070d200000| Untracked 
| 106|0x000000070d400000, 0x000000070d400000, 0x000000070d600000|  0%| F|  |TAMS 0x000000070d400000, 0x000000070d400000| Untracked 
| 107|0x000000070d600000, 0x000000070d600000, 0x000000070d800000|  0%| F|  |TAMS 0x000000070d600000, 0x000000070d600000| Untracked 
| 108|0x000000070d800000, 0x000000070d9ab938, 0x000000070da00000| 83%| O|  |TAMS 0x000000070d9ab938, 0x000000070d800000| Untracked 
| 109|0x000000070da00000, 0x000000070da00000, 0x000000070dc00000|  0%| F|  |TAMS 0x000000070da00000, 0x000000070da00000| Untracked 
| 110|0x000000070dc00000, 0x000000070dc00000, 0x000000070de00000|  0%| F|  |TAMS 0x000000070dc00000, 0x000000070dc00000| Untracked 
| 111|0x000000070de00000, 0x000000070de00000, 0x000000070e000000|  0%| F|  |TAMS 0x000000070de00000, 0x000000070de00000| Untracked 
| 112|0x000000070e000000, 0x000000070e000000, 0x000000070e200000|  0%| F|  |TAMS 0x000000070e000000, 0x000000070e000000| Untracked 
| 113|0x000000070e200000, 0x000000070e200000, 0x000000070e400000|  0%| F|  |TAMS 0x000000070e200000, 0x000000070e200000| Untracked 
| 114|0x000000070e400000, 0x000000070e400000, 0x000000070e600000|  0%| F|  |TAMS 0x000000070e400000, 0x000000070e400000| Untracked 
| 115|0x000000070e600000, 0x000000070e600000, 0x000000070e800000|  0%| F|  |TAMS 0x000000070e600000, 0x000000070e600000| Untracked 
| 116|0x000000070e800000, 0x000000070e800000, 0x000000070ea00000|  0%| F|  |TAMS 0x000000070e800000, 0x000000070e800000| Untracked 
| 117|0x000000070ea00000, 0x000000070ea00000, 0x000000070ec00000|  0%| F|  |TAMS 0x000000070ea00000, 0x000000070ea00000| Untracked 
| 118|0x000000070ec00000, 0x000000070ee00000, 0x000000070ee00000|100%| S|CS|TAMS 0x000000070ec00000, 0x000000070ec00000| Complete 
| 119|0x000000070ee00000, 0x000000070f000000, 0x000000070f000000|100%| S|CS|TAMS 0x000000070ee00000, 0x000000070ee00000| Complete 
| 120|0x000000070f000000, 0x000000070f200000, 0x000000070f200000|100%| S|CS|TAMS 0x000000070f000000, 0x000000070f000000| Complete 
| 121|0x000000070f200000, 0x000000070f400000, 0x000000070f400000|100%| S|CS|TAMS 0x000000070f200000, 0x000000070f200000| Complete 
| 122|0x000000070f400000, 0x000000070f600000, 0x000000070f600000|100%| S|CS|TAMS 0x000000070f400000, 0x000000070f400000| Complete 
| 123|0x000000070f600000, 0x000000070f800000, 0x000000070f800000|100%| S|CS|TAMS 0x000000070f600000, 0x000000070f600000| Complete 
| 124|0x000000070f800000, 0x000000070fa00000, 0x000000070fa00000|100%| S|CS|TAMS 0x000000070f800000, 0x000000070f800000| Complete 
| 125|0x000000070fa00000, 0x000000070fc00000, 0x000000070fc00000|100%| S|CS|TAMS 0x000000070fa00000, 0x000000070fa00000| Complete 
| 126|0x000000070fc00000, 0x000000070fe00000, 0x000000070fe00000|100%| S|CS|TAMS 0x000000070fc00000, 0x000000070fc00000| Complete 
| 127|0x000000070fe00000, 0x0000000710000000, 0x0000000710000000|100%| S|CS|TAMS 0x000000070fe00000, 0x000000070fe00000| Complete 
| 128|0x0000000710000000, 0x0000000710200000, 0x0000000710200000|100%| S|CS|TAMS 0x0000000710000000, 0x0000000710000000| Complete 
| 129|0x0000000710200000, 0x0000000710400000, 0x0000000710400000|100%| S|CS|TAMS 0x0000000710200000, 0x0000000710200000| Complete 
| 130|0x0000000710400000, 0x0000000710600000, 0x0000000710600000|100%| S|CS|TAMS 0x0000000710400000, 0x0000000710400000| Complete 
| 131|0x0000000710600000, 0x0000000710800000, 0x0000000710800000|100%| S|CS|TAMS 0x0000000710600000, 0x0000000710600000| Complete 
| 132|0x0000000710800000, 0x0000000710a00000, 0x0000000710a00000|100%| S|CS|TAMS 0x0000000710800000, 0x0000000710800000| Complete 
| 133|0x0000000710a00000, 0x0000000710a00000, 0x0000000710c00000|  0%| F|  |TAMS 0x0000000710a00000, 0x0000000710a00000| Untracked 
| 134|0x0000000710c00000, 0x0000000710c00000, 0x0000000710e00000|  0%| F|  |TAMS 0x0000000710c00000, 0x0000000710c00000| Untracked 
| 135|0x0000000710e00000, 0x0000000710e00000, 0x0000000711000000|  0%| F|  |TAMS 0x0000000710e00000, 0x0000000710e00000| Untracked 
| 136|0x0000000711000000, 0x0000000711000000, 0x0000000711200000|  0%| F|  |TAMS 0x0000000711000000, 0x0000000711000000| Untracked 
| 137|0x0000000711200000, 0x0000000711200000, 0x0000000711400000|  0%| F|  |TAMS 0x0000000711200000, 0x0000000711200000| Untracked 
| 138|0x0000000711400000, 0x0000000711400000, 0x0000000711600000|  0%| F|  |TAMS 0x0000000711400000, 0x0000000711400000| Untracked 
| 139|0x0000000711600000, 0x0000000711600000, 0x0000000711800000|  0%| F|  |TAMS 0x0000000711600000, 0x0000000711600000| Untracked 
| 140|0x0000000711800000, 0x0000000711800000, 0x0000000711a00000|  0%| F|  |TAMS 0x0000000711800000, 0x0000000711800000| Untracked 
| 141|0x0000000711a00000, 0x0000000711a00000, 0x0000000711c00000|  0%| F|  |TAMS 0x0000000711a00000, 0x0000000711a00000| Untracked 
| 142|0x0000000711c00000, 0x0000000711c00000, 0x0000000711e00000|  0%| F|  |TAMS 0x0000000711c00000, 0x0000000711c00000| Untracked 
| 143|0x0000000711e00000, 0x0000000711e00000, 0x0000000712000000|  0%| F|  |TAMS 0x0000000711e00000, 0x0000000711e00000| Untracked 
| 144|0x0000000712000000, 0x0000000712000000, 0x0000000712200000|  0%| F|  |TAMS 0x0000000712000000, 0x0000000712000000| Untracked 
| 145|0x0000000712200000, 0x0000000712200000, 0x0000000712400000|  0%| F|  |TAMS 0x0000000712200000, 0x0000000712200000| Untracked 
| 146|0x0000000712400000, 0x0000000712400000, 0x0000000712600000|  0%| F|  |TAMS 0x0000000712400000, 0x0000000712400000| Untracked 
| 147|0x0000000712600000, 0x0000000712600000, 0x0000000712800000|  0%| F|  |TAMS 0x0000000712600000, 0x0000000712600000| Untracked 
| 148|0x0000000712800000, 0x0000000712800000, 0x0000000712a00000|  0%| F|  |TAMS 0x0000000712800000, 0x0000000712800000| Untracked 
| 149|0x0000000712a00000, 0x0000000712a00000, 0x0000000712c00000|  0%| F|  |TAMS 0x0000000712a00000, 0x0000000712a00000| Untracked 
| 150|0x0000000712c00000, 0x0000000712c00000, 0x0000000712e00000|  0%| F|  |TAMS 0x0000000712c00000, 0x0000000712c00000| Untracked 
| 151|0x0000000712e00000, 0x0000000712e00000, 0x0000000713000000|  0%| F|  |TAMS 0x0000000712e00000, 0x0000000712e00000| Untracked 
| 152|0x0000000713000000, 0x0000000713000000, 0x0000000713200000|  0%| F|  |TAMS 0x0000000713000000, 0x0000000713000000| Untracked 
| 153|0x0000000713200000, 0x0000000713200000, 0x0000000713400000|  0%| F|  |TAMS 0x0000000713200000, 0x0000000713200000| Untracked 
| 154|0x0000000713400000, 0x0000000713400000, 0x0000000713600000|  0%| F|  |TAMS 0x0000000713400000, 0x0000000713400000| Untracked 
| 155|0x0000000713600000, 0x0000000713600000, 0x0000000713800000|  0%| F|  |TAMS 0x0000000713600000, 0x0000000713600000| Untracked 
| 156|0x0000000713800000, 0x0000000713800000, 0x0000000713a00000|  0%| F|  |TAMS 0x0000000713800000, 0x0000000713800000| Untracked 
| 157|0x0000000713a00000, 0x0000000713a00000, 0x0000000713c00000|  0%| F|  |TAMS 0x0000000713a00000, 0x0000000713a00000| Untracked 
| 158|0x0000000713c00000, 0x0000000713c00000, 0x0000000713e00000|  0%| F|  |TAMS 0x0000000713c00000, 0x0000000713c00000| Untracked 
| 159|0x0000000713e00000, 0x0000000713e00000, 0x0000000714000000|  0%| F|  |TAMS 0x0000000713e00000, 0x0000000713e00000| Untracked 
| 160|0x0000000714000000, 0x0000000714000000, 0x0000000714200000|  0%| F|  |TAMS 0x0000000714000000, 0x0000000714000000| Untracked 
| 161|0x0000000714200000, 0x0000000714200000, 0x0000000714400000|  0%| F|  |TAMS 0x0000000714200000, 0x0000000714200000| Untracked 
| 162|0x0000000714400000, 0x0000000714400000, 0x0000000714600000|  0%| F|  |TAMS 0x0000000714400000, 0x0000000714400000| Untracked 
| 163|0x0000000714600000, 0x0000000714600000, 0x0000000714800000|  0%| F|  |TAMS 0x0000000714600000, 0x0000000714600000| Untracked 
| 164|0x0000000714800000, 0x0000000714800000, 0x0000000714a00000|  0%| F|  |TAMS 0x0000000714800000, 0x0000000714800000| Untracked 
| 165|0x0000000714a00000, 0x0000000714a00000, 0x0000000714c00000|  0%| F|  |TAMS 0x0000000714a00000, 0x0000000714a00000| Untracked 
| 166|0x0000000714c00000, 0x0000000714c00000, 0x0000000714e00000|  0%| F|  |TAMS 0x0000000714c00000, 0x0000000714c00000| Untracked 
| 167|0x0000000714e00000, 0x0000000714e00000, 0x0000000715000000|  0%| F|  |TAMS 0x0000000714e00000, 0x0000000714e00000| Untracked 
| 168|0x0000000715000000, 0x0000000715000000, 0x0000000715200000|  0%| F|  |TAMS 0x0000000715000000, 0x0000000715000000| Untracked 
| 169|0x0000000715200000, 0x0000000715200000, 0x0000000715400000|  0%| F|  |TAMS 0x0000000715200000, 0x0000000715200000| Untracked 
| 170|0x0000000715400000, 0x0000000715400000, 0x0000000715600000|  0%| F|  |TAMS 0x0000000715400000, 0x0000000715400000| Untracked 
| 171|0x0000000715600000, 0x0000000715600000, 0x0000000715800000|  0%| F|  |TAMS 0x0000000715600000, 0x0000000715600000| Untracked 
| 172|0x0000000715800000, 0x0000000715800000, 0x0000000715a00000|  0%| F|  |TAMS 0x0000000715800000, 0x0000000715800000| Untracked 
| 173|0x0000000715a00000, 0x0000000715a00000, 0x0000000715c00000|  0%| F|  |TAMS 0x0000000715a00000, 0x0000000715a00000| Untracked 
| 174|0x0000000715c00000, 0x0000000715c00000, 0x0000000715e00000|  0%| F|  |TAMS 0x0000000715c00000, 0x0000000715c00000| Untracked 
| 175|0x0000000715e00000, 0x0000000715e00000, 0x0000000716000000|  0%| F|  |TAMS 0x0000000715e00000, 0x0000000715e00000| Untracked 
| 176|0x0000000716000000, 0x0000000716000000, 0x0000000716200000|  0%| F|  |TAMS 0x0000000716000000, 0x0000000716000000| Untracked 
| 177|0x0000000716200000, 0x0000000716200000, 0x0000000716400000|  0%| F|  |TAMS 0x0000000716200000, 0x0000000716200000| Untracked 
| 178|0x0000000716400000, 0x0000000716400000, 0x0000000716600000|  0%| F|  |TAMS 0x0000000716400000, 0x0000000716400000| Untracked 
| 179|0x0000000716600000, 0x0000000716600000, 0x0000000716800000|  0%| F|  |TAMS 0x0000000716600000, 0x0000000716600000| Untracked 
| 180|0x0000000716800000, 0x0000000716800000, 0x0000000716a00000|  0%| F|  |TAMS 0x0000000716800000, 0x0000000716800000| Untracked 
| 181|0x0000000716a00000, 0x0000000716a00000, 0x0000000716c00000|  0%| F|  |TAMS 0x0000000716a00000, 0x0000000716a00000| Untracked 
| 182|0x0000000716c00000, 0x0000000716c00000, 0x0000000716e00000|  0%| F|  |TAMS 0x0000000716c00000, 0x0000000716c00000| Untracked 
| 183|0x0000000716e00000, 0x0000000717000000, 0x0000000717000000|100%|HS|  |TAMS 0x0000000717000000, 0x0000000716e00000| Complete 
| 184|0x0000000717000000, 0x0000000717200000, 0x0000000717200000|100%|HC|  |TAMS 0x0000000717200000, 0x0000000717000000| Complete 
| 185|0x0000000717200000, 0x0000000717200000, 0x0000000717400000|  0%| F|  |TAMS 0x0000000717200000, 0x0000000717200000| Untracked 
| 186|0x0000000717400000, 0x0000000717400000, 0x0000000717600000|  0%| F|  |TAMS 0x0000000717400000, 0x0000000717400000| Untracked 
| 187|0x0000000717600000, 0x0000000717600000, 0x0000000717800000|  0%| F|  |TAMS 0x0000000717600000, 0x0000000717600000| Untracked 
| 188|0x0000000717800000, 0x0000000717800000, 0x0000000717a00000|  0%| F|  |TAMS 0x0000000717800000, 0x0000000717800000| Untracked 
| 189|0x0000000717a00000, 0x0000000717a00000, 0x0000000717c00000|  0%| F|  |TAMS 0x0000000717a00000, 0x0000000717a00000| Untracked 
| 190|0x0000000717c00000, 0x0000000717c00000, 0x0000000717e00000|  0%| F|  |TAMS 0x0000000717c00000, 0x0000000717c00000| Untracked 
| 191|0x0000000717e00000, 0x0000000717e00000, 0x0000000718000000|  0%| F|  |TAMS 0x0000000717e00000, 0x0000000717e00000| Untracked 
| 192|0x0000000718000000, 0x0000000718000000, 0x0000000718200000|  0%| F|  |TAMS 0x0000000718000000, 0x0000000718000000| Untracked 
| 193|0x0000000718200000, 0x0000000718200000, 0x0000000718400000|  0%| F|  |TAMS 0x0000000718200000, 0x0000000718200000| Untracked 
| 194|0x0000000718400000, 0x0000000718400000, 0x0000000718600000|  0%| F|  |TAMS 0x0000000718400000, 0x0000000718400000| Untracked 
| 195|0x0000000718600000, 0x0000000718600000, 0x0000000718800000|  0%| F|  |TAMS 0x0000000718600000, 0x0000000718600000| Untracked 
| 196|0x0000000718800000, 0x0000000718800000, 0x0000000718a00000|  0%| F|  |TAMS 0x0000000718800000, 0x0000000718800000| Untracked 
| 197|0x0000000718a00000, 0x0000000718a00000, 0x0000000718c00000|  0%| F|  |TAMS 0x0000000718a00000, 0x0000000718a00000| Untracked 
| 198|0x0000000718c00000, 0x0000000718c00000, 0x0000000718e00000|  0%| F|  |TAMS 0x0000000718c00000, 0x0000000718c00000| Untracked 
| 199|0x0000000718e00000, 0x0000000718e00000, 0x0000000719000000|  0%| F|  |TAMS 0x0000000718e00000, 0x0000000718e00000| Untracked 
| 200|0x0000000719000000, 0x0000000719000000, 0x0000000719200000|  0%| F|  |TAMS 0x0000000719000000, 0x0000000719000000| Untracked 
| 201|0x0000000719200000, 0x0000000719200000, 0x0000000719400000|  0%| F|  |TAMS 0x0000000719200000, 0x0000000719200000| Untracked 
| 202|0x0000000719400000, 0x0000000719400000, 0x0000000719600000|  0%| F|  |TAMS 0x0000000719400000, 0x0000000719400000| Untracked 
| 203|0x0000000719600000, 0x0000000719600000, 0x0000000719800000|  0%| F|  |TAMS 0x0000000719600000, 0x0000000719600000| Untracked 
| 204|0x0000000719800000, 0x0000000719800000, 0x0000000719a00000|  0%| F|  |TAMS 0x0000000719800000, 0x0000000719800000| Untracked 
| 205|0x0000000719a00000, 0x0000000719a00000, 0x0000000719c00000|  0%| F|  |TAMS 0x0000000719a00000, 0x0000000719a00000| Untracked 
| 206|0x0000000719c00000, 0x0000000719c00000, 0x0000000719e00000|  0%| F|  |TAMS 0x0000000719c00000, 0x0000000719c00000| Untracked 
| 207|0x0000000719e00000, 0x0000000719e00000, 0x000000071a000000|  0%| F|  |TAMS 0x0000000719e00000, 0x0000000719e00000| Untracked 
| 208|0x000000071a000000, 0x000000071a000000, 0x000000071a200000|  0%| F|  |TAMS 0x000000071a000000, 0x000000071a000000| Untracked 
| 209|0x000000071a200000, 0x000000071a200000, 0x000000071a400000|  0%| F|  |TAMS 0x000000071a200000, 0x000000071a200000| Untracked 
| 210|0x000000071a400000, 0x000000071a400000, 0x000000071a600000|  0%| F|  |TAMS 0x000000071a400000, 0x000000071a400000| Untracked 
| 211|0x000000071a600000, 0x000000071a600000, 0x000000071a800000|  0%| F|  |TAMS 0x000000071a600000, 0x000000071a600000| Untracked 
| 212|0x000000071a800000, 0x000000071a800000, 0x000000071aa00000|  0%| F|  |TAMS 0x000000071a800000, 0x000000071a800000| Untracked 
| 213|0x000000071aa00000, 0x000000071aa00000, 0x000000071ac00000|  0%| F|  |TAMS 0x000000071aa00000, 0x000000071aa00000| Untracked 
| 214|0x000000071ac00000, 0x000000071ac00000, 0x000000071ae00000|  0%| F|  |TAMS 0x000000071ac00000, 0x000000071ac00000| Untracked 
| 215|0x000000071ae00000, 0x000000071ae00000, 0x000000071b000000|  0%| F|  |TAMS 0x000000071ae00000, 0x000000071ae00000| Untracked 
| 216|0x000000071b000000, 0x000000071b000000, 0x000000071b200000|  0%| F|  |TAMS 0x000000071b000000, 0x000000071b000000| Untracked 
| 217|0x000000071b200000, 0x000000071b200000, 0x000000071b400000|  0%| F|  |TAMS 0x000000071b200000, 0x000000071b200000| Untracked 
| 218|0x000000071b400000, 0x000000071b400000, 0x000000071b600000|  0%| F|  |TAMS 0x000000071b400000, 0x000000071b400000| Untracked 
| 219|0x000000071b600000, 0x000000071b600000, 0x000000071b800000|  0%| F|  |TAMS 0x000000071b600000, 0x000000071b600000| Untracked 
| 220|0x000000071b800000, 0x000000071b800000, 0x000000071ba00000|  0%| F|  |TAMS 0x000000071b800000, 0x000000071b800000| Untracked 
| 221|0x000000071ba00000, 0x000000071ba00000, 0x000000071bc00000|  0%| F|  |TAMS 0x000000071ba00000, 0x000000071ba00000| Untracked 
| 222|0x000000071bc00000, 0x000000071bc00000, 0x000000071be00000|  0%| F|  |TAMS 0x000000071bc00000, 0x000000071bc00000| Untracked 
| 223|0x000000071be00000, 0x000000071be00000, 0x000000071c000000|  0%| F|  |TAMS 0x000000071be00000, 0x000000071be00000| Untracked 
| 224|0x000000071c000000, 0x000000071c000000, 0x000000071c200000|  0%| F|  |TAMS 0x000000071c000000, 0x000000071c000000| Untracked 
| 225|0x000000071c200000, 0x000000071c200000, 0x000000071c400000|  0%| F|  |TAMS 0x000000071c200000, 0x000000071c200000| Untracked 
| 226|0x000000071c400000, 0x000000071c400000, 0x000000071c600000|  0%| F|  |TAMS 0x000000071c400000, 0x000000071c400000| Untracked 
| 227|0x000000071c600000, 0x000000071c600000, 0x000000071c800000|  0%| F|  |TAMS 0x000000071c600000, 0x000000071c600000| Untracked 
| 228|0x000000071c800000, 0x000000071c800000, 0x000000071ca00000|  0%| F|  |TAMS 0x000000071c800000, 0x000000071c800000| Untracked 
| 229|0x000000071ca00000, 0x000000071ca00000, 0x000000071cc00000|  0%| F|  |TAMS 0x000000071ca00000, 0x000000071ca00000| Untracked 
| 230|0x000000071cc00000, 0x000000071cc00000, 0x000000071ce00000|  0%| F|  |TAMS 0x000000071cc00000, 0x000000071cc00000| Untracked 
| 231|0x000000071ce00000, 0x000000071ce00000, 0x000000071d000000|  0%| F|  |TAMS 0x000000071ce00000, 0x000000071ce00000| Untracked 
| 232|0x000000071d000000, 0x000000071d000000, 0x000000071d200000|  0%| F|  |TAMS 0x000000071d000000, 0x000000071d000000| Untracked 
| 233|0x000000071d200000, 0x000000071d200000, 0x000000071d400000|  0%| F|  |TAMS 0x000000071d200000, 0x000000071d200000| Untracked 
| 234|0x000000071d400000, 0x000000071d400000, 0x000000071d600000|  0%| F|  |TAMS 0x000000071d400000, 0x000000071d400000| Untracked 
| 235|0x000000071d600000, 0x000000071d600000, 0x000000071d800000|  0%| F|  |TAMS 0x000000071d600000, 0x000000071d600000| Untracked 
| 236|0x000000071d800000, 0x000000071d800000, 0x000000071da00000|  0%| F|  |TAMS 0x000000071d800000, 0x000000071d800000| Untracked 
| 237|0x000000071da00000, 0x000000071da00000, 0x000000071dc00000|  0%| F|  |TAMS 0x000000071da00000, 0x000000071da00000| Untracked 
| 238|0x000000071dc00000, 0x000000071dc09110, 0x000000071de00000|  1%| E|  |TAMS 0x000000071dc00000, 0x000000071dc00000| Complete 
| 239|0x000000071de00000, 0x000000071e000000, 0x000000071e000000|100%| E|CS|TAMS 0x000000071de00000, 0x000000071de00000| Complete 
| 240|0x000000071e000000, 0x000000071e200000, 0x000000071e200000|100%| E|CS|TAMS 0x000000071e000000, 0x000000071e000000| Complete 
| 241|0x000000071e200000, 0x000000071e400000, 0x000000071e400000|100%| E|CS|TAMS 0x000000071e200000, 0x000000071e200000| Complete 
| 242|0x000000071e400000, 0x000000071e600000, 0x000000071e600000|100%| E|CS|TAMS 0x000000071e400000, 0x000000071e400000| Complete 
| 243|0x000000071e600000, 0x000000071e800000, 0x000000071e800000|100%| E|CS|TAMS 0x000000071e600000, 0x000000071e600000| Complete 
| 244|0x000000071e800000, 0x000000071ea00000, 0x000000071ea00000|100%| E|CS|TAMS 0x000000071e800000, 0x000000071e800000| Complete 
| 245|0x000000071ea00000, 0x000000071ec00000, 0x000000071ec00000|100%| E|CS|TAMS 0x000000071ea00000, 0x000000071ea00000| Complete 
| 246|0x000000071ec00000, 0x000000071ee00000, 0x000000071ee00000|100%| E|CS|TAMS 0x000000071ec00000, 0x000000071ec00000| Complete 
| 247|0x000000071ee00000, 0x000000071f000000, 0x000000071f000000|100%| E|CS|TAMS 0x000000071ee00000, 0x000000071ee00000| Complete 
| 248|0x000000071f000000, 0x000000071f200000, 0x000000071f200000|100%| E|CS|TAMS 0x000000071f000000, 0x000000071f000000| Complete 
| 249|0x000000071f200000, 0x000000071f400000, 0x000000071f400000|100%| E|CS|TAMS 0x000000071f200000, 0x000000071f200000| Complete 
| 250|0x000000071f400000, 0x000000071f600000, 0x000000071f600000|100%| E|  |TAMS 0x000000071f400000, 0x000000071f400000| Complete 
| 251|0x000000071f600000, 0x000000071f800000, 0x000000071f800000|100%| E|CS|TAMS 0x000000071f600000, 0x000000071f600000| Complete 
| 252|0x000000071f800000, 0x000000071fa00000, 0x000000071fa00000|100%| E|CS|TAMS 0x000000071f800000, 0x000000071f800000| Complete 
| 253|0x000000071fa00000, 0x000000071fc00000, 0x000000071fc00000|100%| E|CS|TAMS 0x000000071fa00000, 0x000000071fa00000| Complete 

Card table byte_map: [0x00000237accf0000,0x00000237ad4f0000] _byte_map_base: 0x00000237a94f0000

Marking Bits (Prev, Next): (CMBitMap*) 0x000002379a08f680, (CMBitMap*) 0x000002379a08f6c0
 Prev Bits: [0x00000237adcf0000, 0x00000237b1cf0000)
 Next Bits: [0x00000237b1cf0000, 0x00000237b5cf0000)

Polling page: 0x0000023797e10000

Metaspace:

Usage:
  Non-class:    120.83 MB used.
      Class:     18.94 MB used.
       Both:    139.77 MB used.

Virtual space:
  Non-class space:      160.00 MB reserved,     125.94 MB ( 79%) committed,  20 nodes.
      Class space:        1.00 GB reserved,      20.69 MB (  2%) committed,  1 nodes.
             Both:        1.16 GB reserved,     146.62 MB ( 12%) committed. 

Chunk freelists:
   Non-Class:  33.44 MB
       Class:  8.43 MB
        Both:  41.86 MB

MaxMetaspaceSize: unlimited
CompressedClassSpaceSize: 1.00 GB
Initial GC threshold: 21.00 MB
Current GC threshold: 294.69 MB
CDS: off
MetaspaceReclaimPolicy: balanced
 - commit_granule_bytes: 65536.
 - commit_granule_words: 8192.
 - virtual_space_node_default_size: 1048576.
 - enlarge_chunks_in_place: 1.
 - new_chunks_are_fully_committed: 0.
 - uncommit_free_chunks: 1.
 - use_allocation_guard: 0.
 - handle_deallocations: 1.


Internal statistics:

num_allocs_failed_limit: 20.
num_arena_births: 2624.
num_arena_deaths: 412.
num_vsnodes_births: 21.
num_vsnodes_deaths: 0.
num_space_committed: 2849.
num_space_uncommitted: 503.
num_chunks_returned_to_freelist: 1873.
num_chunks_taken_from_freelist: 10079.
num_chunk_merges: 700.
num_chunk_splits: 6570.
num_chunks_enlarged: 4191.
num_purges: 6.
num_inconsistent_stats: 0.

CodeHeap 'non-profiled nmethods': size=120000Kb used=18276Kb max_used=18605Kb free=101723Kb
 bounds [0x00000237a4fc0000, 0x00000237a6210000, 0x00000237ac4f0000]
CodeHeap 'profiled nmethods': size=120000Kb used=41275Kb max_used=45041Kb free=78724Kb
 bounds [0x000002379d4f0000, 0x00000237a00f0000, 0x00000237a4a20000]
CodeHeap 'non-nmethods': size=5760Kb used=2527Kb max_used=2610Kb free=3232Kb
 bounds [0x00000237a4a20000, 0x00000237a4cb0000, 0x00000237a4fc0000]
 total_blobs=22832 nmethods=21743 adapters=999
 compilation: enabled
              stopped_count=0, restarted_count=0
 full_count=0

Compilation events (20 events):
Event: 4654.745 Thread 0x00000237bd8c2480 29634       4       org.gradle.execution.plan.LocalTaskNodeExecutor$1::visitCollection (16 bytes)
Event: 4654.747 Thread 0x00000237bd8c2480 nmethod 29634 0x00000237a5466710 code [0x00000237a54668a0, 0x00000237a5466998]
Event: 4654.747 Thread 0x00000237bd8c2480 29633       4       org.gradle.internal.watch.registry.impl.SnapshotCollectingDiffListener::publishSnapshotDiff (39 bytes)
Event: 4654.823 Thread 0x00000237b8c4e010 nmethod 29630 0x00000237a61f8910 code [0x00000237a61f8ea0, 0x00000237a61fe5a0]
Event: 4655.034 Thread 0x00000237bd8c2480 nmethod 29633 0x00000237a5af4290 code [0x00000237a5af46a0, 0x00000237a5af7190]
Event: 4668.929 Thread 0x00000237b8caed40 29658       3       org.gradle.internal.io.LineBufferingOutputStream::write (59 bytes)
Event: 4668.930 Thread 0x00000237b8caed40 nmethod 29658 0x000002379d912390 code [0x000002379d912640, 0x000002379d913498]
Event: 4668.931 Thread 0x00000237b8caed40 29659       3       org.gradle.internal.io.StreamByteBuffer$StreamByteBufferOutputStream::write (22 bytes)
Event: 4668.931 Thread 0x00000237b8caed40 nmethod 29659 0x000002379df5bb90 code [0x000002379df5bd40, 0x000002379df5bf18]
Event: 4668.931 Thread 0x00000237b8caed40 29660       3       org.gradle.internal.io.StreamByteBuffer$StreamByteBufferChunk::write (32 bytes)
Event: 4668.931 Thread 0x00000237b8caed40 nmethod 29660 0x000002379dbc6710 code [0x000002379dbc68c0, 0x000002379dbc6a78]
Event: 4668.939 Thread 0x00000237b8caed40 29661       3       java.nio.charset.CharsetDecoder::onUnmappableCharacter (26 bytes)
Event: 4668.939 Thread 0x00000237b8caed40 nmethod 29661 0x000002379d7dd290 code [0x000002379d7dd440, 0x000002379d7dd7a8]
Event: 4668.939 Thread 0x00000237b8caed40 29662       3       java.nio.charset.CharsetDecoder::implOnUnmappableCharacter (1 bytes)
Event: 4668.939 Thread 0x00000237b8caed40 nmethod 29662 0x000002379d848090 code [0x000002379d848220, 0x000002379d848338]
Event: 4668.940 Thread 0x00000237b8c4e010 29663       4       org.gradle.internal.logging.sink.OutputEventTransformer::onOutput (399 bytes)
Event: 4668.941 Thread 0x00000237b8caed40 29664       3       org.gradle.internal.logging.services.TextStreamOutputEventListener::onOutput (45 bytes)
Event: 4668.941 Thread 0x00000237b8caed40 nmethod 29664 0x000002379d629b90 code [0x000002379d629d80, 0x000002379d62a538]
Event: 4668.941 Thread 0x00000237b8caed40 29665       3       org.gradle.internal.io.StreamByteBuffer::hasRemaining (17 bytes)
Event: 4668.942 Thread 0x00000237b8caed40 nmethod 29665 0x000002379dfefe10 code [0x000002379dfeffc0, 0x000002379dff0238]

GC Heap History (20 events):
Event: 119.475 GC heap before
{Heap before GC invocations=82 (full 0):
 garbage-first heap   total 774144K, used 647543K [0x0000000700000000, 0x0000000800000000)
  region size 2048K, 74 young (151552K), 11 survivors (22528K)
 Metaspace       used 159996K, committed 161536K, reserved 1196032K
  class space    used 21588K, committed 22208K, reserved 1048576K
}
Event: 119.506 GC heap after
{Heap after GC invocations=83 (full 0):
 garbage-first heap   total 774144K, used 530127K [0x0000000700000000, 0x0000000800000000)
  region size 2048K, 7 young (14336K), 7 survivors (14336K)
 Metaspace       used 159996K, committed 161536K, reserved 1196032K
  class space    used 21588K, committed 22208K, reserved 1048576K
}
Event: 143.992 GC heap before
{Heap before GC invocations=83 (full 0):
 garbage-first heap   total 774144K, used 638671K [0x0000000700000000, 0x0000000800000000)
  region size 2048K, 60 young (122880K), 7 survivors (14336K)
 Metaspace       used 168741K, committed 170304K, reserved 1196032K
  class space    used 22725K, committed 23360K, reserved 1048576K
}
Event: 144.013 GC heap after
{Heap after GC invocations=84 (full 0):
 garbage-first heap   total 774144K, used 516155K [0x0000000700000000, 0x0000000800000000)
  region size 2048K, 3 young (6144K), 3 survivors (6144K)
 Metaspace       used 168741K, committed 170304K, reserved 1196032K
  class space    used 22725K, committed 23360K, reserved 1048576K
}
Event: 146.718 GC heap before
{Heap before GC invocations=84 (full 0):
 garbage-first heap   total 774144K, used 641083K [0x0000000700000000, 0x0000000800000000)
  region size 2048K, 65 young (133120K), 3 survivors (6144K)
 Metaspace       used 172726K, committed 174400K, reserved 1204224K
  class space    used 23311K, committed 24064K, reserved 1048576K
}
Event: 146.746 GC heap after
{Heap after GC invocations=85 (full 0):
 garbage-first heap   total 774144K, used 530423K [0x0000000700000000, 0x0000000800000000)
  region size 2048K, 9 young (18432K), 9 survivors (18432K)
 Metaspace       used 172726K, committed 174400K, reserved 1204224K
  class space    used 23311K, committed 24064K, reserved 1048576K
}
Event: 147.823 GC heap before
{Heap before GC invocations=85 (full 0):
 garbage-first heap   total 774144K, used 585719K [0x0000000700000000, 0x0000000800000000)
  region size 2048K, 37 young (75776K), 9 survivors (18432K)
 Metaspace       used 174716K, committed 176320K, reserved 1204224K
  class space    used 23563K, committed 24256K, reserved 1048576K
}
Event: 147.856 GC heap after
{Heap after GC invocations=86 (full 0):
 garbage-first heap   total 774144K, used 539576K [0x0000000700000000, 0x0000000800000000)
  region size 2048K, 5 young (10240K), 5 survivors (10240K)
 Metaspace       used 174716K, committed 176320K, reserved 1204224K
  class space    used 23563K, committed 24256K, reserved 1048576K
}
Event: 150.774 GC heap before
{Heap before GC invocations=87 (full 0):
 garbage-first heap   total 829440K, used 576440K [0x0000000700000000, 0x0000000800000000)
  region size 2048K, 59 young (120832K), 5 survivors (10240K)
 Metaspace       used 176254K, committed 177920K, reserved 1204224K
  class space    used 23665K, committed 24384K, reserved 1048576K
}
Event: 150.792 GC heap after
{Heap after GC invocations=88 (full 0):
 garbage-first heap   total 829440K, used 472417K [0x0000000700000000, 0x0000000800000000)
  region size 2048K, 7 young (14336K), 7 survivors (14336K)
 Metaspace       used 176254K, committed 177920K, reserved 1204224K
  class space    used 23665K, committed 24384K, reserved 1048576K
}
Event: 151.096 GC heap before
{Heap before GC invocations=88 (full 0):
 garbage-first heap   total 829440K, used 496993K [0x0000000700000000, 0x0000000800000000)
  region size 2048K, 20 young (40960K), 7 survivors (14336K)
 Metaspace       used 176333K, committed 177984K, reserved 1204224K
  class space    used 23669K, committed 24384K, reserved 1048576K
}
Event: 151.151 GC heap after
{Heap after GC invocations=89 (full 0):
 garbage-first heap   total 829440K, used 400081K [0x0000000700000000, 0x0000000800000000)
  region size 2048K, 3 young (6144K), 3 survivors (6144K)
 Metaspace       used 176333K, committed 177984K, reserved 1204224K
  class space    used 23669K, committed 24384K, reserved 1048576K
}
Event: 151.389 GC heap before
{Heap before GC invocations=89 (full 0):
 garbage-first heap   total 829440K, used 434897K [0x0000000700000000, 0x0000000800000000)
  region size 2048K, 20 young (40960K), 3 survivors (6144K)
 Metaspace       used 176345K, committed 177984K, reserved 1204224K
  class space    used 23669K, committed 24384K, reserved 1048576K
}
Event: 151.470 GC heap after
{Heap after GC invocations=90 (full 0):
 garbage-first heap   total 829440K, used 342339K [0x0000000700000000, 0x0000000800000000)
  region size 2048K, 3 young (6144K), 3 survivors (6144K)
 Metaspace       used 176345K, committed 177984K, reserved 1204224K
  class space    used 23669K, committed 24384K, reserved 1048576K
}
Event: 490.994 GC heap before
{Heap before GC invocations=90 (full 0):
 garbage-first heap   total 829440K, used 799043K [0x0000000700000000, 0x0000000800000000)
  region size 2048K, 58 young (118784K), 3 survivors (6144K)
 Metaspace       used 179406K, committed 181056K, reserved 1212416K
  class space    used 24082K, committed 24768K, reserved 1048576K
}
Event: 491.012 GC heap after
{Heap after GC invocations=91 (full 0):
 garbage-first heap   total 829440K, used 342714K [0x0000000700000000, 0x0000000800000000)
  region size 2048K, 4 young (8192K), 4 survivors (8192K)
 Metaspace       used 179406K, committed 181056K, reserved 1212416K
  class space    used 24082K, committed 24768K, reserved 1048576K
}
Event: 4091.935 GC heap before
{Heap before GC invocations=92 (full 0):
 garbage-first heap   total 829440K, used 395962K [0x0000000700000000, 0x0000000800000000)
  region size 2048K, 49 young (100352K), 4 survivors (8192K)
 Metaspace       used 179596K, committed 181184K, reserved 1212416K
  class space    used 24080K, committed 24768K, reserved 1048576K
}
Event: 4092.614 GC heap after
{Heap after GC invocations=93 (full 1):
 garbage-first heap   total 520192K, used 148465K [0x0000000700000000, 0x0000000800000000)
  region size 2048K, 0 young (0K), 0 survivors (0K)
 Metaspace       used 179596K, committed 181184K, reserved 1212416K
  class space    used 24080K, committed 24768K, reserved 1048576K
}
Event: 4652.512 GC heap before
{Heap before GC invocations=93 (full 1):
 garbage-first heap   total 520192K, used 390129K [0x0000000700000000, 0x0000000800000000)
  region size 2048K, 119 young (243712K), 0 survivors (0K)
 Metaspace       used 180701K, committed 182464K, reserved 1212416K
  class space    used 24190K, committed 24960K, reserved 1048576K
}
Event: 4652.710 GC heap after
{Heap after GC invocations=94 (full 1):
 garbage-first heap   total 520192K, used 186070K [0x0000000700000000, 0x0000000800000000)
  region size 2048K, 15 young (30720K), 15 survivors (30720K)
 Metaspace       used 180701K, committed 182464K, reserved 1212416K
  class space    used 24190K, committed 24960K, reserved 1048576K
}

Dll operation events (2 events):
Event: 0.022 Loaded shared library C:\Program Files\Android\Android Studio\jbr\bin\java.dll
Event: 1.542 Loaded shared library C:\Program Files\Android\Android Studio\jbr\bin\verify.dll

Deoptimization events (20 events):
Event: 4668.928 Thread 0x00000237bd5591b0 Uncommon trap: trap_request=0xffffffde fr.pc=0x00000237a527f448 relative=0x0000000000001488
Event: 4668.928 Thread 0x00000237bd5591b0 Uncommon trap: reason=class_check action=maybe_recompile pc=0x00000237a527f448 method=org.gradle.internal.logging.sink.OutputEventTransformer.onOutput(Lorg/gradle/internal/logging/events/OutputEvent;)V @ 335 c2
Event: 4668.928 Thread 0x00000237bd5591b0 DEOPT PACKING pc=0x00000237a527f448 sp=0x000000c487dfecd0
Event: 4668.928 Thread 0x00000237bd5591b0 DEOPT UNPACKING pc=0x00000237a4a769a3 sp=0x000000c487dfec98 mode 2
Event: 4668.929 Thread 0x00000237bd5591b0 Uncommon trap: trap_request=0xffffffde fr.pc=0x00000237a5b71b18 relative=0x00000000000004b8
Event: 4668.929 Thread 0x00000237bd5591b0 Uncommon trap: reason=class_check action=maybe_recompile pc=0x00000237a5b71b18 method=org.gradle.internal.logging.sink.ProgressLogEventGenerator.onOutput(Lorg/gradle/internal/logging/events/OutputEvent;)V @ 37 c2
Event: 4668.929 Thread 0x00000237bd5591b0 DEOPT PACKING pc=0x00000237a5b71b18 sp=0x000000c487dfea70
Event: 4668.929 Thread 0x00000237bd5591b0 DEOPT UNPACKING pc=0x00000237a4a769a3 sp=0x000000c487dfe9c0 mode 2
Event: 4668.929 Thread 0x00000237bd5591b0 Uncommon trap: trap_request=0xffffffde fr.pc=0x00000237a527f448 relative=0x0000000000001488
Event: 4668.929 Thread 0x00000237bd5591b0 Uncommon trap: reason=class_check action=maybe_recompile pc=0x00000237a527f448 method=org.gradle.internal.logging.sink.OutputEventTransformer.onOutput(Lorg/gradle/internal/logging/events/OutputEvent;)V @ 335 c2
Event: 4668.929 Thread 0x00000237bd5591b0 DEOPT PACKING pc=0x00000237a527f448 sp=0x000000c487dfecd0
Event: 4668.929 Thread 0x00000237bd5591b0 DEOPT UNPACKING pc=0x00000237a4a769a3 sp=0x000000c487dfec98 mode 2
Event: 4668.929 Thread 0x00000237bd5591b0 Uncommon trap: trap_request=0xffffffde fr.pc=0x00000237a5b71b18 relative=0x00000000000004b8
Event: 4668.929 Thread 0x00000237bd5591b0 Uncommon trap: reason=class_check action=maybe_recompile pc=0x00000237a5b71b18 method=org.gradle.internal.logging.sink.ProgressLogEventGenerator.onOutput(Lorg/gradle/internal/logging/events/OutputEvent;)V @ 37 c2
Event: 4668.929 Thread 0x00000237bd5591b0 DEOPT PACKING pc=0x00000237a5b71b18 sp=0x000000c487dfea70
Event: 4668.929 Thread 0x00000237bd5591b0 DEOPT UNPACKING pc=0x00000237a4a769a3 sp=0x000000c487dfe9c0 mode 2
Event: 4668.929 Thread 0x00000237bd5591b0 Uncommon trap: trap_request=0xffffffde fr.pc=0x00000237a527f448 relative=0x0000000000001488
Event: 4668.929 Thread 0x00000237bd5591b0 Uncommon trap: reason=class_check action=maybe_recompile pc=0x00000237a527f448 method=org.gradle.internal.logging.sink.OutputEventTransformer.onOutput(Lorg/gradle/internal/logging/events/OutputEvent;)V @ 335 c2
Event: 4668.929 Thread 0x00000237bd5591b0 DEOPT PACKING pc=0x00000237a527f448 sp=0x000000c487dfecd0
Event: 4668.929 Thread 0x00000237bd5591b0 DEOPT UNPACKING pc=0x00000237a4a769a3 sp=0x000000c487dfec98 mode 2

Classes unloaded (20 events):
Event: 4653.426 Thread 0x00000237b81a0e30 Unloading class 0x0000000800231c00 'java/lang/invoke/LambdaForm$MH+0x0000000800231c00'
Event: 4653.426 Thread 0x00000237b81a0e30 Unloading class 0x0000000800231800 'java/lang/invoke/LambdaForm$MH+0x0000000800231800'
Event: 4653.426 Thread 0x00000237b81a0e30 Unloading class 0x0000000800231400 'java/lang/invoke/LambdaForm$MH+0x0000000800231400'
Event: 4653.426 Thread 0x00000237b81a0e30 Unloading class 0x0000000800231000 'java/lang/invoke/LambdaForm$MH+0x0000000800231000'
Event: 4653.426 Thread 0x00000237b81a0e30 Unloading class 0x0000000800230c00 'java/lang/invoke/LambdaForm$BMH+0x0000000800230c00'
Event: 4653.426 Thread 0x00000237b81a0e30 Unloading class 0x00000008001ba400 'java/lang/invoke/LambdaForm$DMH+0x00000008001ba400'
Event: 4653.426 Thread 0x00000237b81a0e30 Unloading class 0x00000008001b9c00 'java/lang/invoke/LambdaForm$DMH+0x00000008001b9c00'
Event: 4653.426 Thread 0x00000237b81a0e30 Unloading class 0x00000008001b9800 'java/lang/invoke/LambdaForm$MH+0x00000008001b9800'
Event: 4653.426 Thread 0x00000237b81a0e30 Unloading class 0x00000008001b9400 'java/lang/invoke/LambdaForm$MH+0x00000008001b9400'
Event: 4653.426 Thread 0x00000237b81a0e30 Unloading class 0x00000008001b9000 'java/lang/invoke/LambdaForm$MH+0x00000008001b9000'
Event: 4653.426 Thread 0x00000237b81a0e30 Unloading class 0x00000008001b8c00 'java/lang/invoke/LambdaForm$MH+0x00000008001b8c00'
Event: 4653.426 Thread 0x00000237b81a0e30 Unloading class 0x00000008001b8800 'java/lang/invoke/LambdaForm$MH+0x00000008001b8800'
Event: 4653.426 Thread 0x00000237b81a0e30 Unloading class 0x0000000800192800 'java/lang/invoke/LambdaForm$MH+0x0000000800192800'
Event: 4653.426 Thread 0x00000237b81a0e30 Unloading class 0x0000000800192000 'java/lang/invoke/LambdaForm$MH+0x0000000800192000'
Event: 4653.426 Thread 0x00000237b81a0e30 Unloading class 0x0000000800191c00 'java/lang/invoke/LambdaForm$MH+0x0000000800191c00'
Event: 4653.426 Thread 0x00000237b81a0e30 Unloading class 0x0000000800191800 'java/lang/invoke/LambdaForm$MH+0x0000000800191800'
Event: 4653.426 Thread 0x00000237b81a0e30 Unloading class 0x0000000800191400 'java/lang/invoke/LambdaForm$MH+0x0000000800191400'
Event: 4653.426 Thread 0x00000237b81a0e30 Unloading class 0x00000008000a6c00 'java/lang/invoke/LambdaForm$MH+0x00000008000a6c00'
Event: 4653.426 Thread 0x00000237b81a0e30 Unloading class 0x00000008000a6800 'java/lang/invoke/LambdaForm$MH+0x00000008000a6800'
Event: 4653.426 Thread 0x00000237b81a0e30 Unloading class 0x00000008000a4400 'java/lang/invoke/LambdaForm$MH+0x00000008000a4400'

Classes redefined (0 events):
No events

Internal exceptions (20 events):
Event: 4645.516 Thread 0x00000237bf55b9a0 Exception <a 'java/lang/NoClassDefFoundError'{0x0000000717817990}: org/jetbrains/kotlin/gradle/plugin/KotlinBasePluginWrapper> (0x0000000717817990) 
thrown [s\src\hotspot\share\oops\constantPool.cpp, line 835]
Event: 4646.690 Thread 0x00000237bf55b9a0 Exception <a 'java/lang/NoClassDefFoundError'{0x000000071663bb10}: org/jetbrains/kotlin/gradle/plugin/KotlinBasePluginWrapper> (0x000000071663bb10) 
thrown [s\src\hotspot\share\oops\constantPool.cpp, line 835]
Event: 4647.408 Thread 0x00000237bf55b9a0 Exception <a 'java/lang/NoClassDefFoundError'{0x0000000715d2c2a0}: org/jetbrains/kotlin/gradle/plugin/KotlinBasePluginWrapper> (0x0000000715d2c2a0) 
thrown [s\src\hotspot\share\oops\constantPool.cpp, line 835]
Event: 4648.175 Thread 0x00000237bf55b9a0 Exception <a 'java/lang/NoClassDefFoundError'{0x00000007153d17b0}: org/jetbrains/kotlin/gradle/plugin/KotlinBasePluginWrapper> (0x00000007153d17b0) 
thrown [s\src\hotspot\share\oops\constantPool.cpp, line 835]
Event: 4649.259 Thread 0x00000237bf55b9a0 Exception <a 'java/lang/NoClassDefFoundError'{0x0000000714857ae0}: org/jetbrains/kotlin/gradle/plugin/KotlinBasePluginWrapper> (0x0000000714857ae0) 
thrown [s\src\hotspot\share\oops\constantPool.cpp, line 835]
Event: 4649.696 Thread 0x00000237bf55b9a0 Exception <a 'java/lang/NoClassDefFoundError'{0x0000000713f424c8}: org/jetbrains/kotlin/gradle/plugin/KotlinBasePluginWrapper> (0x0000000713f424c8) 
thrown [s\src\hotspot\share\oops\constantPool.cpp, line 835]
Event: 4649.925 Thread 0x00000237bf55b9a0 Exception <a 'sun/nio/fs/WindowsException'{0x000000071381a420}> (0x000000071381a420) 
thrown [s\src\hotspot\share\prims\jni.cpp, line 517]
Event: 4649.988 Thread 0x00000237bf55b9a0 Exception <a 'sun/nio/fs/WindowsException'{0x00000007138b6e80}> (0x00000007138b6e80) 
thrown [s\src\hotspot\share\prims\jni.cpp, line 517]
Event: 4649.991 Thread 0x00000237bf55b9a0 Exception <a 'sun/nio/fs/WindowsException'{0x00000007138b80e8}> (0x00000007138b80e8) 
thrown [s\src\hotspot\share\prims\jni.cpp, line 517]
Event: 4649.992 Thread 0x00000237bf55b9a0 Exception <a 'sun/nio/fs/WindowsException'{0x00000007138b93a0}> (0x00000007138b93a0) 
thrown [s\src\hotspot\share\prims\jni.cpp, line 517]
Event: 4649.992 Thread 0x00000237bf55b9a0 Exception <a 'sun/nio/fs/WindowsException'{0x00000007138ba658}> (0x00000007138ba658) 
thrown [s\src\hotspot\share\prims\jni.cpp, line 517]
Event: 4653.919 Thread 0x00000237bd78ab90 Implicit null exception at 0x00000237a546d1c4 to 0x00000237a546e724
Event: 4654.599 Thread 0x00000237bd78ab90 Implicit null exception at 0x00000237a5163e4c to 0x00000237a5164058
Event: 4654.605 Thread 0x00000237bd78ab90 Implicit null exception at 0x00000237a5b4dfcb to 0x00000237a5b5449c
Event: 4654.618 Thread 0x00000237bd78ab90 Implicit null exception at 0x00000237a518a03d to 0x00000237a518e000
Event: 4654.623 Thread 0x00000237bd78ab90 Implicit null exception at 0x00000237a527a278 to 0x00000237a527a694
Event: 4654.647 Thread 0x00000237bd78ab90 Implicit null exception at 0x00000237a4ff9e67 to 0x00000237a4ffa0c8
Event: 4654.648 Thread 0x00000237bd78ab90 Implicit null exception at 0x00000237a5359ee6 to 0x00000237a5359fa8
Event: 4654.651 Thread 0x00000237bd78ab90 Implicit null exception at 0x00000237a54f440e to 0x00000237a54fa6e0
Event: 4654.655 Thread 0x00000237bd78ab90 Implicit null exception at 0x00000237a609da14 to 0x00000237a609e1f4

VM Operations (20 events):
Event: 4651.699 Executing VM operation: HandshakeAllThreads
Event: 4651.700 Executing VM operation: HandshakeAllThreads done
Event: 4652.309 Executing VM operation: ICBufferFull
Event: 4652.309 Executing VM operation: ICBufferFull done
Event: 4652.512 Executing VM operation: G1CollectForAllocation
Event: 4652.711 Executing VM operation: G1CollectForAllocation done
Event: 4653.144 Executing VM operation: G1Concurrent
Event: 4653.661 Executing VM operation: G1Concurrent done
Event: 4653.661 Executing VM operation: HandshakeAllThreads
Event: 4653.742 Executing VM operation: HandshakeAllThreads done
Event: 4653.799 Executing VM operation: HandshakeAllThreads
Event: 4653.837 Executing VM operation: HandshakeAllThreads done
Event: 4653.837 Executing VM operation: G1Concurrent
Event: 4653.863 Executing VM operation: G1Concurrent done
Event: 4654.879 Executing VM operation: Cleanup
Event: 4654.879 Executing VM operation: Cleanup done
Event: 4655.879 Executing VM operation: Cleanup
Event: 4655.879 Executing VM operation: Cleanup done
Event: 4668.960 Executing VM operation: Cleanup
Event: 4668.960 Executing VM operation: Cleanup done

Events (20 events):
Event: 4653.915 Thread 0x00000237b8cbb280 flushing nmethod 0x000002379fe30410
Event: 4653.915 Thread 0x00000237b8cbb280 flushing nmethod 0x000002379fe34f90
Event: 4653.915 Thread 0x00000237b8cbb280 flushing nmethod 0x000002379fe35790
Event: 4653.915 Thread 0x00000237b8cbb280 flushing nmethod 0x000002379fe35e90
Event: 4653.915 Thread 0x00000237b8cbb280 flushing nmethod 0x000002379fe37990
Event: 4653.915 Thread 0x00000237b8cbb280 flushing nmethod 0x000002379fe38310
Event: 4653.915 Thread 0x00000237b8cbb280 flushing nmethod 0x000002379fe38a10
Event: 4653.915 Thread 0x00000237b8cbb280 flushing nmethod 0x000002379fe64e90
Event: 4653.915 Thread 0x00000237b8cbb280 flushing nmethod 0x000002379fe7c390
Event: 4653.915 Thread 0x00000237b8cbb280 flushing nmethod 0x000002379feb6b90
Event: 4653.915 Thread 0x00000237b8cbb280 flushing nmethod 0x000002379febd590
Event: 4653.916 Thread 0x00000237b8cbb280 flushing nmethod 0x000002379fef6a90
Event: 4653.916 Thread 0x00000237b8cbb280 flushing nmethod 0x000002379ff07010
Event: 4653.916 Thread 0x00000237b8cbb280 flushing nmethod 0x000002379ff12710
Event: 4653.917 Thread 0x00000237b8cbb280 flushing nmethod 0x00000237a001e110
Event: 4653.927 Thread 0x00000237bd55ae90 Thread added: 0x00000237bd55ae90
Event: 4654.672 Thread 0x00000237bd558810 Thread added: 0x00000237bd558810
Event: 4654.690 Thread 0x00000237bd5591b0 Thread added: 0x00000237bd5591b0
Event: 4654.690 Thread 0x00000237bd558ce0 Thread added: 0x00000237bd558ce0
Event: 4660.036 Thread 0x00000237bd8c2480 Thread exited: 0x00000237bd8c2480


Dynamic libraries:
0x00007ff713ce0000 - 0x00007ff713cea000 	C:\Program Files\Android\Android Studio\jbr\bin\java.exe
0x00007ffa06250000 - 0x00007ffa06448000 	C:\Windows\SYSTEM32\ntdll.dll
0x00007ffa05a80000 - 0x00007ffa05b3d000 	C:\Windows\System32\KERNEL32.DLL
0x00007ffa03f30000 - 0x00007ffa04226000 	C:\Windows\System32\KERNELBASE.dll
0x00007ffa03a20000 - 0x00007ffa03b20000 	C:\Windows\System32\ucrtbase.dll
0x00007ff9ff270000 - 0x00007ff9ff287000 	C:\Program Files\Android\Android Studio\jbr\bin\jli.dll
0x00007ffa05b40000 - 0x00007ffa05cde000 	C:\Windows\System32\USER32.dll
0x00007ffa03ed0000 - 0x00007ffa03ef2000 	C:\Windows\System32\win32u.dll
0x00007ffa05d40000 - 0x00007ffa05d6b000 	C:\Windows\System32\GDI32.dll
0x00007ffa03900000 - 0x00007ffa03a17000 	C:\Windows\System32\gdi32full.dll
0x00007ffa03b20000 - 0x00007ffa03bbd000 	C:\Windows\System32\msvcp_win.dll
0x00007ff9f81f0000 - 0x00007ff9f820b000 	C:\Program Files\Android\Android Studio\jbr\bin\VCRUNTIME140.dll
0x00007ff9f7640000 - 0x00007ff9f78da000 	C:\Windows\WinSxS\amd64_microsoft.windows.common-controls_6595b64144ccf1df_6.0.19041.3636_none_60b6a03d71f818d5\COMCTL32.dll
0x00007ffa059e0000 - 0x00007ffa05a7e000 	C:\Windows\System32\msvcrt.dll
0x00007ffa058e0000 - 0x00007ffa05912000 	C:\Windows\System32\IMM32.DLL
0x00007ff9ff1b0000 - 0x00007ff9ff1bc000 	C:\Program Files\Android\Android Studio\jbr\bin\vcruntime140_1.dll
0x00007ff9f17b0000 - 0x00007ff9f183d000 	C:\Program Files\Android\Android Studio\jbr\bin\msvcp140.dll
0x00007ff9c63e0000 - 0x00007ff9c704e000 	C:\Program Files\Android\Android Studio\jbr\bin\server\jvm.dll
0x00007ffa06160000 - 0x00007ffa06210000 	C:\Windows\System32\ADVAPI32.dll
0x00007ffa04770000 - 0x00007ffa04810000 	C:\Windows\System32\sechost.dll
0x00007ffa04400000 - 0x00007ffa04525000 	C:\Windows\System32\RPCRT4.dll
0x00007ffa03f00000 - 0x00007ffa03f27000 	C:\Windows\System32\bcrypt.dll
0x00007ff9ff150000 - 0x00007ff9ff159000 	C:\Windows\SYSTEM32\WSOCK32.dll
0x00007ffa04f20000 - 0x00007ffa04f8b000 	C:\Windows\System32\WS2_32.dll
0x00007ff9e9470000 - 0x00007ff9e9497000 	C:\Windows\SYSTEM32\WINMM.dll
0x00007ff9f56c0000 - 0x00007ff9f56ca000 	C:\Windows\SYSTEM32\VERSION.dll
0x00007ffa02100000 - 0x00007ffa02112000 	C:\Windows\SYSTEM32\kernel.appcore.dll
0x00007ff9fe010000 - 0x00007ff9fe01a000 	C:\Program Files\Android\Android Studio\jbr\bin\jimage.dll
0x00007ff9e7880000 - 0x00007ff9e7a64000 	C:\Windows\SYSTEM32\DBGHELP.DLL
0x00007ff9e9670000 - 0x00007ff9e96a4000 	C:\Windows\SYSTEM32\dbgcore.DLL
0x00007ffa03dd0000 - 0x00007ffa03e52000 	C:\Windows\System32\bcryptPrimitives.dll
0x00007ff9f81c0000 - 0x00007ff9f81e5000 	C:\Program Files\Android\Android Studio\jbr\bin\java.dll
0x00007ff9f81a0000 - 0x00007ff9f81b8000 	C:\Program Files\Android\Android Studio\jbr\bin\zip.dll
0x00007ffa04f90000 - 0x00007ffa056fb000 	C:\Windows\System32\SHELL32.dll
0x00007ffa01860000 - 0x00007ffa01ffe000 	C:\Windows\SYSTEM32\windows.storage.dll
0x00007ffa05e00000 - 0x00007ffa06153000 	C:\Windows\System32\combase.dll
0x00007ffa03180000 - 0x00007ffa031ae000 	C:\Windows\SYSTEM32\Wldp.dll
0x00007ffa04280000 - 0x00007ffa0434d000 	C:\Windows\System32\OLEAUT32.dll
0x00007ffa04530000 - 0x00007ffa045dd000 	C:\Windows\System32\SHCORE.dll
0x00007ffa05980000 - 0x00007ffa059d5000 	C:\Windows\System32\shlwapi.dll
0x00007ffa03830000 - 0x00007ffa03855000 	C:\Windows\SYSTEM32\profapi.dll
0x00007ff9f70b0000 - 0x00007ff9f70c9000 	C:\Program Files\Android\Android Studio\jbr\bin\net.dll
0x00007ff9fb860000 - 0x00007ff9fb96a000 	C:\Windows\SYSTEM32\WINHTTP.dll
0x00007ffa02f60000 - 0x00007ffa02fca000 	C:\Windows\system32\mswsock.dll
0x00007ff9f7090000 - 0x00007ff9f70a6000 	C:\Program Files\Android\Android Studio\jbr\bin\nio.dll
0x00007ff9fd200000 - 0x00007ff9fd210000 	C:\Program Files\Android\Android Studio\jbr\bin\verify.dll
0x00007ff9f46b0000 - 0x00007ff9f46d7000 	C:\Users\ALI_S\.gradle\native\e1d6ef7f7dcc3fd88c89a11ec53ec762bb8ba0a96d01ffa2cd45eb1d1d8dd5c5\windows-amd64\native-platform.dll
0x00007ff9e4f00000 - 0x00007ff9e5044000 	C:\Users\ALI_S\.gradle\native\0d407fdbe67a94daf76414ababcb853783967236a71b16ec16e742cd7a986fd3\windows-amd64\native-platform-file-events.dll
0x00007ff9f7080000 - 0x00007ff9f7089000 	C:\Program Files\Android\Android Studio\jbr\bin\management.dll
0x00007ff9f6d90000 - 0x00007ff9f6d9b000 	C:\Program Files\Android\Android Studio\jbr\bin\management_ext.dll
0x00007ffa04f10000 - 0x00007ffa04f18000 	C:\Windows\System32\PSAPI.DLL
0x00007ffa034f0000 - 0x00007ffa03508000 	C:\Windows\SYSTEM32\CRYPTSP.dll
0x00007ffa028b0000 - 0x00007ffa028e4000 	C:\Windows\system32\rsaenh.dll
0x00007ffa037b0000 - 0x00007ffa037de000 	C:\Windows\SYSTEM32\USERENV.dll
0x00007ffa030f0000 - 0x00007ffa030fc000 	C:\Windows\SYSTEM32\CRYPTBASE.dll
0x00007ffa02c70000 - 0x00007ffa02cab000 	C:\Windows\SYSTEM32\IPHLPAPI.DLL
0x00007ffa04760000 - 0x00007ffa04768000 	C:\Windows\System32\NSI.dll
0x00007ff9fcda0000 - 0x00007ff9fcdb7000 	C:\Windows\SYSTEM32\dhcpcsvc6.DLL
0x00007ff9fcd80000 - 0x00007ff9fcd9d000 	C:\Windows\SYSTEM32\dhcpcsvc.DLL
0x00007ffa02cb0000 - 0x00007ffa02d7b000 	C:\Windows\SYSTEM32\DNSAPI.dll
0x00007ff9f3440000 - 0x00007ff9f3447000 	C:\Windows\system32\wshunix.dll
0x00007ff9f6dc0000 - 0x00007ff9f6dde000 	C:\Users\ALI_S\AppData\Local\Temp\native-platform14647190035534001270dir\native-platform.dll
0x00007ffa029d0000 - 0x00007ffa02a03000 	C:\Windows\SYSTEM32\ntmarta.dll
0x00007ff9f6db0000 - 0x00007ff9f6db7000 	C:\Program Files\Android\Android Studio\jbr\bin\rmi.dll

dbghelp: loaded successfully - version: 4.0.5 - missing functions: none
symbol engine: initialized successfully - sym options: 0x614 - pdb path: .;C:\Program Files\Android\Android Studio\jbr\bin;C:\Windows\SYSTEM32;C:\Windows\WinSxS\amd64_microsoft.windows.common-controls_6595b64144ccf1df_6.0.19041.3636_none_60b6a03d71f818d5;C:\Program Files\Android\Android Studio\jbr\bin\server;C:\Users\ALI_S\.gradle\native\e1d6ef7f7dcc3fd88c89a11ec53ec762bb8ba0a96d01ffa2cd45eb1d1d8dd5c5\windows-amd64;C:\Users\ALI_S\.gradle\native\0d407fdbe67a94daf76414ababcb853783967236a71b16ec16e742cd7a986fd3\windows-amd64;C:\Users\ALI_S\AppData\Local\Temp\native-platform14647190035534001270dir

VM Arguments:
jvm_args: --add-opens=java.base/java.util=ALL-UNNAMED --add-opens=java.base/java.lang=ALL-UNNAMED --add-opens=java.base/java.lang.invoke=ALL-UNNAMED --add-opens=java.base/java.util=ALL-UNNAMED --add-opens=java.prefs/java.util.prefs=ALL-UNNAMED --add-opens=java.prefs/java.util.prefs=ALL-UNNAMED --add-opens=java.base/java.nio.charset=ALL-UNNAMED --add-opens=java.base/java.net=ALL-UNNAMED --add-opens=java.base/java.util.concurrent.atomic=ALL-UNNAMED -Xmx4G -Dfile.encoding=windows-1252 -Duser.country=US -Duser.language=en -Duser.variant 
java_command: org.gradle.launcher.daemon.bootstrap.GradleDaemon 7.5
java_class_path (initial): C:\Users\ALI_S\.gradle\wrapper\dists\gradle-7.5-all\6qsw290k5lz422uaf8jf6m7co\gradle-7.5\lib\gradle-launcher-7.5.jar
Launcher Type: SUN_STANDARD

[Global flags]
     intx CICompilerCount                          = 3                                         {product} {ergonomic}
     uint ConcGCThreads                            = 1                                         {product} {ergonomic}
     uint G1ConcRefinementThreads                  = 4                                         {product} {ergonomic}
   size_t G1HeapRegionSize                         = 2097152                                   {product} {ergonomic}
    uintx GCDrainStackTargetSize                   = 64                                        {product} {ergonomic}
   size_t InitialHeapSize                          = 134217728                                 {product} {ergonomic}
   size_t MarkStackSize                            = 4194304                                   {product} {ergonomic}
   size_t MaxHeapSize                              = 4294967296                                {product} {command line}
   size_t MaxNewSize                               = 2575302656                                {product} {ergonomic}
   size_t MinHeapDeltaBytes                        = 2097152                                   {product} {ergonomic}
   size_t MinHeapSize                              = 8388608                                   {product} {ergonomic}
    uintx NonNMethodCodeHeapSize                   = 5832780                                {pd product} {ergonomic}
    uintx NonProfiledCodeHeapSize                  = 122912730                              {pd product} {ergonomic}
    uintx ProfiledCodeHeapSize                     = 122912730                              {pd product} {ergonomic}
    uintx ReservedCodeCacheSize                    = 251658240                              {pd product} {ergonomic}
     bool SegmentedCodeCache                       = true                                      {product} {ergonomic}
   size_t SoftMaxHeapSize                          = 4294967296                             {manageable} {ergonomic}
     bool UseCompressedClassPointers               = true                           {product lp64_product} {ergonomic}
     bool UseCompressedOops                        = true                           {product lp64_product} {ergonomic}
     bool UseG1GC                                  = true                                      {product} {ergonomic}
     bool UseLargePagesIndividualAllocation        = false                                  {pd product} {ergonomic}

Logging:
Log output configuration:
 #0: stdout all=warning uptime,level,tags
 #1: stderr all=off uptime,level,tags

Environment Variables:
JAVA_HOME=C:\Program Files\Android\Android Studio\jbr
CLASSPATH=C:\development\flutter_app\mukawwin_3\android\\gradle\wrapper\gradle-wrapper.jar
PATH=C:\Program Files\Android\Android Studio\jbr\bin;C:\Program Files\Common Files\Oracle\Java\javapath;C:\Program Files (x86)\VMware\VMware Player\bin\;C:\Windows\system32;C:\Windows;C:\Windows\System32\Wbem;C:\Windows\System32\WindowsPowerShell\v1.0\;C:\Windows\System32\OpenSSH\;C:\Program Files\Git\cmd;C:\Program Files\MATLAB\R2017a\runtime\win64;C:\Program Files\MATLAB\R2017a\bin;C:\Program Files\nodejs\;C:\Program Files\Microsoft SQL Server\110\Tools\Binn\;c:\Program Files (x86)\Microsoft SQL Server\90\Tools\binn\;C:\Visual8\Common7\IDE;C:\Visual8\VC\bin;C:\Visual8\Common7\Tools;C:\Visual8\Common7\Tools\Bin;C:\Visual8\VC\PlatformSDK\Bin;C:\Visual8\SDK\v2.0\Bin;C:\Windows\Microsoft.NET\Framework\v2.0.50727;C:\Visual8\VC\vcpackages;C:\Opnet\14.5.A\bin;C:\Program Files\Java\jdk1.8.0_65\bin;C:\Users\ALI_S\AppData\Local\Microsoft\WindowsApps;C:\development\flutter\bin;C:\Users\ALI_S\AppData\Local\Programs\Microsoft VS Code\bin;C:\development\flutter\bin\mingit\cmd;C:\development\flutter\bin\mingit\cmd
USERNAME=ALI_S
LIBPATH=C:\Windows\Microsoft.NET\Framework\v2.0.50727;C:\Visual8\VC\ATLMFC\LIB;
OS=Windows_NT
PROCESSOR_IDENTIFIER=Intel64 Family 6 Model 58 Stepping 9, GenuineIntel
TMP=C:\Users\ALI_S\AppData\Local\Temp
TEMP=C:\Users\ALI_S\AppData\Local\Temp


JNI global refs:
JNI global refs: 26, weak refs: 1

JNI global refs memory usage: 843, weak refs: 841


---------------  S Y S T E M  ---------------

OS:
 Windows 10 , 64 bit Build 19041 (10.0.19041.3636)
OS uptime: 6 days 15:18 hours
Hyper-V role detected

CPU: total 4 (initial active 4) (2 cores per cpu, 2 threads per core) family 6 model 58 stepping 9 microcode 0x21, cx8, cmov, fxsr, ht, mmx, sse, sse2, sse3, ssse3, sse4.1, sse4.2, popcnt, tsc, tscinvbit, avx, aes, erms, clmul, vzeroupper, clflush, hv

Memory: 4k page, system-wide physical 8094M (435M free)
TotalPageFile size 11711M (AvailPageFile size 3M)
current process WorkingSet (physical memory assigned to process): 698M, peak: 1376M
current process commit charge ("private bytes"): 932M, peak: 1408M

vm_info: OpenJDK 64-Bit Server VM (17.0.6+0-b2043.56-10027231) for windows-amd64 JRE (17.0.6+0-b2043.56-10027231), built on Apr 28 2023 00:43:19 by "androidbuild" with MS VC++ 16.10 / 16.11 (VS2019)

END.
