#
# There is insufficient memory for the Java Runtime Environment to continue.
# Native memory allocation (mmap) failed to map 65536 bytes for Failed to commit metaspace.
# Possible reasons:
#   The system is out of physical RAM or swap space
#   The process is running with CompressedOops enabled, and the Java Heap may be blocking the growth of the native heap
# Possible solutions:
#   Reduce memory load on the system
#   Increase physical memory or swap space
#   Check if swap backing store is full
#   Decrease Java heap size (-Xmx/-Xms)
#   Decrease number of Java threads
#   Decrease Java thread stack sizes (-Xss)
#   Set larger code cache with -XX:ReservedCodeCacheSize=
#   JVM is running with Unscaled Compressed Oops mode in which the Java heap is
#     placed in the first 4GB address space. The Java Heap base address is the
#     maximum limit for the native heap growth. Please use -XX:HeapBaseMinAddress
#     to set the Java Heap base and to place the Java Heap above 4GB virtual address.
# This output file may be truncated or incomplete.
#
#  Out of Memory Error (virtualSpaceNode.cpp:110), pid=9828, tid=6752
#
# JRE version: OpenJDK Runtime Environment (17.0.6) (build 17.0.6+0-b2043.56-10027231)
# Java VM: OpenJDK 64-Bit Server VM (17.0.6+0-b2043.56-10027231, mixed mode, tiered, compressed oops, compressed class ptrs, g1 gc, windows-amd64)
# No core dump will be written. Minidumps are not enabled by default on client versions of Windows
#

---------------  S U M M A R Y ------------

Command Line: -Dorg.gradle.appname=gradlew org.gradle.wrapper.GradleWrapperMain -q -Ptarget-platform=android-x86 -Ptarget=C:\development\flutter_app\mukawwin_3\lib\main.dart -Pbase-application-name=android.app.Application -Pdart-defines=RkxVVFRFUl9XRUJfQ0FOVkFTS0lUX1VSTD1odHRwczovL3d3dy5nc3RhdGljLmNvbS9mbHV0dGVyLWNhbnZhc2tpdC9lZGQ4NTQ2MTE2NDU3YmRmMWM1YmRmYjEzZWNiOTQ2M2QyYmI1ZWQ0Lw== -Pdart-obfuscation=false -Ptrack-widget-creation=true -Ptree-shake-icons=false -Pfilesystem-scheme=org-dartlang-root assembleDebug

Host: Intel(R) Core(TM) i5-3380M CPU @ 2.90GHz, 4 cores, 7G,  Windows 10 , 64 bit Build 19041 (10.0.19041.3636)
Time: Wed Jan 15 14:49:24 2025 Syria Standard Time elapsed time: 0.652407 seconds (0d 0h 0m 0s)

---------------  T H R E A D  ---------------

Current thread (0x000001ed5a0c6aa0):  JavaThread "main" [_thread_in_vm, id=6752, stack(0x0000007020500000,0x0000007020600000)]

Stack: [0x0000007020500000,0x0000007020600000]
Native frames: (J=compiled Java code, j=interpreted, Vv=VM code, C=native code)
V  [jvm.dll+0x683c9a]
V  [jvm.dll+0x8427a4]
V  [jvm.dll+0x843f9e]
V  [jvm.dll+0x844603]
V  [jvm.dll+0x249b75]
V  [jvm.dll+0x83e7fb]
V  [jvm.dll+0x628006]
V  [jvm.dll+0x62806a]
V  [jvm.dll+0x62a87a]
V  [jvm.dll+0x6289a6]
V  [jvm.dll+0x246f6c]
V  [jvm.dll+0x6dabdd]
V  [jvm.dll+0x6db60f]
V  [jvm.dll+0x375330]
V  [jvm.dll+0x3744a2]
V  [jvm.dll+0x374448]
V  [jvm.dll+0x569f95]
V  [jvm.dll+0x568e54]
V  [jvm.dll+0x3883a4]
V  [jvm.dll+0x387a0f]
C  0x000001ed64ada3c3

Java frames: (J=compiled Java code, j=interpreted, Vv=VM code)
j  sun.security.jca.ProviderList.<init>()V+45 java.base@17.0.6
j  sun.security.jca.ProviderList$2.run()Lsun/security/jca/ProviderList;+4 java.base@17.0.6
j  sun.security.jca.ProviderList$2.run()Ljava/lang/Object;+1 java.base@17.0.6
j  java.security.AccessController.executePrivileged(Ljava/security/PrivilegedAction;Ljava/security/AccessControlContext;Ljava/lang/Class;)Ljava/lang/Object;+29 java.base@17.0.6
j  java.security.AccessController.doPrivileged(Ljava/security/PrivilegedAction;)Ljava/lang/Object;+5 java.base@17.0.6
j  sun.security.jca.ProviderList.fromSecurityProperties()Lsun/security/jca/ProviderList;+7 java.base@17.0.6
j  sun.security.jca.Providers.<clinit>()V+16 java.base@17.0.6
v  ~StubRoutines::call_stub
j  sun.security.jca.GetInstance.getInstance(Ljava/lang/String;Ljava/lang/Class;Ljava/lang/String;)Lsun/security/jca/GetInstance$Instance;+0 java.base@17.0.6
j  java.security.MessageDigest.getInstance(Ljava/lang/String;)Ljava/security/MessageDigest;+12 java.base@17.0.6
j  org.gradle.wrapper.PathAssembler.getHash(Ljava/lang/String;)Ljava/lang/String;+2
j  org.gradle.wrapper.PathAssembler.rootDirName(Ljava/lang/String;Lorg/gradle/wrapper/WrapperConfiguration;)Ljava/lang/String;+8
j  org.gradle.wrapper.PathAssembler.getDistribution(Lorg/gradle/wrapper/WrapperConfiguration;)Lorg/gradle/wrapper/PathAssembler$LocalDistribution;+18
j  org.gradle.wrapper.Install.createDist(Lorg/gradle/wrapper/WrapperConfiguration;)Ljava/io/File;+15
j  org.gradle.wrapper.WrapperExecutor.execute([Ljava/lang/String;Lorg/gradle/wrapper/Install;Lorg/gradle/wrapper/BootstrapMainStarter;)V+5
j  org.gradle.wrapper.GradleWrapperMain.main([Ljava/lang/String;)V+190
v  ~StubRoutines::call_stub

---------------  P R O C E S S  ---------------

Threads class SMR info:
_java_thread_list=0x000001ed741ab250, length=12, elements={
0x000001ed5a0c6aa0, 0x000001ed735a86f0, 0x000001ed735a9e90, 0x000001ed735fcfc0,
0x000001ed735fd880, 0x000001ed735fe140, 0x000001ed735fea00, 0x000001ed7400a7a0,
0x000001ed7400b150, 0x000001ed74034030, 0x000001ed741bfd10, 0x000001ed741dbbd0
}

Java Threads: ( => current thread )
=>0x000001ed5a0c6aa0 JavaThread "main" [_thread_in_vm, id=6752, stack(0x0000007020500000,0x0000007020600000)]
  0x000001ed735a86f0 JavaThread "Reference Handler" daemon [_thread_blocked, id=11876, stack(0x0000007020c00000,0x0000007020d00000)]
  0x000001ed735a9e90 JavaThread "Finalizer" daemon [_thread_blocked, id=8900, stack(0x0000007020d00000,0x0000007020e00000)]
  0x000001ed735fcfc0 JavaThread "Signal Dispatcher" daemon [_thread_blocked, id=10256, stack(0x0000007020f00000,0x0000007021000000)]
  0x000001ed735fd880 JavaThread "Attach Listener" daemon [_thread_blocked, id=12332, stack(0x0000007021000000,0x0000007021100000)]
  0x000001ed735fe140 JavaThread "Service Thread" daemon [_thread_blocked, id=6544, stack(0x0000007021100000,0x0000007021200000)]
  0x000001ed735fea00 JavaThread "Monitor Deflation Thread" daemon [_thread_blocked, id=13844, stack(0x0000007021200000,0x0000007021300000)]
  0x000001ed7400a7a0 JavaThread "C2 CompilerThread0" daemon [_thread_blocked, id=5152, stack(0x0000007021300000,0x0000007021400000)]
  0x000001ed7400b150 JavaThread "C1 CompilerThread0" daemon [_thread_blocked, id=6520, stack(0x0000007021400000,0x0000007021500000)]
  0x000001ed74034030 JavaThread "Sweeper thread" daemon [_thread_blocked, id=924, stack(0x0000007021500000,0x0000007021600000)]
  0x000001ed741bfd10 JavaThread "Notification Thread" daemon [_thread_blocked, id=9820, stack(0x0000007021600000,0x0000007021700000)]
  0x000001ed741dbbd0 JavaThread "Common-Cleaner" daemon [_thread_blocked, id=548, stack(0x0000007021800000,0x0000007021900000)]

Other Threads:
  0x000001ed735dc880 VMThread "VM Thread" [stack: 0x0000007020b00000,0x0000007020c00000] [id=5060]
  0x000001ed741c09f0 WatcherThread [stack: 0x0000007021700000,0x0000007021800000] [id=7408]
  0x000001ed5a11f190 GCTaskThread "GC Thread#0" [stack: 0x0000007020600000,0x0000007020700000] [id=9972]
  0x000001ed5a12fce0 ConcurrentGCThread "G1 Main Marker" [stack: 0x0000007020700000,0x0000007020800000] [id=3992]
  0x000001ed5a130600 ConcurrentGCThread "G1 Conc#0" [stack: 0x0000007020800000,0x0000007020900000] [id=7560]
  0x000001ed734200a0 ConcurrentGCThread "G1 Refine#0" [stack: 0x0000007020900000,0x0000007020a00000] [id=8680]
  0x000001ed734209d0 ConcurrentGCThread "G1 Service" [stack: 0x0000007020a00000,0x0000007020b00000] [id=14696]

Threads with active compile tasks:

VM state: not at safepoint (normal execution)

VM Mutex/Monitor currently owned by a thread:  ([mutex/lock_event])
[0x000001ed5a0c19b0] Metaspace_lock - owner thread: 0x000001ed5a0c6aa0

Heap address: 0x0000000081800000, size: 2024 MB, Compressed Oops mode: 32-bit

CDS archive(s) not mapped
Compressed class space mapped at: 0x0000000100000000-0x0000000140000000, reserved size: 1073741824
Narrow klass base: 0x0000000000000000, Narrow klass shift: 3, Narrow klass range: 0x140000000

GC Precious Log:
 CPUs: 4 total, 4 available
 Memory: 8094M
 Large Page Support: Disabled
 NUMA Support: Disabled
 Compressed Oops: Enabled (32-bit)
 Heap Region Size: 1M
 Heap Min Capacity: 8M
 Heap Initial Capacity: 128M
 Heap Max Capacity: 2024M
 Pre-touch: Disabled
 Parallel Workers: 4
 Concurrent Workers: 1
 Concurrent Refinement Workers: 4
 Periodic GC: Disabled

Heap:
 garbage-first heap   total 131072K, used 1024K [0x0000000081800000, 0x0000000100000000)
  region size 1024K, 2 young (2048K), 0 survivors (0K)
 Metaspace       used 6780K, committed 6912K, reserved 1056768K
  class space    used 584K, committed 704K, reserved 1048576K

Heap Regions: E=young(eden), S=young(survivor), O=old, HS=humongous(starts), HC=humongous(continues), CS=collection set, F=free, OA=open archive, CA=closed archive, TAMS=top-at-mark-start (previous, next)
|   0|0x0000000081800000, 0x0000000081800000, 0x0000000081900000|  0%| F|  |TAMS 0x0000000081800000, 0x0000000081800000| Untracked 
|   1|0x0000000081900000, 0x0000000081900000, 0x0000000081a00000|  0%| F|  |TAMS 0x0000000081900000, 0x0000000081900000| Untracked 
|   2|0x0000000081a00000, 0x0000000081a00000, 0x0000000081b00000|  0%| F|  |TAMS 0x0000000081a00000, 0x0000000081a00000| Untracked 
|   3|0x0000000081b00000, 0x0000000081b00000, 0x0000000081c00000|  0%| F|  |TAMS 0x0000000081b00000, 0x0000000081b00000| Untracked 
|   4|0x0000000081c00000, 0x0000000081c00000, 0x0000000081d00000|  0%| F|  |TAMS 0x0000000081c00000, 0x0000000081c00000| Untracked 
|   5|0x0000000081d00000, 0x0000000081d00000, 0x0000000081e00000|  0%| F|  |TAMS 0x0000000081d00000, 0x0000000081d00000| Untracked 
|   6|0x0000000081e00000, 0x0000000081e00000, 0x0000000081f00000|  0%| F|  |TAMS 0x0000000081e00000, 0x0000000081e00000| Untracked 
|   7|0x0000000081f00000, 0x0000000081f00000, 0x0000000082000000|  0%| F|  |TAMS 0x0000000081f00000, 0x0000000081f00000| Untracked 
|   8|0x0000000082000000, 0x0000000082000000, 0x0000000082100000|  0%| F|  |TAMS 0x0000000082000000, 0x0000000082000000| Untracked 
|   9|0x0000000082100000, 0x0000000082100000, 0x0000000082200000|  0%| F|  |TAMS 0x0000000082100000, 0x0000000082100000| Untracked 
|  10|0x0000000082200000, 0x0000000082200000, 0x0000000082300000|  0%| F|  |TAMS 0x0000000082200000, 0x0000000082200000| Untracked 
|  11|0x0000000082300000, 0x0000000082300000, 0x0000000082400000|  0%| F|  |TAMS 0x0000000082300000, 0x0000000082300000| Untracked 
|  12|0x0000000082400000, 0x0000000082400000, 0x0000000082500000|  0%| F|  |TAMS 0x0000000082400000, 0x0000000082400000| Untracked 
|  13|0x0000000082500000, 0x0000000082500000, 0x0000000082600000|  0%| F|  |TAMS 0x0000000082500000, 0x0000000082500000| Untracked 
|  14|0x0000000082600000, 0x0000000082600000, 0x0000000082700000|  0%| F|  |TAMS 0x0000000082600000, 0x0000000082600000| Untracked 
|  15|0x0000000082700000, 0x0000000082700000, 0x0000000082800000|  0%| F|  |TAMS 0x0000000082700000, 0x0000000082700000| Untracked 
|  16|0x0000000082800000, 0x0000000082800000, 0x0000000082900000|  0%| F|  |TAMS 0x0000000082800000, 0x0000000082800000| Untracked 
|  17|0x0000000082900000, 0x0000000082900000, 0x0000000082a00000|  0%| F|  |TAMS 0x0000000082900000, 0x0000000082900000| Untracked 
|  18|0x0000000082a00000, 0x0000000082a00000, 0x0000000082b00000|  0%| F|  |TAMS 0x0000000082a00000, 0x0000000082a00000| Untracked 
|  19|0x0000000082b00000, 0x0000000082b00000, 0x0000000082c00000|  0%| F|  |TAMS 0x0000000082b00000, 0x0000000082b00000| Untracked 
|  20|0x0000000082c00000, 0x0000000082c00000, 0x0000000082d00000|  0%| F|  |TAMS 0x0000000082c00000, 0x0000000082c00000| Untracked 
|  21|0x0000000082d00000, 0x0000000082d00000, 0x0000000082e00000|  0%| F|  |TAMS 0x0000000082d00000, 0x0000000082d00000| Untracked 
|  22|0x0000000082e00000, 0x0000000082e00000, 0x0000000082f00000|  0%| F|  |TAMS 0x0000000082e00000, 0x0000000082e00000| Untracked 
|  23|0x0000000082f00000, 0x0000000082f00000, 0x0000000083000000|  0%| F|  |TAMS 0x0000000082f00000, 0x0000000082f00000| Untracked 
|  24|0x0000000083000000, 0x0000000083000000, 0x0000000083100000|  0%| F|  |TAMS 0x0000000083000000, 0x0000000083000000| Untracked 
|  25|0x0000000083100000, 0x0000000083100000, 0x0000000083200000|  0%| F|  |TAMS 0x0000000083100000, 0x0000000083100000| Untracked 
|  26|0x0000000083200000, 0x0000000083200000, 0x0000000083300000|  0%| F|  |TAMS 0x0000000083200000, 0x0000000083200000| Untracked 
|  27|0x0000000083300000, 0x0000000083300000, 0x0000000083400000|  0%| F|  |TAMS 0x0000000083300000, 0x0000000083300000| Untracked 
|  28|0x0000000083400000, 0x0000000083400000, 0x0000000083500000|  0%| F|  |TAMS 0x0000000083400000, 0x0000000083400000| Untracked 
|  29|0x0000000083500000, 0x0000000083500000, 0x0000000083600000|  0%| F|  |TAMS 0x0000000083500000, 0x0000000083500000| Untracked 
|  30|0x0000000083600000, 0x0000000083600000, 0x0000000083700000|  0%| F|  |TAMS 0x0000000083600000, 0x0000000083600000| Untracked 
|  31|0x0000000083700000, 0x0000000083700000, 0x0000000083800000|  0%| F|  |TAMS 0x0000000083700000, 0x0000000083700000| Untracked 
|  32|0x0000000083800000, 0x0000000083800000, 0x0000000083900000|  0%| F|  |TAMS 0x0000000083800000, 0x0000000083800000| Untracked 
|  33|0x0000000083900000, 0x0000000083900000, 0x0000000083a00000|  0%| F|  |TAMS 0x0000000083900000, 0x0000000083900000| Untracked 
|  34|0x0000000083a00000, 0x0000000083a00000, 0x0000000083b00000|  0%| F|  |TAMS 0x0000000083a00000, 0x0000000083a00000| Untracked 
|  35|0x0000000083b00000, 0x0000000083b00000, 0x0000000083c00000|  0%| F|  |TAMS 0x0000000083b00000, 0x0000000083b00000| Untracked 
|  36|0x0000000083c00000, 0x0000000083c00000, 0x0000000083d00000|  0%| F|  |TAMS 0x0000000083c00000, 0x0000000083c00000| Untracked 
|  37|0x0000000083d00000, 0x0000000083d00000, 0x0000000083e00000|  0%| F|  |TAMS 0x0000000083d00000, 0x0000000083d00000| Untracked 
|  38|0x0000000083e00000, 0x0000000083e00000, 0x0000000083f00000|  0%| F|  |TAMS 0x0000000083e00000, 0x0000000083e00000| Untracked 
|  39|0x0000000083f00000, 0x0000000083f00000, 0x0000000084000000|  0%| F|  |TAMS 0x0000000083f00000, 0x0000000083f00000| Untracked 
|  40|0x0000000084000000, 0x0000000084000000, 0x0000000084100000|  0%| F|  |TAMS 0x0000000084000000, 0x0000000084000000| Untracked 
|  41|0x0000000084100000, 0x0000000084100000, 0x0000000084200000|  0%| F|  |TAMS 0x0000000084100000, 0x0000000084100000| Untracked 
|  42|0x0000000084200000, 0x0000000084200000, 0x0000000084300000|  0%| F|  |TAMS 0x0000000084200000, 0x0000000084200000| Untracked 
|  43|0x0000000084300000, 0x0000000084300000, 0x0000000084400000|  0%| F|  |TAMS 0x0000000084300000, 0x0000000084300000| Untracked 
|  44|0x0000000084400000, 0x0000000084400000, 0x0000000084500000|  0%| F|  |TAMS 0x0000000084400000, 0x0000000084400000| Untracked 
|  45|0x0000000084500000, 0x0000000084500000, 0x0000000084600000|  0%| F|  |TAMS 0x0000000084500000, 0x0000000084500000| Untracked 
|  46|0x0000000084600000, 0x0000000084600000, 0x0000000084700000|  0%| F|  |TAMS 0x0000000084600000, 0x0000000084600000| Untracked 
|  47|0x0000000084700000, 0x0000000084700000, 0x0000000084800000|  0%| F|  |TAMS 0x0000000084700000, 0x0000000084700000| Untracked 
|  48|0x0000000084800000, 0x0000000084800000, 0x0000000084900000|  0%| F|  |TAMS 0x0000000084800000, 0x0000000084800000| Untracked 
|  49|0x0000000084900000, 0x0000000084900000, 0x0000000084a00000|  0%| F|  |TAMS 0x0000000084900000, 0x0000000084900000| Untracked 
|  50|0x0000000084a00000, 0x0000000084a00000, 0x0000000084b00000|  0%| F|  |TAMS 0x0000000084a00000, 0x0000000084a00000| Untracked 
|  51|0x0000000084b00000, 0x0000000084b00000, 0x0000000084c00000|  0%| F|  |TAMS 0x0000000084b00000, 0x0000000084b00000| Untracked 
|  52|0x0000000084c00000, 0x0000000084c00000, 0x0000000084d00000|  0%| F|  |TAMS 0x0000000084c00000, 0x0000000084c00000| Untracked 
|  53|0x0000000084d00000, 0x0000000084d00000, 0x0000000084e00000|  0%| F|  |TAMS 0x0000000084d00000, 0x0000000084d00000| Untracked 
|  54|0x0000000084e00000, 0x0000000084e00000, 0x0000000084f00000|  0%| F|  |TAMS 0x0000000084e00000, 0x0000000084e00000| Untracked 
|  55|0x0000000084f00000, 0x0000000084f00000, 0x0000000085000000|  0%| F|  |TAMS 0x0000000084f00000, 0x0000000084f00000| Untracked 
|  56|0x0000000085000000, 0x0000000085000000, 0x0000000085100000|  0%| F|  |TAMS 0x0000000085000000, 0x0000000085000000| Untracked 
|  57|0x0000000085100000, 0x0000000085100000, 0x0000000085200000|  0%| F|  |TAMS 0x0000000085100000, 0x0000000085100000| Untracked 
|  58|0x0000000085200000, 0x0000000085200000, 0x0000000085300000|  0%| F|  |TAMS 0x0000000085200000, 0x0000000085200000| Untracked 
|  59|0x0000000085300000, 0x0000000085300000, 0x0000000085400000|  0%| F|  |TAMS 0x0000000085300000, 0x0000000085300000| Untracked 
|  60|0x0000000085400000, 0x0000000085400000, 0x0000000085500000|  0%| F|  |TAMS 0x0000000085400000, 0x0000000085400000| Untracked 
|  61|0x0000000085500000, 0x0000000085500000, 0x0000000085600000|  0%| F|  |TAMS 0x0000000085500000, 0x0000000085500000| Untracked 
|  62|0x0000000085600000, 0x0000000085600000, 0x0000000085700000|  0%| F|  |TAMS 0x0000000085600000, 0x0000000085600000| Untracked 
|  63|0x0000000085700000, 0x0000000085700000, 0x0000000085800000|  0%| F|  |TAMS 0x0000000085700000, 0x0000000085700000| Untracked 
|  64|0x0000000085800000, 0x0000000085800000, 0x0000000085900000|  0%| F|  |TAMS 0x0000000085800000, 0x0000000085800000| Untracked 
|  65|0x0000000085900000, 0x0000000085900000, 0x0000000085a00000|  0%| F|  |TAMS 0x0000000085900000, 0x0000000085900000| Untracked 
|  66|0x0000000085a00000, 0x0000000085a00000, 0x0000000085b00000|  0%| F|  |TAMS 0x0000000085a00000, 0x0000000085a00000| Untracked 
|  67|0x0000000085b00000, 0x0000000085b00000, 0x0000000085c00000|  0%| F|  |TAMS 0x0000000085b00000, 0x0000000085b00000| Untracked 
|  68|0x0000000085c00000, 0x0000000085c00000, 0x0000000085d00000|  0%| F|  |TAMS 0x0000000085c00000, 0x0000000085c00000| Untracked 
|  69|0x0000000085d00000, 0x0000000085d00000, 0x0000000085e00000|  0%| F|  |TAMS 0x0000000085d00000, 0x0000000085d00000| Untracked 
|  70|0x0000000085e00000, 0x0000000085e00000, 0x0000000085f00000|  0%| F|  |TAMS 0x0000000085e00000, 0x0000000085e00000| Untracked 
|  71|0x0000000085f00000, 0x0000000085f00000, 0x0000000086000000|  0%| F|  |TAMS 0x0000000085f00000, 0x0000000085f00000| Untracked 
|  72|0x0000000086000000, 0x0000000086000000, 0x0000000086100000|  0%| F|  |TAMS 0x0000000086000000, 0x0000000086000000| Untracked 
|  73|0x0000000086100000, 0x0000000086100000, 0x0000000086200000|  0%| F|  |TAMS 0x0000000086100000, 0x0000000086100000| Untracked 
|  74|0x0000000086200000, 0x0000000086200000, 0x0000000086300000|  0%| F|  |TAMS 0x0000000086200000, 0x0000000086200000| Untracked 
|  75|0x0000000086300000, 0x0000000086300000, 0x0000000086400000|  0%| F|  |TAMS 0x0000000086300000, 0x0000000086300000| Untracked 
|  76|0x0000000086400000, 0x0000000086400000, 0x0000000086500000|  0%| F|  |TAMS 0x0000000086400000, 0x0000000086400000| Untracked 
|  77|0x0000000086500000, 0x0000000086500000, 0x0000000086600000|  0%| F|  |TAMS 0x0000000086500000, 0x0000000086500000| Untracked 
|  78|0x0000000086600000, 0x0000000086600000, 0x0000000086700000|  0%| F|  |TAMS 0x0000000086600000, 0x0000000086600000| Untracked 
|  79|0x0000000086700000, 0x0000000086700000, 0x0000000086800000|  0%| F|  |TAMS 0x0000000086700000, 0x0000000086700000| Untracked 
|  80|0x0000000086800000, 0x0000000086800000, 0x0000000086900000|  0%| F|  |TAMS 0x0000000086800000, 0x0000000086800000| Untracked 
|  81|0x0000000086900000, 0x0000000086900000, 0x0000000086a00000|  0%| F|  |TAMS 0x0000000086900000, 0x0000000086900000| Untracked 
|  82|0x0000000086a00000, 0x0000000086a00000, 0x0000000086b00000|  0%| F|  |TAMS 0x0000000086a00000, 0x0000000086a00000| Untracked 
|  83|0x0000000086b00000, 0x0000000086b00000, 0x0000000086c00000|  0%| F|  |TAMS 0x0000000086b00000, 0x0000000086b00000| Untracked 
|  84|0x0000000086c00000, 0x0000000086c00000, 0x0000000086d00000|  0%| F|  |TAMS 0x0000000086c00000, 0x0000000086c00000| Untracked 
|  85|0x0000000086d00000, 0x0000000086d00000, 0x0000000086e00000|  0%| F|  |TAMS 0x0000000086d00000, 0x0000000086d00000| Untracked 
|  86|0x0000000086e00000, 0x0000000086e00000, 0x0000000086f00000|  0%| F|  |TAMS 0x0000000086e00000, 0x0000000086e00000| Untracked 
|  87|0x0000000086f00000, 0x0000000086f00000, 0x0000000087000000|  0%| F|  |TAMS 0x0000000086f00000, 0x0000000086f00000| Untracked 
|  88|0x0000000087000000, 0x0000000087000000, 0x0000000087100000|  0%| F|  |TAMS 0x0000000087000000, 0x0000000087000000| Untracked 
|  89|0x0000000087100000, 0x0000000087100000, 0x0000000087200000|  0%| F|  |TAMS 0x0000000087100000, 0x0000000087100000| Untracked 
|  90|0x0000000087200000, 0x0000000087200000, 0x0000000087300000|  0%| F|  |TAMS 0x0000000087200000, 0x0000000087200000| Untracked 
|  91|0x0000000087300000, 0x0000000087300000, 0x0000000087400000|  0%| F|  |TAMS 0x0000000087300000, 0x0000000087300000| Untracked 
|  92|0x0000000087400000, 0x0000000087400000, 0x0000000087500000|  0%| F|  |TAMS 0x0000000087400000, 0x0000000087400000| Untracked 
|  93|0x0000000087500000, 0x0000000087500000, 0x0000000087600000|  0%| F|  |TAMS 0x0000000087500000, 0x0000000087500000| Untracked 
|  94|0x0000000087600000, 0x0000000087600000, 0x0000000087700000|  0%| F|  |TAMS 0x0000000087600000, 0x0000000087600000| Untracked 
|  95|0x0000000087700000, 0x0000000087700000, 0x0000000087800000|  0%| F|  |TAMS 0x0000000087700000, 0x0000000087700000| Untracked 
|  96|0x0000000087800000, 0x0000000087800000, 0x0000000087900000|  0%| F|  |TAMS 0x0000000087800000, 0x0000000087800000| Untracked 
|  97|0x0000000087900000, 0x0000000087900000, 0x0000000087a00000|  0%| F|  |TAMS 0x0000000087900000, 0x0000000087900000| Untracked 
|  98|0x0000000087a00000, 0x0000000087a00000, 0x0000000087b00000|  0%| F|  |TAMS 0x0000000087a00000, 0x0000000087a00000| Untracked 
|  99|0x0000000087b00000, 0x0000000087b00000, 0x0000000087c00000|  0%| F|  |TAMS 0x0000000087b00000, 0x0000000087b00000| Untracked 
| 100|0x0000000087c00000, 0x0000000087c00000, 0x0000000087d00000|  0%| F|  |TAMS 0x0000000087c00000, 0x0000000087c00000| Untracked 
| 101|0x0000000087d00000, 0x0000000087d00000, 0x0000000087e00000|  0%| F|  |TAMS 0x0000000087d00000, 0x0000000087d00000| Untracked 
| 102|0x0000000087e00000, 0x0000000087e00000, 0x0000000087f00000|  0%| F|  |TAMS 0x0000000087e00000, 0x0000000087e00000| Untracked 
| 103|0x0000000087f00000, 0x0000000087f00000, 0x0000000088000000|  0%| F|  |TAMS 0x0000000087f00000, 0x0000000087f00000| Untracked 
| 104|0x0000000088000000, 0x0000000088000000, 0x0000000088100000|  0%| F|  |TAMS 0x0000000088000000, 0x0000000088000000| Untracked 
| 105|0x0000000088100000, 0x0000000088100000, 0x0000000088200000|  0%| F|  |TAMS 0x0000000088100000, 0x0000000088100000| Untracked 
| 106|0x0000000088200000, 0x0000000088200000, 0x0000000088300000|  0%| F|  |TAMS 0x0000000088200000, 0x0000000088200000| Untracked 
| 107|0x0000000088300000, 0x0000000088300000, 0x0000000088400000|  0%| F|  |TAMS 0x0000000088300000, 0x0000000088300000| Untracked 
| 108|0x0000000088400000, 0x0000000088400000, 0x0000000088500000|  0%| F|  |TAMS 0x0000000088400000, 0x0000000088400000| Untracked 
| 109|0x0000000088500000, 0x0000000088500000, 0x0000000088600000|  0%| F|  |TAMS 0x0000000088500000, 0x0000000088500000| Untracked 
| 110|0x0000000088600000, 0x0000000088600000, 0x0000000088700000|  0%| F|  |TAMS 0x0000000088600000, 0x0000000088600000| Untracked 
| 111|0x0000000088700000, 0x0000000088700000, 0x0000000088800000|  0%| F|  |TAMS 0x0000000088700000, 0x0000000088700000| Untracked 
| 112|0x0000000088800000, 0x0000000088800000, 0x0000000088900000|  0%| F|  |TAMS 0x0000000088800000, 0x0000000088800000| Untracked 
| 113|0x0000000088900000, 0x0000000088900000, 0x0000000088a00000|  0%| F|  |TAMS 0x0000000088900000, 0x0000000088900000| Untracked 
| 114|0x0000000088a00000, 0x0000000088a00000, 0x0000000088b00000|  0%| F|  |TAMS 0x0000000088a00000, 0x0000000088a00000| Untracked 
| 115|0x0000000088b00000, 0x0000000088b00000, 0x0000000088c00000|  0%| F|  |TAMS 0x0000000088b00000, 0x0000000088b00000| Untracked 
| 116|0x0000000088c00000, 0x0000000088c00000, 0x0000000088d00000|  0%| F|  |TAMS 0x0000000088c00000, 0x0000000088c00000| Untracked 
| 117|0x0000000088d00000, 0x0000000088d00000, 0x0000000088e00000|  0%| F|  |TAMS 0x0000000088d00000, 0x0000000088d00000| Untracked 
| 118|0x0000000088e00000, 0x0000000088e00000, 0x0000000088f00000|  0%| F|  |TAMS 0x0000000088e00000, 0x0000000088e00000| Untracked 
| 119|0x0000000088f00000, 0x0000000088f00000, 0x0000000089000000|  0%| F|  |TAMS 0x0000000088f00000, 0x0000000088f00000| Untracked 
| 120|0x0000000089000000, 0x0000000089000000, 0x0000000089100000|  0%| F|  |TAMS 0x0000000089000000, 0x0000000089000000| Untracked 
| 121|0x0000000089100000, 0x0000000089100000, 0x0000000089200000|  0%| F|  |TAMS 0x0000000089100000, 0x0000000089100000| Untracked 
| 122|0x0000000089200000, 0x0000000089200000, 0x0000000089300000|  0%| F|  |TAMS 0x0000000089200000, 0x0000000089200000| Untracked 
| 123|0x0000000089300000, 0x0000000089300000, 0x0000000089400000|  0%| F|  |TAMS 0x0000000089300000, 0x0000000089300000| Untracked 
| 124|0x0000000089400000, 0x0000000089400000, 0x0000000089500000|  0%| F|  |TAMS 0x0000000089400000, 0x0000000089400000| Untracked 
| 125|0x0000000089500000, 0x0000000089500000, 0x0000000089600000|  0%| F|  |TAMS 0x0000000089500000, 0x0000000089500000| Untracked 
| 126|0x0000000089600000, 0x00000000896c8738, 0x0000000089700000| 78%| E|  |TAMS 0x0000000089600000, 0x0000000089600000| Complete 
| 127|0x0000000089700000, 0x0000000089800000, 0x0000000089800000|100%| E|CS|TAMS 0x0000000089700000, 0x0000000089700000| Complete 

Card table byte_map: [0x000001ed6c990000,0x000001ed6cd90000] _byte_map_base: 0x000001ed6c584000

Marking Bits (Prev, Next): (CMBitMap*) 0x000001ed5a11f6b0, (CMBitMap*) 0x000001ed5a11f6f0
 Prev Bits: [0x000001ed6d190000, 0x000001ed6f130000)
 Next Bits: [0x000001ed6f130000, 0x000001ed710d0000)

Polling page: 0x000001ed59890000

Metaspace:

Usage:
  Non-class:      6.05 MB used.
      Class:    584.02 KB used.
       Both:      6.62 MB used.

Virtual space:
  Non-class space:        8.00 MB reserved,       6.06 MB ( 76%) committed,  1 nodes.
      Class space:        1.00 GB reserved,     704.00 KB ( <1%) committed,  1 nodes.
             Both:        1.01 GB reserved,       6.75 MB ( <1%) committed. 

Chunk freelists:
   Non-Class:  1.00 MB
       Class:  3.23 MB
        Both:  4.23 MB

MaxMetaspaceSize: unlimited
CompressedClassSpaceSize: 1.00 GB
Initial GC threshold: 21.00 MB
Current GC threshold: 21.00 MB
CDS: off
MetaspaceReclaimPolicy: balanced
 - commit_granule_bytes: 65536.
 - commit_granule_words: 8192.
 - virtual_space_node_default_size: 1048576.
 - enlarge_chunks_in_place: 1.
 - new_chunks_are_fully_committed: 0.
 - uncommit_free_chunks: 1.
 - use_allocation_guard: 0.
 - handle_deallocations: 1.


Internal statistics:

num_allocs_failed_limit: 0.
num_arena_births: 6.
num_arena_deaths: 0.
num_vsnodes_births: 2.
num_vsnodes_deaths: 0.
num_space_committed: 108.
num_space_uncommitted: 0.
num_chunks_returned_to_freelist: 0.
num_chunks_taken_from_freelist: 29.
num_chunk_merges: 0.
num_chunk_splits: 11.
num_chunks_enlarged: 8.
num_purges: 0.
num_inconsistent_stats: 0.

CodeHeap 'non-profiled nmethods': size=120000Kb used=42Kb max_used=42Kb free=119957Kb
 bounds [0x000001ed65060000, 0x000001ed652d0000, 0x000001ed6c590000]
CodeHeap 'profiled nmethods': size=120000Kb used=198Kb max_used=198Kb free=119802Kb
 bounds [0x000001ed5d590000, 0x000001ed5d800000, 0x000001ed64ac0000]
CodeHeap 'non-nmethods': size=5760Kb used=1100Kb max_used=1111Kb free=4659Kb
 bounds [0x000001ed64ac0000, 0x000001ed64d30000, 0x000001ed65060000]
 total_blobs=550 nmethods=174 adapters=289
 compilation: enabled
              stopped_count=0, restarted_count=0
 full_count=0

Compilation events (20 events):
Event: 0.507 Thread 0x000001ed7400b150  165       3       java.nio.DirectByteBuffer::ix (10 bytes)
Event: 0.507 Thread 0x000001ed7400b150 nmethod 165 0x000001ed5d5beb90 code [0x000001ed5d5bed20, 0x000001ed5d5bee38]
Event: 0.538 Thread 0x000001ed7400b150  166       1       java.nio.Buffer::limit (5 bytes)
Event: 0.538 Thread 0x000001ed7400b150 nmethod 166 0x000001ed6506a090 code [0x000001ed6506a220, 0x000001ed6506a2f8]
Event: 0.539 Thread 0x000001ed7400b150  167       3       jdk.internal.jimage.ImageStringsReader::unmaskedHashCode (166 bytes)
Event: 0.540 Thread 0x000001ed7400b150 nmethod 167 0x000001ed5d5bef10 code [0x000001ed5d5bf160, 0x000001ed5d5bfd38]
Event: 0.581 Thread 0x000001ed7400b150  168       3       sun.nio.fs.WindowsPathParser::isSlash (18 bytes)
Event: 0.581 Thread 0x000001ed7400b150 nmethod 168 0x000001ed5d5c0210 code [0x000001ed5d5c03a0, 0x000001ed5d5c0518]
Event: 0.582 Thread 0x000001ed7400b150  169       3       java.util.Objects::requireNonNull (15 bytes)
Event: 0.582 Thread 0x000001ed7400b150 nmethod 169 0x000001ed5d5c0590 code [0x000001ed5d5c0740, 0x000001ed5d5c0928]
Event: 0.585 Thread 0x000001ed7400b150  170       3       java.lang.AbstractStringBuilder::<init> (39 bytes)
Event: 0.585 Thread 0x000001ed7400b150 nmethod 170 0x000001ed5d5c0a10 code [0x000001ed5d5c0bc0, 0x000001ed5d5c0e38]
Event: 0.586 Thread 0x000001ed7400b150  171       3       java.lang.String::toString (2 bytes)
Event: 0.586 Thread 0x000001ed7400b150 nmethod 171 0x000001ed5d5c0f10 code [0x000001ed5d5c10a0, 0x000001ed5d5c11b8]
Event: 0.586 Thread 0x000001ed7400b150  172       3       java.lang.StringBuilder::toString (35 bytes)
Event: 0.586 Thread 0x000001ed7400a7a0  173       4       java.lang.String::length (11 bytes)
Event: 0.587 Thread 0x000001ed7400b150 nmethod 172 0x000001ed5d5c1290 code [0x000001ed5d5c1460, 0x000001ed5d5c1738]
Event: 0.587 Thread 0x000001ed7400a7a0 nmethod 173 0x000001ed6506a390 code [0x000001ed6506a500, 0x000001ed6506a598]
Event: 0.590 Thread 0x000001ed7400b150  174       1       java.security.ProtectionDomain::getCodeSource (5 bytes)
Event: 0.590 Thread 0x000001ed7400b150 nmethod 174 0x000001ed6506a690 code [0x000001ed6506a820, 0x000001ed6506a8f8]

GC Heap History (0 events):
No events

Dll operation events (2 events):
Event: 0.014 Loaded shared library C:\Program Files\Android\Android Studio\jbr\bin\java.dll
Event: 0.333 Loaded shared library C:\Program Files\Android\Android Studio\jbr\bin\verify.dll

Deoptimization events (0 events):
No events

Classes unloaded (0 events):
No events

Classes redefined (0 events):
No events

Internal exceptions (0 events):
No events

VM Operations (2 events):
Event: 0.321 Executing VM operation: HandshakeAllThreads
Event: 0.321 Executing VM operation: HandshakeAllThreads done

Events (20 events):
Event: 0.601 loading class jdk/internal/math/FloatingDecimal
Event: 0.601 loading class jdk/internal/math/FloatingDecimal done
Event: 0.602 loading class jdk/internal/math/FloatingDecimal$ExceptionalBinaryToASCIIBuffer
Event: 0.602 loading class jdk/internal/math/FloatingDecimal$BinaryToASCIIConverter
Event: 0.602 loading class jdk/internal/math/FloatingDecimal$BinaryToASCIIConverter done
Event: 0.602 loading class jdk/internal/math/FloatingDecimal$ExceptionalBinaryToASCIIBuffer done
Event: 0.602 loading class jdk/internal/math/FloatingDecimal$BinaryToASCIIBuffer
Event: 0.602 loading class jdk/internal/math/FloatingDecimal$BinaryToASCIIBuffer done
Event: 0.602 loading class jdk/internal/math/FloatingDecimal$1
Event: 0.603 loading class jdk/internal/math/FloatingDecimal$1 done
Event: 0.603 loading class jdk/internal/math/FloatingDecimal$PreparedASCIIToBinaryBuffer
Event: 0.603 loading class jdk/internal/math/FloatingDecimal$ASCIIToBinaryConverter
Event: 0.603 loading class jdk/internal/math/FloatingDecimal$ASCIIToBinaryConverter done
Event: 0.603 loading class jdk/internal/math/FloatingDecimal$PreparedASCIIToBinaryBuffer done
Event: 0.603 loading class jdk/internal/math/FloatingDecimal$ASCIIToBinaryBuffer
Event: 0.604 loading class jdk/internal/math/FloatingDecimal$ASCIIToBinaryBuffer done
Event: 0.604 loading class sun/security/jca/ProviderList$2
Event: 0.604 loading class sun/security/jca/ProviderList$2 done
Event: 0.604 loading class java/security/Security
Event: 0.605 loading class java/security/Security done


Dynamic libraries:
0x00007ff67a750000 - 0x00007ff67a75a000 	C:\Program Files\Android\Android Studio\jbr\bin\java.exe
0x00007ffa06250000 - 0x00007ffa06448000 	C:\Windows\SYSTEM32\ntdll.dll
0x00007ffa05a80000 - 0x00007ffa05b3d000 	C:\Windows\System32\KERNEL32.DLL
0x00007ffa03f30000 - 0x00007ffa04226000 	C:\Windows\System32\KERNELBASE.dll
0x00007ffa03a20000 - 0x00007ffa03b20000 	C:\Windows\System32\ucrtbase.dll
0x00007ff9f73a0000 - 0x00007ff9f73b7000 	C:\Program Files\Android\Android Studio\jbr\bin\jli.dll
0x00007ffa05b40000 - 0x00007ffa05cde000 	C:\Windows\System32\USER32.dll
0x00007ffa03ed0000 - 0x00007ffa03ef2000 	C:\Windows\System32\win32u.dll
0x00007ffa05d40000 - 0x00007ffa05d6b000 	C:\Windows\System32\GDI32.dll
0x00007ffa03900000 - 0x00007ffa03a17000 	C:\Windows\System32\gdi32full.dll
0x00007ffa03b20000 - 0x00007ffa03bbd000 	C:\Windows\System32\msvcp_win.dll
0x00007ff9fe0a0000 - 0x00007ff9fe0bb000 	C:\Program Files\Android\Android Studio\jbr\bin\VCRUNTIME140.dll
0x00007ff9f7640000 - 0x00007ff9f78da000 	C:\Windows\WinSxS\amd64_microsoft.windows.common-controls_6595b64144ccf1df_6.0.19041.3636_none_60b6a03d71f818d5\COMCTL32.dll
0x00007ffa059e0000 - 0x00007ffa05a7e000 	C:\Windows\System32\msvcrt.dll
0x00007ffa058e0000 - 0x00007ffa05912000 	C:\Windows\System32\IMM32.DLL
0x00007ff9fe090000 - 0x00007ff9fe09c000 	C:\Program Files\Android\Android Studio\jbr\bin\vcruntime140_1.dll
0x00007ff9db320000 - 0x00007ff9db3ad000 	C:\Program Files\Android\Android Studio\jbr\bin\msvcp140.dll
0x00007ff969f80000 - 0x00007ff96abee000 	C:\Program Files\Android\Android Studio\jbr\bin\server\jvm.dll
0x00007ffa06160000 - 0x00007ffa06210000 	C:\Windows\System32\ADVAPI32.dll
0x00007ffa04770000 - 0x00007ffa04810000 	C:\Windows\System32\sechost.dll
0x00007ffa04400000 - 0x00007ffa04525000 	C:\Windows\System32\RPCRT4.dll
0x00007ffa03f00000 - 0x00007ffa03f27000 	C:\Windows\System32\bcrypt.dll
0x00007ff9f7390000 - 0x00007ff9f7399000 	C:\Windows\SYSTEM32\WSOCK32.dll
0x00007ffa04f20000 - 0x00007ffa04f8b000 	C:\Windows\System32\WS2_32.dll
0x00007ff9e9470000 - 0x00007ff9e9497000 	C:\Windows\SYSTEM32\WINMM.dll
0x00007ff9f56c0000 - 0x00007ff9f56ca000 	C:\Windows\SYSTEM32\VERSION.dll
0x00007ffa02100000 - 0x00007ffa02112000 	C:\Windows\SYSTEM32\kernel.appcore.dll
0x00007ff9f7380000 - 0x00007ff9f738a000 	C:\Program Files\Android\Android Studio\jbr\bin\jimage.dll
0x00007ff9e7880000 - 0x00007ff9e7a64000 	C:\Windows\SYSTEM32\DBGHELP.DLL
0x00007ff9e9670000 - 0x00007ff9e96a4000 	C:\Windows\SYSTEM32\dbgcore.DLL
0x00007ffa03dd0000 - 0x00007ffa03e52000 	C:\Windows\System32\bcryptPrimitives.dll
0x00007ff9db2f0000 - 0x00007ff9db315000 	C:\Program Files\Android\Android Studio\jbr\bin\java.dll
0x00007ff9f35c0000 - 0x00007ff9f35d8000 	C:\Program Files\Android\Android Studio\jbr\bin\zip.dll
0x00007ffa04f90000 - 0x00007ffa056fb000 	C:\Windows\System32\SHELL32.dll
0x00007ffa01860000 - 0x00007ffa01ffe000 	C:\Windows\SYSTEM32\windows.storage.dll
0x00007ffa05e00000 - 0x00007ffa06153000 	C:\Windows\System32\combase.dll
0x00007ffa03180000 - 0x00007ffa031ae000 	C:\Windows\SYSTEM32\Wldp.dll
0x00007ffa04280000 - 0x00007ffa0434d000 	C:\Windows\System32\OLEAUT32.dll
0x00007ffa04530000 - 0x00007ffa045dd000 	C:\Windows\System32\SHCORE.dll
0x00007ffa05980000 - 0x00007ffa059d5000 	C:\Windows\System32\shlwapi.dll
0x00007ffa03830000 - 0x00007ffa03855000 	C:\Windows\SYSTEM32\profapi.dll
0x00007ff9f3550000 - 0x00007ff9f3569000 	C:\Program Files\Android\Android Studio\jbr\bin\net.dll
0x00007ff9fb860000 - 0x00007ff9fb96a000 	C:\Windows\SYSTEM32\WINHTTP.dll
0x00007ffa02f60000 - 0x00007ffa02fca000 	C:\Windows\system32\mswsock.dll
0x00007ff9db2d0000 - 0x00007ff9db2e6000 	C:\Program Files\Android\Android Studio\jbr\bin\nio.dll
0x00007ff9f6ef0000 - 0x00007ff9f6f00000 	C:\Program Files\Android\Android Studio\jbr\bin\verify.dll

dbghelp: loaded successfully - version: 4.0.5 - missing functions: none
symbol engine: initialized successfully - sym options: 0x614 - pdb path: .;C:\Program Files\Android\Android Studio\jbr\bin;C:\Windows\SYSTEM32;C:\Windows\WinSxS\amd64_microsoft.windows.common-controls_6595b64144ccf1df_6.0.19041.3636_none_60b6a03d71f818d5;C:\Program Files\Android\Android Studio\jbr\bin\server

VM Arguments:
jvm_args: -Dorg.gradle.appname=gradlew 
java_command: org.gradle.wrapper.GradleWrapperMain -q -Ptarget-platform=android-x86 -Ptarget=C:\development\flutter_app\mukawwin_3\lib\main.dart -Pbase-application-name=android.app.Application -Pdart-defines=RkxVVFRFUl9XRUJfQ0FOVkFTS0lUX1VSTD1odHRwczovL3d3dy5nc3RhdGljLmNvbS9mbHV0dGVyLWNhbnZhc2tpdC9lZGQ4NTQ2MTE2NDU3YmRmMWM1YmRmYjEzZWNiOTQ2M2QyYmI1ZWQ0Lw== -Pdart-obfuscation=false -Ptrack-widget-creation=true -Ptree-shake-icons=false -Pfilesystem-scheme=org-dartlang-root assembleDebug
java_class_path (initial): C:\development\flutter_app\mukawwin_3\android\\gradle\wrapper\gradle-wrapper.jar
Launcher Type: SUN_STANDARD

[Global flags]
     intx CICompilerCount                          = 3                                         {product} {ergonomic}
     uint ConcGCThreads                            = 1                                         {product} {ergonomic}
     uint G1ConcRefinementThreads                  = 4                                         {product} {ergonomic}
   size_t G1HeapRegionSize                         = 1048576                                   {product} {ergonomic}
    uintx GCDrainStackTargetSize                   = 64                                        {product} {ergonomic}
   size_t InitialHeapSize                          = 134217728                                 {product} {ergonomic}
   size_t MarkStackSize                            = 4194304                                   {product} {ergonomic}
   size_t MaxHeapSize                              = 2122317824                                {product} {ergonomic}
   size_t MaxNewSize                               = 1272971264                                {product} {ergonomic}
   size_t MinHeapDeltaBytes                        = 1048576                                   {product} {ergonomic}
   size_t MinHeapSize                              = 8388608                                   {product} {ergonomic}
    uintx NonNMethodCodeHeapSize                   = 5832780                                {pd product} {ergonomic}
    uintx NonProfiledCodeHeapSize                  = 122912730                              {pd product} {ergonomic}
    uintx ProfiledCodeHeapSize                     = 122912730                              {pd product} {ergonomic}
    uintx ReservedCodeCacheSize                    = 251658240                              {pd product} {ergonomic}
     bool SegmentedCodeCache                       = true                                      {product} {ergonomic}
   size_t SoftMaxHeapSize                          = 2122317824                             {manageable} {ergonomic}
     bool UseCompressedClassPointers               = true                           {product lp64_product} {ergonomic}
     bool UseCompressedOops                        = true                           {product lp64_product} {ergonomic}
     bool UseG1GC                                  = true                                      {product} {ergonomic}
     bool UseLargePagesIndividualAllocation        = false                                  {pd product} {ergonomic}

Logging:
Log output configuration:
 #0: stdout all=warning uptime,level,tags
 #1: stderr all=off uptime,level,tags

Environment Variables:
JAVA_HOME=C:\Program Files\Android\Android Studio\jbr
CLASSPATH=C:\development\flutter_app\mukawwin_3\android\\gradle\wrapper\gradle-wrapper.jar
PATH=C:\Program Files\Android\Android Studio\jbr\bin;C:\Program Files\Common Files\Oracle\Java\javapath;C:\Program Files (x86)\VMware\VMware Player\bin\;C:\Windows\system32;C:\Windows;C:\Windows\System32\Wbem;C:\Windows\System32\WindowsPowerShell\v1.0\;C:\Windows\System32\OpenSSH\;C:\Program Files\Git\cmd;C:\Program Files\MATLAB\R2017a\runtime\win64;C:\Program Files\MATLAB\R2017a\bin;C:\Program Files\nodejs\;C:\Program Files\Microsoft SQL Server\110\Tools\Binn\;c:\Program Files (x86)\Microsoft SQL Server\90\Tools\binn\;C:\Visual8\Common7\IDE;C:\Visual8\VC\bin;C:\Visual8\Common7\Tools;C:\Visual8\Common7\Tools\Bin;C:\Visual8\VC\PlatformSDK\Bin;C:\Visual8\SDK\v2.0\Bin;C:\Windows\Microsoft.NET\Framework\v2.0.50727;C:\Visual8\VC\vcpackages;C:\Opnet\14.5.A\bin;C:\Program Files\Java\jdk1.8.0_65\bin;C:\Users\ALI_S\AppData\Local\Microsoft\WindowsApps;C:\development\flutter\bin;C:\Users\ALI_S\AppData\Local\Programs\Microsoft VS Code\bin;C:\development\flutter\bin\mingit\cmd;C:\development\flutter\bin\mingit\cmd
USERNAME=ALI_S
LIBPATH=C:\Windows\Microsoft.NET\Framework\v2.0.50727;C:\Visual8\VC\ATLMFC\LIB;
OS=Windows_NT
PROCESSOR_IDENTIFIER=Intel64 Family 6 Model 58 Stepping 9, GenuineIntel
TMP=C:\Users\ALI_S\AppData\Local\Temp
TEMP=C:\Users\ALI_S\AppData\Local\Temp


JNI global refs:
JNI global refs: 7, weak refs: 0

JNI global refs memory usage: 843, weak refs: 209


---------------  S Y S T E M  ---------------

OS:
 Windows 10 , 64 bit Build 19041 (10.0.19041.3636)
OS uptime: 17 days 14:45 hours
Hyper-V role detected

CPU: total 4 (initial active 4) (2 cores per cpu, 2 threads per core) family 6 model 58 stepping 9 microcode 0x21, cx8, cmov, fxsr, ht, mmx, sse, sse2, sse3, ssse3, sse4.1, sse4.2, popcnt, tsc, tscinvbit, avx, aes, erms, clmul, vzeroupper, clflush, hv

Memory: 4k page, system-wide physical 8094M (402M free)
TotalPageFile size 11711M (AvailPageFile size 0M)
current process WorkingSet (physical memory assigned to process): 34M, peak: 34M
current process commit charge ("private bytes"): 197M, peak: 197M

vm_info: OpenJDK 64-Bit Server VM (17.0.6+0-b2043.56-10027231) for windows-amd64 JRE (17.0.6+0-b2043.56-10027231), built on Apr 28 2023 00:43:19 by "androidbuild" with MS VC++ 16.10 / 16.11 (VS2019)

END.
