#
# There is insufficient memory for the Java Runtime Environment to continue.
# Native memory allocation (malloc) failed to allocate 2364048 bytes for Chunk::new
# Possible reasons:
#   The system is out of physical RAM or swap space
#   The process is running with CompressedOops enabled, and the Java Heap may be blocking the growth of the native heap
# Possible solutions:
#   Reduce memory load on the system
#   Increase physical memory or swap space
#   Check if swap backing store is full
#   Decrease Java heap size (-Xmx/-Xms)
#   Decrease number of Java threads
#   Decrease Java thread stack sizes (-Xss)
#   Set larger code cache with -XX:ReservedCodeCacheSize=
#   JVM is running with Zero Based Compressed Oops mode in which the Java heap is
#     placed in the first 32GB address space. The Java Heap base address is the
#     maximum limit for the native heap growth. Please use -XX:HeapBaseMinAddress
#     to set the Java Heap base and to place the Java Heap above 32GB virtual address.
# This output file may be truncated or incomplete.
#
#  Out of Memory Error (arena.cpp:189), pid=8236, tid=740
#
# JRE version: OpenJDK Runtime Environment (17.0.6) (build 17.0.6+0-b2043.56-10027231)
# Java VM: OpenJDK 64-Bit Server VM (17.0.6+0-b2043.56-10027231, mixed mode, tiered, compressed oops, compressed class ptrs, g1 gc, windows-amd64)
# No core dump will be written. Minidumps are not enabled by default on client versions of Windows
#

---------------  S U M M A R Y ------------

Command Line: --add-opens=java.base/java.util=ALL-UNNAMED --add-opens=java.base/java.lang=ALL-UNNAMED --add-opens=java.base/java.lang.invoke=ALL-UNNAMED --add-opens=java.base/java.util=ALL-UNNAMED --add-opens=java.prefs/java.util.prefs=ALL-UNNAMED --add-opens=java.prefs/java.util.prefs=ALL-UNNAMED --add-opens=java.base/java.nio.charset=ALL-UNNAMED --add-opens=java.base/java.net=ALL-UNNAMED --add-opens=java.base/java.util.concurrent.atomic=ALL-UNNAMED -Xmx4G -Dfile.encoding=windows-1252 -Duser.country=US -Duser.language=en -Duser.variant org.gradle.launcher.daemon.bootstrap.GradleDaemon 7.5

Host: Intel(R) Core(TM) i5-3380M CPU @ 2.90GHz, 4 cores, 7G,  Windows 10 , 64 bit Build 19041 (10.0.19041.3636)
Time: Sat Dec 28 23:26:19 2024 Syria Standard Time elapsed time: 318.258009 seconds (0d 0h 5m 18s)

---------------  T H R E A D  ---------------

Current thread (0x0000019f7fc4cc10):  JavaThread "C2 CompilerThread0" daemon [_thread_in_native, id=740, stack(0x000000237c700000,0x000000237c800000)]


Current CompileTask:
C2: 318258 19409 %     4       org.objectweb.asm.ClassReader::readCode @ 92 (5109 bytes)

Stack: [0x000000237c700000,0x000000237c800000]
Native frames: (J=compiled Java code, j=interpreted, Vv=VM code, C=native code)
V  [jvm.dll+0x683c9a]
V  [jvm.dll+0x8427a4]
V  [jvm.dll+0x843f9e]
V  [jvm.dll+0x844603]
V  [jvm.dll+0x249b75]
V  [jvm.dll+0xabcac]
V  [jvm.dll+0xac27c]
V  [jvm.dll+0x368857]
V  [jvm.dll+0x1bced2]
V  [jvm.dll+0x21c359]
V  [jvm.dll+0x21b621]
V  [jvm.dll+0x1a4fdd]
V  [jvm.dll+0x22b098]
V  [jvm.dll+0x229159]
V  [jvm.dll+0x7f81ec]
V  [jvm.dll+0x7f274a]
V  [jvm.dll+0x682ad5]
C  [ucrtbase.dll+0x21bb2]
C  [KERNEL32.DLL+0x17344]
C  [ntdll.dll+0x526b1]


---------------  P R O C E S S  ---------------

Threads class SMR info:
_java_thread_list=0x0000019f0e382aa0, length=99, elements={
0x0000019f611d77a0, 0x0000019f7f3cea20, 0x0000019f7fc02940, 0x0000019f7fc30540,
0x0000019f7fc34f20, 0x0000019f7fc357e0, 0x0000019f7fc4a010, 0x0000019f7fc4cc10,
0x0000019f7fc4dcb0, 0x0000019f7fcaf530, 0x0000019f7fdc5f40, 0x0000019f7fddb440,
0x0000019f0283b2c0, 0x0000019f03111570, 0x0000019f0315aaa0, 0x0000019f01678020,
0x0000019f01678c90, 0x0000019f02518810, 0x0000019f0251a4f0, 0x0000019f02517000,
0x0000019f025174d0, 0x0000019f0251a020, 0x0000019f0251a9c0, 0x0000019f02517e70,
0x0000019f02518340, 0x0000019f025191b0, 0x0000019f02519680, 0x0000019f02519b50,
0x0000019f0415e550, 0x0000019f0415f3c0, 0x0000019f04165400, 0x0000019f041658d0,
0x0000019f041640c0, 0x0000019f0415ea20, 0x0000019f04162d80, 0x0000019f04161f10,
0x0000019f04164a60, 0x0000019f04161a40, 0x0000019f041623e0, 0x0000019f04161570,
0x0000019f04160700, 0x0000019f028201e0, 0x0000019f02821ec0, 0x0000019f02821050,
0x0000019f02822d30, 0x0000019f02824070, 0x0000019f02822860, 0x0000019f02823200,
0x0000019f028236d0, 0x0000019f02823ba0, 0x0000019f02825880, 0x0000019f02822390,
0x0000019f02824540, 0x0000019f0281f370, 0x0000019f02824a10, 0x0000019f028266f0,
0x0000019f02410580, 0x0000019f02415c20, 0x0000019f024130d0, 0x0000019f024135a0,
0x0000019f02410f20, 0x0000019f024118c0, 0x0000019f02413a70, 0x0000019f02412c00,
0x0000019f02413f40, 0x0000019f02417430, 0x0000019f02415280, 0x0000019f02414410,
0x0000019f024148e0, 0x0000019f02414db0, 0x0000019f02415750, 0x0000019f024160f0,
0x0000019f024165c0, 0x0000019f024100b0, 0x0000019f02416a90, 0x0000019f02416f60,
0x0000019f024113f0, 0x0000019f02410a50, 0x0000019f02411d90, 0x0000019f7ff24de0,
0x0000019f7ff205b0, 0x0000019f7ff21420, 0x0000019f7ff22c30, 0x0000019f7ff23aa0,
0x0000019f7ff1fc10, 0x0000019f7ff22760, 0x0000019f7ff235d0, 0x0000019f7ff1e8d0,
0x0000019f7ff252b0, 0x0000019f02824ee0, 0x0000019f02820b80, 0x0000019f0415fd60,
0x0000019f06db6a00, 0x0000019f06dbca40, 0x0000019f06dbbbd0, 0x0000019f06db73a0,
0x0000019f06dba890, 0x0000019f06db6060, 0x0000019f0a17d740
}

Java Threads: ( => current thread )
  0x0000019f611d77a0 JavaThread "main" [_thread_blocked, id=11292, stack(0x000000237ba00000,0x000000237bb00000)]
  0x0000019f7f3cea20 JavaThread "Reference Handler" daemon [_thread_blocked, id=13984, stack(0x000000237c100000,0x000000237c200000)]
  0x0000019f7fc02940 JavaThread "Finalizer" daemon [_thread_blocked, id=10228, stack(0x000000237c200000,0x000000237c300000)]
  0x0000019f7fc30540 JavaThread "Signal Dispatcher" daemon [_thread_blocked, id=11348, stack(0x000000237c300000,0x000000237c400000)]
  0x0000019f7fc34f20 JavaThread "Attach Listener" daemon [_thread_blocked, id=12544, stack(0x000000237c400000,0x000000237c500000)]
  0x0000019f7fc357e0 JavaThread "Service Thread" daemon [_thread_blocked, id=8904, stack(0x000000237c500000,0x000000237c600000)]
  0x0000019f7fc4a010 JavaThread "Monitor Deflation Thread" daemon [_thread_blocked, id=1348, stack(0x000000237c600000,0x000000237c700000)]
=>0x0000019f7fc4cc10 JavaThread "C2 CompilerThread0" daemon [_thread_in_native, id=740, stack(0x000000237c700000,0x000000237c800000)]
  0x0000019f7fc4dcb0 JavaThread "C1 CompilerThread0" daemon [_thread_blocked, id=2664, stack(0x000000237c800000,0x000000237c900000)]
  0x0000019f7fcaf530 JavaThread "Sweeper thread" daemon [_thread_blocked, id=20248, stack(0x000000237c900000,0x000000237ca00000)]
  0x0000019f7fdc5f40 JavaThread "Common-Cleaner" daemon [_thread_blocked, id=16896, stack(0x000000237ca00000,0x000000237cb00000)]
  0x0000019f7fddb440 JavaThread "Notification Thread" daemon [_thread_blocked, id=2096, stack(0x000000237cb00000,0x000000237cc00000)]
  0x0000019f0283b2c0 JavaThread "Daemon health stats" [_thread_blocked, id=9896, stack(0x000000237d100000,0x000000237d200000)]
  0x0000019f03111570 JavaThread "Incoming local TCP Connector on port 61372" [_thread_in_native, id=12836, stack(0x000000237d000000,0x000000237d100000)]
  0x0000019f0315aaa0 JavaThread "Daemon periodic checks" [_thread_blocked, id=15860, stack(0x000000237d200000,0x000000237d300000)]
  0x0000019f01678020 JavaThread "Daemon" [_thread_blocked, id=17504, stack(0x000000237d400000,0x000000237d500000)]
  0x0000019f01678c90 JavaThread "Handler for socket connection from /127.0.0.1:61372 to /127.0.0.1:61373" [_thread_in_native, id=8548, stack(0x000000237d500000,0x000000237d600000)]
  0x0000019f02518810 JavaThread "Cancel handler" [_thread_blocked, id=11804, stack(0x000000237d300000,0x000000237d400000)]
  0x0000019f0251a4f0 JavaThread "Daemon worker" [_thread_blocked, id=9604, stack(0x000000237d600000,0x000000237d700000)]
  0x0000019f02517000 JavaThread "Asynchronous log dispatcher for DefaultDaemonConnection: socket connection from /127.0.0.1:61372 to /127.0.0.1:61373" [_thread_blocked, id=13040, stack(0x000000237d700000,0x000000237d800000)]
  0x0000019f025174d0 JavaThread "Stdin handler" [_thread_blocked, id=14112, stack(0x000000237d800000,0x000000237d900000)]
  0x0000019f0251a020 JavaThread "Daemon client event forwarder" [_thread_blocked, id=1676, stack(0x000000237d900000,0x000000237da00000)]
  0x0000019f0251a9c0 JavaThread "Cache worker for journal cache (C:\Users\ALI_S\.gradle\caches\journal-1)" [_thread_blocked, id=19776, stack(0x000000237da00000,0x000000237db00000)]
  0x0000019f02517e70 JavaThread "File lock request listener" [_thread_in_native, id=5324, stack(0x000000237db00000,0x000000237dc00000)]
  0x0000019f02518340 JavaThread "Cache worker for file hash cache (C:\Users\ALI_S\.gradle\caches\7.5\fileHashes)" [_thread_blocked, id=16928, stack(0x000000237dc00000,0x000000237dd00000)]
  0x0000019f025191b0 JavaThread "File watcher server" daemon [_thread_in_native, id=18584, stack(0x000000237dd00000,0x000000237de00000)]
  0x0000019f02519680 JavaThread "File watcher consumer" daemon [_thread_blocked, id=18616, stack(0x000000237de00000,0x000000237df00000)]
  0x0000019f02519b50 JavaThread "Cache worker for checksums cache (C:\development\flutter_app\mukawwin_3\android\.gradle\7.5\checksums)" [_thread_blocked, id=19188, stack(0x000000237df00000,0x000000237e000000)]
  0x0000019f0415e550 JavaThread "Cache worker for cache directory md-rule (C:\Users\ALI_S\.gradle\caches\7.5\md-rule)" [_thread_blocked, id=12160, stack(0x000000237e000000,0x000000237e100000)]
  0x0000019f0415f3c0 JavaThread "Cache worker for file content cache (C:\Users\ALI_S\.gradle\caches\7.5\fileContent)" [_thread_blocked, id=10588, stack(0x000000237e100000,0x000000237e200000)]
  0x0000019f04165400 JavaThread "Cache worker for file hash cache (C:\development\flutter_app\mukawwin_3\android\.gradle\7.5\fileHashes)" [_thread_blocked, id=17456, stack(0x000000237e200000,0x000000237e300000)]
  0x0000019f041658d0 JavaThread "Cache worker for cache directory md-supplier (C:\Users\ALI_S\.gradle\caches\7.5\md-supplier)" [_thread_blocked, id=8408, stack(0x000000237e300000,0x000000237e400000)]
  0x0000019f041640c0 JavaThread "Cache worker for execution history cache (C:\Users\ALI_S\.gradle\caches\7.5\executionHistory)" [_thread_blocked, id=16068, stack(0x000000237e400000,0x000000237e500000)]
  0x0000019f0415ea20 JavaThread "jar transforms" [_thread_blocked, id=18332, stack(0x000000237e600000,0x000000237e700000)]
  0x0000019f04162d80 JavaThread "Cache worker for kotlin-dsl (C:\Users\ALI_S\.gradle\caches\7.5\kotlin-dsl)" [_thread_blocked, id=18880, stack(0x000000237e700000,0x000000237e800000)]
  0x0000019f04161f10 JavaThread "jar transforms Thread 2" [_thread_blocked, id=1964, stack(0x000000237e500000,0x000000237e600000)]
  0x0000019f04164a60 JavaThread "Cache worker for dependencies-accessors (C:\development\flutter_app\mukawwin_3\android\.gradle\7.5\dependencies-accessors)" [_thread_blocked, id=7332, stack(0x000000237e800000,0x000000237e900000)]
  0x0000019f04161a40 JavaThread "Cache worker for Build Output Cleanup Cache (C:\development\flutter\packages\flutter_tools\gradle\.gradle\buildOutputCleanup)" [_thread_blocked, id=17060, stack(0x000000237e900000,0x000000237ea00000)]
  0x0000019f041623e0 JavaThread "jar transforms Thread 3" [_thread_blocked, id=6956, stack(0x000000237ea00000,0x000000237eb00000)]
  0x0000019f04161570 JavaThread "Memory manager" [_thread_blocked, id=4864, stack(0x000000237eb00000,0x000000237ec00000)]
  0x0000019f04160700 JavaThread "jar transforms Thread 4" [_thread_blocked, id=18844, stack(0x000000237b700000,0x000000237b800000)]
  0x0000019f028201e0 JavaThread "included builds" [_thread_blocked, id=9324, stack(0x000000237ed00000,0x000000237ee00000)]
  0x0000019f02821ec0 JavaThread "Execution worker" [_thread_blocked, id=6808, stack(0x000000237ee00000,0x000000237ef00000)]
  0x0000019f02821050 JavaThread "Execution worker Thread 2" [_thread_in_Java, id=18496, stack(0x000000237ef00000,0x000000237f000000)]
  0x0000019f02822d30 JavaThread "Execution worker Thread 3" [_thread_blocked, id=19752, stack(0x000000237f000000,0x000000237f100000)]
  0x0000019f02824070 JavaThread "Cache worker for execution history cache (C:\development\flutter\packages\flutter_tools\gradle\.gradle\7.5\executionHistory)" [_thread_blocked, id=444, stack(0x000000237f100000,0x000000237f200000)]
  0x0000019f02822860 JavaThread "Unconstrained build operations" [_thread_blocked, id=11692, stack(0x000000237ec00000,0x000000237ed00000)]
  0x0000019f02823200 JavaThread "Unconstrained build operations Thread 2" [_thread_blocked, id=2084, stack(0x000000237f200000,0x000000237f300000)]
  0x0000019f028236d0 JavaThread "Unconstrained build operations Thread 3" [_thread_blocked, id=17896, stack(0x000000237f300000,0x000000237f400000)]
  0x0000019f02823ba0 JavaThread "Unconstrained build operations Thread 4" [_thread_blocked, id=6028, stack(0x000000237f400000,0x000000237f500000)]
  0x0000019f02825880 JavaThread "Unconstrained build operations Thread 5" [_thread_blocked, id=15844, stack(0x000000237f500000,0x000000237f600000)]
  0x0000019f02822390 JavaThread "Unconstrained build operations Thread 6" [_thread_blocked, id=17240, stack(0x000000237f600000,0x000000237f700000)]
  0x0000019f02824540 JavaThread "Unconstrained build operations Thread 7" [_thread_blocked, id=6684, stack(0x000000237f700000,0x000000237f800000)]
  0x0000019f0281f370 JavaThread "Unconstrained build operations Thread 8" [_thread_blocked, id=18220, stack(0x000000237f800000,0x000000237f900000)]
  0x0000019f02824a10 JavaThread "Unconstrained build operations Thread 9" [_thread_blocked, id=8544, stack(0x000000237f900000,0x000000237fa00000)]
  0x0000019f028266f0 JavaThread "Unconstrained build operations Thread 10" [_thread_blocked, id=12860, stack(0x000000237fa00000,0x000000237fb00000)]
  0x0000019f02410580 JavaThread "Unconstrained build operations Thread 11" [_thread_blocked, id=16672, stack(0x0000002300900000,0x0000002300a00000)]
  0x0000019f02415c20 JavaThread "Unconstrained build operations Thread 12" [_thread_blocked, id=10840, stack(0x0000002300a00000,0x0000002300b00000)]
  0x0000019f024130d0 JavaThread "Unconstrained build operations Thread 13" [_thread_blocked, id=14736, stack(0x0000002300b00000,0x0000002300c00000)]
  0x0000019f024135a0 JavaThread "Unconstrained build operations Thread 14" [_thread_blocked, id=10300, stack(0x0000002300c00000,0x0000002300d00000)]
  0x0000019f02410f20 JavaThread "Unconstrained build operations Thread 15" [_thread_blocked, id=12968, stack(0x0000002300d00000,0x0000002300e00000)]
  0x0000019f024118c0 JavaThread "Unconstrained build operations Thread 16" [_thread_blocked, id=14996, stack(0x0000002300e00000,0x0000002300f00000)]
  0x0000019f02413a70 JavaThread "Unconstrained build operations Thread 17" [_thread_blocked, id=16860, stack(0x0000002300f00000,0x0000002301000000)]
  0x0000019f02412c00 JavaThread "Unconstrained build operations Thread 18" [_thread_blocked, id=8072, stack(0x0000002301000000,0x0000002301100000)]
  0x0000019f02413f40 JavaThread "Unconstrained build operations Thread 19" [_thread_blocked, id=3012, stack(0x0000002301100000,0x0000002301200000)]
  0x0000019f02417430 JavaThread "Unconstrained build operations Thread 20" [_thread_blocked, id=5092, stack(0x0000002301200000,0x0000002301300000)]
  0x0000019f02415280 JavaThread "Unconstrained build operations Thread 21" [_thread_blocked, id=6176, stack(0x0000002301300000,0x0000002301400000)]
  0x0000019f02414410 JavaThread "Unconstrained build operations Thread 22" [_thread_blocked, id=16612, stack(0x0000002301400000,0x0000002301500000)]
  0x0000019f024148e0 JavaThread "Unconstrained build operations Thread 23" [_thread_blocked, id=18780, stack(0x0000002301500000,0x0000002301600000)]
  0x0000019f02414db0 JavaThread "Unconstrained build operations Thread 24" [_thread_blocked, id=16300, stack(0x0000002301600000,0x0000002301700000)]
  0x0000019f02415750 JavaThread "Unconstrained build operations Thread 25" [_thread_blocked, id=19564, stack(0x0000002301700000,0x0000002301800000)]
  0x0000019f024160f0 JavaThread "Unconstrained build operations Thread 26" [_thread_blocked, id=19008, stack(0x0000002301800000,0x0000002301900000)]
  0x0000019f024165c0 JavaThread "Unconstrained build operations Thread 27" [_thread_blocked, id=1644, stack(0x0000002301900000,0x0000002301a00000)]
  0x0000019f024100b0 JavaThread "Unconstrained build operations Thread 28" [_thread_blocked, id=13528, stack(0x0000002301a00000,0x0000002301b00000)]
  0x0000019f02416a90 JavaThread "Unconstrained build operations Thread 29" [_thread_blocked, id=18720, stack(0x0000002301b00000,0x0000002301c00000)]
  0x0000019f02416f60 JavaThread "Unconstrained build operations Thread 30" [_thread_blocked, id=7336, stack(0x0000002301c00000,0x0000002301d00000)]
  0x0000019f024113f0 JavaThread "Unconstrained build operations Thread 31" [_thread_blocked, id=10068, stack(0x0000002301d00000,0x0000002301e00000)]
  0x0000019f02410a50 JavaThread "Unconstrained build operations Thread 32" [_thread_blocked, id=10184, stack(0x0000002301e00000,0x0000002301f00000)]
  0x0000019f02411d90 JavaThread "Unconstrained build operations Thread 33" [_thread_blocked, id=6796, stack(0x0000002301f00000,0x0000002302000000)]
  0x0000019f7ff24de0 JavaThread "Unconstrained build operations Thread 34" [_thread_blocked, id=7480, stack(0x0000002302000000,0x0000002302100000)]
  0x0000019f7ff205b0 JavaThread "Unconstrained build operations Thread 35" [_thread_blocked, id=17164, stack(0x0000002302100000,0x0000002302200000)]
  0x0000019f7ff21420 JavaThread "Unconstrained build operations Thread 36" [_thread_blocked, id=15724, stack(0x0000002302200000,0x0000002302300000)]
  0x0000019f7ff22c30 JavaThread "Unconstrained build operations Thread 37" [_thread_blocked, id=15356, stack(0x0000002302300000,0x0000002302400000)]
  0x0000019f7ff23aa0 JavaThread "Unconstrained build operations Thread 38" [_thread_blocked, id=16600, stack(0x0000002302400000,0x0000002302500000)]
  0x0000019f7ff1fc10 JavaThread "Unconstrained build operations Thread 39" [_thread_blocked, id=5232, stack(0x0000002302500000,0x0000002302600000)]
  0x0000019f7ff22760 JavaThread "Unconstrained build operations Thread 40" [_thread_blocked, id=6128, stack(0x0000002302600000,0x0000002302700000)]
  0x0000019f7ff235d0 JavaThread "Cache worker for Build Output Cleanup Cache (C:\development\flutter_app\mukawwin_3\android\.gradle\buildOutputCleanup)" [_thread_blocked, id=11568, stack(0x0000002300500000,0x0000002300600000)]
  0x0000019f7ff1e8d0 JavaThread "Cache worker for execution history cache (C:\development\flutter_app\mukawwin_3\android\.gradle\7.5\executionHistory)" [_thread_blocked, id=12704, stack(0x0000002300400000,0x0000002300500000)]
  0x0000019f7ff252b0 JavaThread "WorkerExecutor Queue" [_thread_blocked, id=4860, stack(0x0000002300200000,0x0000002300300000)]
  0x0000019f02824ee0 JavaThread "WorkerExecutor Queue Thread 2" [_thread_in_native, id=11396, stack(0x0000002300600000,0x0000002300700000)]
  0x0000019f02820b80 JavaThread "WorkerExecutor Queue Thread 3" [_thread_blocked, id=19040, stack(0x0000002300300000,0x0000002300400000)]
  0x0000019f0415fd60 JavaThread "RMI Scheduler(0)" daemon [_thread_blocked, id=6428, stack(0x0000002300800000,0x0000002300900000)]
  0x0000019f06db6a00 JavaThread "RMI RenewClean-[127.0.0.1:17755,org.jetbrains.kotlin.daemon.common.LoopbackNetworkInterface$ClientLoopbackSocketFactory@4a04b37]" daemon [_thread_blocked, id=6960, stack(0x0000002302700000,0x0000002302800000)]
  0x0000019f06dbca40 JavaThread "RMI GC Daemon" daemon [_thread_blocked, id=4168, stack(0x0000002302800000,0x0000002302900000)]
  0x0000019f06dbbbd0 JavaThread "RMI TCP Accept-0" daemon [_thread_in_native, id=17784, stack(0x0000002302900000,0x0000002302a00000)]
  0x0000019f06db73a0 JavaThread "RMI Reaper" [_thread_blocked, id=17636, stack(0x0000002302a00000,0x0000002302b00000)]
  0x0000019f06dba890 JavaThread "RMI TCP Connection(1)-127.0.0.1" daemon [_thread_in_native, id=17864, stack(0x0000002302b00000,0x0000002302c00000)]
  0x0000019f06db6060 JavaThread "WorkerExecutor Queue Thread 4" [_thread_blocked, id=18140, stack(0x0000002300000000,0x0000002300100000)]
  0x0000019f0a17d740 JavaThread "C2 CompilerThread1" daemon [_thread_in_native, id=19732, stack(0x0000002302c00000,0x0000002302d00000)]

Other Threads:
  0x0000019f7f3ab070 VMThread "VM Thread" [stack: 0x000000237c000000,0x000000237c100000] [id=15552]
  0x0000019f7fddb910 WatcherThread [stack: 0x000000237cc00000,0x000000237cd00000] [id=14136]
  0x0000019f612422b0 GCTaskThread "GC Thread#0" [stack: 0x000000237bb00000,0x000000237bc00000] [id=15992]
  0x0000019f7ffeb250 GCTaskThread "GC Thread#1" [stack: 0x000000237ce00000,0x000000237cf00000] [id=13448]
  0x0000019f7fe8e0a0 GCTaskThread "GC Thread#2" [stack: 0x000000237cf00000,0x000000237d000000] [id=14376]
  0x0000019f7ffd2680 GCTaskThread "GC Thread#3" [stack: 0x000000237cd00000,0x000000237ce00000] [id=6244]
  0x0000019f61253100 ConcurrentGCThread "G1 Main Marker" [stack: 0x000000237bc00000,0x000000237bd00000] [id=14040]
  0x0000019f61253a20 ConcurrentGCThread "G1 Conc#0" [stack: 0x000000237bd00000,0x000000237be00000] [id=4036]
  0x0000019f7f2120b0 ConcurrentGCThread "G1 Refine#0" [stack: 0x000000237be00000,0x000000237bf00000] [id=18492]
  0x0000019f7f2129e0 ConcurrentGCThread "G1 Service" [stack: 0x000000237bf00000,0x000000237c000000] [id=11380]

Threads with active compile tasks:
C2 CompilerThread0   318316 19409 %     4       org.objectweb.asm.ClassReader::readCode @ 92 (5109 bytes)
C2 CompilerThread1   318316 19554       4       org.objectweb.asm.MethodVisitor::visitInsn (16 bytes)

VM state: not at safepoint (normal execution)

VM Mutex/Monitor currently owned by a thread: None

Heap address: 0x0000000700000000, size: 4096 MB, Compressed Oops mode: Zero based, Oop shift amount: 3

CDS archive(s) not mapped
Compressed class space mapped at: 0x0000000800000000-0x0000000840000000, reserved size: 1073741824
Narrow klass base: 0x0000000800000000, Narrow klass shift: 0, Narrow klass range: 0x40000000

GC Precious Log:
 CPUs: 4 total, 4 available
 Memory: 8094M
 Large Page Support: Disabled
 NUMA Support: Disabled
 Compressed Oops: Enabled (Zero based)
 Heap Region Size: 2M
 Heap Min Capacity: 8M
 Heap Initial Capacity: 128M
 Heap Max Capacity: 4G
 Pre-touch: Disabled
 Parallel Workers: 4
 Concurrent Workers: 1
 Concurrent Refinement Workers: 4
 Periodic GC: Disabled

Heap:
 garbage-first heap   total 501760K, used 278400K [0x0000000700000000, 0x0000000800000000)
  region size 2048K, 49 young (100352K), 2 survivors (4096K)
 Metaspace       used 118567K, committed 119936K, reserved 1155072K
  class space    used 16029K, committed 16640K, reserved 1048576K

Heap Regions: E=young(eden), S=young(survivor), O=old, HS=humongous(starts), HC=humongous(continues), CS=collection set, F=free, OA=open archive, CA=closed archive, TAMS=top-at-mark-start (previous, next)
|   0|0x0000000700000000, 0x0000000700200000, 0x0000000700200000|100%|HS|  |TAMS 0x0000000700200000, 0x0000000700000000| Complete 
|   1|0x0000000700200000, 0x0000000700400000, 0x0000000700400000|100%|HC|  |TAMS 0x0000000700400000, 0x0000000700200000| Complete 
|   2|0x0000000700400000, 0x0000000700600000, 0x0000000700600000|100%| O|  |TAMS 0x0000000700600000, 0x0000000700400000| Untracked 
|   3|0x0000000700600000, 0x0000000700800000, 0x0000000700800000|100%| O|  |TAMS 0x0000000700800000, 0x0000000700600000| Untracked 
|   4|0x0000000700800000, 0x0000000700a00000, 0x0000000700a00000|100%| O|  |TAMS 0x0000000700a00000, 0x0000000700800000| Untracked 
|   5|0x0000000700a00000, 0x0000000700c00000, 0x0000000700c00000|100%| O|  |TAMS 0x0000000700c00000, 0x0000000700a00000| Untracked 
|   6|0x0000000700c00000, 0x0000000700e00000, 0x0000000700e00000|100%| O|  |TAMS 0x0000000700e00000, 0x0000000700c00000| Untracked 
|   7|0x0000000700e00000, 0x0000000701000000, 0x0000000701000000|100%| O|  |TAMS 0x0000000701000000, 0x0000000700e00000| Untracked 
|   8|0x0000000701000000, 0x0000000701200000, 0x0000000701200000|100%| O|  |TAMS 0x0000000701200000, 0x0000000701000000| Untracked 
|   9|0x0000000701200000, 0x0000000701400000, 0x0000000701400000|100%| O|  |TAMS 0x0000000701400000, 0x0000000701200000| Untracked 
|  10|0x0000000701400000, 0x0000000701600000, 0x0000000701600000|100%| O|  |TAMS 0x0000000701600000, 0x0000000701400000| Untracked 
|  11|0x0000000701600000, 0x0000000701800000, 0x0000000701800000|100%| O|  |TAMS 0x0000000701800000, 0x0000000701600000| Untracked 
|  12|0x0000000701800000, 0x0000000701a00000, 0x0000000701a00000|100%| O|  |TAMS 0x0000000701a00000, 0x0000000701800000| Untracked 
|  13|0x0000000701a00000, 0x0000000701c00000, 0x0000000701c00000|100%| O|  |TAMS 0x0000000701c00000, 0x0000000701a00000| Untracked 
|  14|0x0000000701c00000, 0x0000000701e00000, 0x0000000701e00000|100%| O|  |TAMS 0x0000000701e00000, 0x0000000701c00000| Untracked 
|  15|0x0000000701e00000, 0x0000000702000000, 0x0000000702000000|100%| O|  |TAMS 0x0000000702000000, 0x0000000701e00000| Untracked 
|  16|0x0000000702000000, 0x0000000702200000, 0x0000000702200000|100%| O|  |TAMS 0x0000000702200000, 0x0000000702000000| Untracked 
|  17|0x0000000702200000, 0x0000000702400000, 0x0000000702400000|100%| O|  |TAMS 0x0000000702400000, 0x0000000702200000| Untracked 
|  18|0x0000000702400000, 0x0000000702600000, 0x0000000702600000|100%| O|  |TAMS 0x0000000702600000, 0x0000000702400000| Untracked 
|  19|0x0000000702600000, 0x0000000702800000, 0x0000000702800000|100%| O|  |TAMS 0x0000000702800000, 0x0000000702600000| Untracked 
|  20|0x0000000702800000, 0x0000000702a00000, 0x0000000702a00000|100%| O|  |TAMS 0x0000000702a00000, 0x0000000702800000| Untracked 
|  21|0x0000000702a00000, 0x0000000702c00000, 0x0000000702c00000|100%| O|  |TAMS 0x0000000702c00000, 0x0000000702a00000| Untracked 
|  22|0x0000000702c00000, 0x0000000702e00000, 0x0000000702e00000|100%| O|  |TAMS 0x0000000702e00000, 0x0000000702c00000| Untracked 
|  23|0x0000000702e00000, 0x0000000703000000, 0x0000000703000000|100%|HS|  |TAMS 0x0000000703000000, 0x0000000702e00000| Complete 
|  24|0x0000000703000000, 0x0000000703200000, 0x0000000703200000|100%| O|  |TAMS 0x0000000703200000, 0x0000000703000000| Untracked 
|  25|0x0000000703200000, 0x0000000703400000, 0x0000000703400000|100%| O|  |TAMS 0x0000000703400000, 0x0000000703200000| Untracked 
|  26|0x0000000703400000, 0x0000000703600000, 0x0000000703600000|100%| O|  |TAMS 0x0000000703600000, 0x0000000703400000| Untracked 
|  27|0x0000000703600000, 0x0000000703800000, 0x0000000703800000|100%|HS|  |TAMS 0x0000000703800000, 0x0000000703600000| Complete 
|  28|0x0000000703800000, 0x0000000703a00000, 0x0000000703a00000|100%|HC|  |TAMS 0x0000000703a00000, 0x0000000703800000| Complete 
|  29|0x0000000703a00000, 0x0000000703c00000, 0x0000000703c00000|100%| O|  |TAMS 0x0000000703c00000, 0x0000000703a00000| Untracked 
|  30|0x0000000703c00000, 0x0000000703e00000, 0x0000000703e00000|100%| O|  |TAMS 0x0000000703e00000, 0x0000000703c00000| Untracked 
|  31|0x0000000703e00000, 0x0000000704000000, 0x0000000704000000|100%| O|  |TAMS 0x0000000704000000, 0x0000000703e00000| Untracked 
|  32|0x0000000704000000, 0x0000000704200000, 0x0000000704200000|100%| O|  |TAMS 0x0000000704200000, 0x0000000704000000| Untracked 
|  33|0x0000000704200000, 0x0000000704400000, 0x0000000704400000|100%| O|  |TAMS 0x0000000704400000, 0x0000000704200000| Untracked 
|  34|0x0000000704400000, 0x0000000704600000, 0x0000000704600000|100%| O|  |TAMS 0x0000000704600000, 0x0000000704400000| Untracked 
|  35|0x0000000704600000, 0x0000000704800000, 0x0000000704800000|100%| O|  |TAMS 0x0000000704800000, 0x0000000704600000| Untracked 
|  36|0x0000000704800000, 0x0000000704a00000, 0x0000000704a00000|100%| O|  |TAMS 0x0000000704a00000, 0x0000000704800000| Untracked 
|  37|0x0000000704a00000, 0x0000000704c00000, 0x0000000704c00000|100%| O|  |TAMS 0x0000000704c00000, 0x0000000704a00000| Untracked 
|  38|0x0000000704c00000, 0x0000000704e00000, 0x0000000704e00000|100%| O|  |TAMS 0x0000000704e00000, 0x0000000704c00000| Untracked 
|  39|0x0000000704e00000, 0x0000000705000000, 0x0000000705000000|100%| O|  |TAMS 0x0000000705000000, 0x0000000704e00000| Untracked 
|  40|0x0000000705000000, 0x0000000705200000, 0x0000000705200000|100%| O|  |TAMS 0x0000000705200000, 0x0000000705000000| Untracked 
|  41|0x0000000705200000, 0x0000000705400000, 0x0000000705400000|100%| O|  |TAMS 0x0000000705400000, 0x0000000705200000| Untracked 
|  42|0x0000000705400000, 0x0000000705600000, 0x0000000705600000|100%| O|  |TAMS 0x0000000705600000, 0x0000000705400000| Untracked 
|  43|0x0000000705600000, 0x0000000705800000, 0x0000000705800000|100%| O|  |TAMS 0x0000000705800000, 0x0000000705600000| Untracked 
|  44|0x0000000705800000, 0x0000000705a00000, 0x0000000705a00000|100%| O|  |TAMS 0x0000000705a00000, 0x0000000705800000| Untracked 
|  45|0x0000000705a00000, 0x0000000705c00000, 0x0000000705c00000|100%| O|  |TAMS 0x0000000705c00000, 0x0000000705a00000| Untracked 
|  46|0x0000000705c00000, 0x0000000705e00000, 0x0000000705e00000|100%| O|  |TAMS 0x0000000705e00000, 0x0000000705c00000| Untracked 
|  47|0x0000000705e00000, 0x0000000706000000, 0x0000000706000000|100%| O|  |TAMS 0x0000000706000000, 0x0000000705e00000| Untracked 
|  48|0x0000000706000000, 0x0000000706200000, 0x0000000706200000|100%| O|  |TAMS 0x0000000706200000, 0x0000000706000000| Untracked 
|  49|0x0000000706200000, 0x0000000706400000, 0x0000000706400000|100%| O|  |TAMS 0x0000000706400000, 0x0000000706200000| Untracked 
|  50|0x0000000706400000, 0x0000000706600000, 0x0000000706600000|100%| O|  |TAMS 0x0000000706600000, 0x0000000706400000| Untracked 
|  51|0x0000000706600000, 0x0000000706800000, 0x0000000706800000|100%| O|  |TAMS 0x0000000706800000, 0x0000000706600000| Untracked 
|  52|0x0000000706800000, 0x0000000706a00000, 0x0000000706a00000|100%| O|  |TAMS 0x0000000706a00000, 0x0000000706800000| Untracked 
|  53|0x0000000706a00000, 0x0000000706c00000, 0x0000000706c00000|100%| O|  |TAMS 0x0000000706c00000, 0x0000000706a00000| Untracked 
|  54|0x0000000706c00000, 0x0000000706e00000, 0x0000000706e00000|100%| O|  |TAMS 0x0000000706e00000, 0x0000000706c00000| Untracked 
|  55|0x0000000706e00000, 0x0000000707000000, 0x0000000707000000|100%| O|  |TAMS 0x0000000707000000, 0x0000000706e00000| Untracked 
|  56|0x0000000707000000, 0x0000000707200000, 0x0000000707200000|100%| O|  |TAMS 0x0000000707200000, 0x0000000707000000| Untracked 
|  57|0x0000000707200000, 0x0000000707400000, 0x0000000707400000|100%| O|  |TAMS 0x0000000707400000, 0x0000000707200000| Untracked 
|  58|0x0000000707400000, 0x0000000707600000, 0x0000000707600000|100%| O|  |TAMS 0x0000000707600000, 0x0000000707400000| Untracked 
|  59|0x0000000707600000, 0x0000000707800000, 0x0000000707800000|100%| O|  |TAMS 0x0000000707800000, 0x0000000707600000| Untracked 
|  60|0x0000000707800000, 0x0000000707a00000, 0x0000000707a00000|100%| O|  |TAMS 0x0000000707a00000, 0x0000000707800000| Untracked 
|  61|0x0000000707a00000, 0x0000000707a00000, 0x0000000707c00000|  0%| F|  |TAMS 0x0000000707a00000, 0x0000000707a00000| Untracked 
|  62|0x0000000707c00000, 0x0000000707e00000, 0x0000000707e00000|100%| O|  |TAMS 0x0000000707e00000, 0x0000000707c00000| Untracked 
|  63|0x0000000707e00000, 0x0000000708000000, 0x0000000708000000|100%| O|  |TAMS 0x0000000708000000, 0x0000000707e00000| Untracked 
|  64|0x0000000708000000, 0x0000000708200000, 0x0000000708200000|100%| O|  |TAMS 0x0000000708200000, 0x0000000708000000| Untracked 
|  65|0x0000000708200000, 0x0000000708400000, 0x0000000708400000|100%| O|  |TAMS 0x0000000708400000, 0x0000000708200000| Untracked 
|  66|0x0000000708400000, 0x0000000708600000, 0x0000000708600000|100%| O|  |TAMS 0x0000000708600000, 0x0000000708400000| Untracked 
|  67|0x0000000708600000, 0x0000000708800000, 0x0000000708800000|100%| O|  |TAMS 0x0000000708800000, 0x0000000708600000| Untracked 
|  68|0x0000000708800000, 0x0000000708a00000, 0x0000000708a00000|100%| O|  |TAMS 0x0000000708a00000, 0x0000000708800000| Untracked 
|  69|0x0000000708a00000, 0x0000000708c00000, 0x0000000708c00000|100%| O|  |TAMS 0x0000000708c00000, 0x0000000708a00000| Complete 
|  70|0x0000000708c00000, 0x0000000708c00000, 0x0000000708e00000|  0%| F|  |TAMS 0x0000000708c00000, 0x0000000708c00000| Untracked 
|  71|0x0000000708e00000, 0x0000000709000000, 0x0000000709000000|100%| O|  |TAMS 0x0000000709000000, 0x0000000708e00000| Untracked 
|  72|0x0000000709000000, 0x0000000709200000, 0x0000000709200000|100%| O|  |TAMS 0x0000000709200000, 0x0000000709000000| Untracked 
|  73|0x0000000709200000, 0x0000000709400000, 0x0000000709400000|100%| O|  |TAMS 0x0000000709400000, 0x0000000709200000| Untracked 
|  74|0x0000000709400000, 0x0000000709600000, 0x0000000709600000|100%| O|  |TAMS 0x0000000709600000, 0x0000000709400000| Untracked 
|  75|0x0000000709600000, 0x0000000709800000, 0x0000000709800000|100%| O|  |TAMS 0x0000000709800000, 0x0000000709600000| Untracked 
|  76|0x0000000709800000, 0x0000000709a00000, 0x0000000709a00000|100%| O|  |TAMS 0x0000000709a00000, 0x0000000709800000| Untracked 
|  77|0x0000000709a00000, 0x0000000709c00000, 0x0000000709c00000|100%| O|  |TAMS 0x0000000709c00000, 0x0000000709a00000| Untracked 
|  78|0x0000000709c00000, 0x0000000709e00000, 0x0000000709e00000|100%| O|  |TAMS 0x0000000709e00000, 0x0000000709c00000| Untracked 
|  79|0x0000000709e00000, 0x000000070a000000, 0x000000070a000000|100%| O|  |TAMS 0x000000070a000000, 0x0000000709e00000| Untracked 
|  80|0x000000070a000000, 0x000000070a200000, 0x000000070a200000|100%| O|  |TAMS 0x000000070a200000, 0x000000070a000000| Untracked 
|  81|0x000000070a200000, 0x000000070a400000, 0x000000070a400000|100%| O|  |TAMS 0x000000070a400000, 0x000000070a200000| Untracked 
|  82|0x000000070a400000, 0x000000070a600000, 0x000000070a600000|100%| O|  |TAMS 0x000000070a600000, 0x000000070a400000| Complete 
|  83|0x000000070a600000, 0x000000070a800000, 0x000000070a800000|100%| O|  |TAMS 0x000000070a800000, 0x000000070a600000| Untracked 
|  84|0x000000070a800000, 0x000000070aa00000, 0x000000070aa00000|100%| O|  |TAMS 0x000000070aa00000, 0x000000070a800000| Untracked 
|  85|0x000000070aa00000, 0x000000070ac00000, 0x000000070ac00000|100%| O|  |TAMS 0x000000070ac00000, 0x000000070aa00000| Untracked 
|  86|0x000000070ac00000, 0x000000070ae00000, 0x000000070ae00000|100%| O|  |TAMS 0x000000070ae00000, 0x000000070ac00000| Untracked 
|  87|0x000000070ae00000, 0x000000070b000000, 0x000000070b000000|100%| O|  |TAMS 0x000000070b000000, 0x000000070ae00000| Untracked 
|  88|0x000000070b000000, 0x000000070b200000, 0x000000070b200000|100%| O|  |TAMS 0x000000070b200000, 0x000000070b000000| Untracked 
|  89|0x000000070b200000, 0x000000070b400000, 0x000000070b400000|100%| O|  |TAMS 0x000000070b400000, 0x000000070b200000| Untracked 
|  90|0x000000070b400000, 0x000000070b593e00, 0x000000070b600000| 78%| O|  |TAMS 0x000000070b593e00, 0x000000070b400000| Untracked 
|  91|0x000000070b600000, 0x000000070b600000, 0x000000070b800000|  0%| F|  |TAMS 0x000000070b600000, 0x000000070b600000| Untracked 
|  92|0x000000070b800000, 0x000000070b800000, 0x000000070ba00000|  0%| F|  |TAMS 0x000000070b800000, 0x000000070b800000| Untracked 
|  93|0x000000070ba00000, 0x000000070ba00000, 0x000000070bc00000|  0%| F|  |TAMS 0x000000070ba00000, 0x000000070ba00000| Untracked 
|  94|0x000000070bc00000, 0x000000070bc00000, 0x000000070be00000|  0%| F|  |TAMS 0x000000070bc00000, 0x000000070bc00000| Untracked 
|  95|0x000000070be00000, 0x000000070be00000, 0x000000070c000000|  0%| F|  |TAMS 0x000000070be00000, 0x000000070be00000| Untracked 
|  96|0x000000070c000000, 0x000000070c000000, 0x000000070c200000|  0%| F|  |TAMS 0x000000070c000000, 0x000000070c000000| Untracked 
|  97|0x000000070c200000, 0x000000070c200000, 0x000000070c400000|  0%| F|  |TAMS 0x000000070c200000, 0x000000070c200000| Untracked 
|  98|0x000000070c400000, 0x000000070c400000, 0x000000070c600000|  0%| F|  |TAMS 0x000000070c400000, 0x000000070c400000| Untracked 
|  99|0x000000070c600000, 0x000000070c600000, 0x000000070c800000|  0%| F|  |TAMS 0x000000070c600000, 0x000000070c600000| Untracked 
| 100|0x000000070c800000, 0x000000070c800000, 0x000000070ca00000|  0%| F|  |TAMS 0x000000070c800000, 0x000000070c800000| Untracked 
| 101|0x000000070ca00000, 0x000000070ca00000, 0x000000070cc00000|  0%| F|  |TAMS 0x000000070ca00000, 0x000000070ca00000| Untracked 
| 102|0x000000070cc00000, 0x000000070cc00000, 0x000000070ce00000|  0%| F|  |TAMS 0x000000070cc00000, 0x000000070cc00000| Untracked 
| 103|0x000000070ce00000, 0x000000070ce00000, 0x000000070d000000|  0%| F|  |TAMS 0x000000070ce00000, 0x000000070ce00000| Untracked 
| 104|0x000000070d000000, 0x000000070d000000, 0x000000070d200000|  0%| F|  |TAMS 0x000000070d000000, 0x000000070d000000| Untracked 
| 105|0x000000070d200000, 0x000000070d200000, 0x000000070d400000|  0%| F|  |TAMS 0x000000070d200000, 0x000000070d200000| Untracked 
| 106|0x000000070d400000, 0x000000070d400000, 0x000000070d600000|  0%| F|  |TAMS 0x000000070d400000, 0x000000070d400000| Untracked 
| 107|0x000000070d600000, 0x000000070d600000, 0x000000070d800000|  0%| F|  |TAMS 0x000000070d600000, 0x000000070d600000| Untracked 
| 108|0x000000070d800000, 0x000000070d800000, 0x000000070da00000|  0%| F|  |TAMS 0x000000070d800000, 0x000000070d800000| Untracked 
| 109|0x000000070da00000, 0x000000070da00000, 0x000000070dc00000|  0%| F|  |TAMS 0x000000070da00000, 0x000000070da00000| Untracked 
| 110|0x000000070dc00000, 0x000000070dc00000, 0x000000070de00000|  0%| F|  |TAMS 0x000000070dc00000, 0x000000070dc00000| Untracked 
| 111|0x000000070de00000, 0x000000070de00000, 0x000000070e000000|  0%| F|  |TAMS 0x000000070de00000, 0x000000070de00000| Untracked 
| 112|0x000000070e000000, 0x000000070e000000, 0x000000070e200000|  0%| F|  |TAMS 0x000000070e000000, 0x000000070e000000| Untracked 
| 113|0x000000070e200000, 0x000000070e200000, 0x000000070e400000|  0%| F|  |TAMS 0x000000070e200000, 0x000000070e200000| Untracked 
| 114|0x000000070e400000, 0x000000070e400000, 0x000000070e600000|  0%| F|  |TAMS 0x000000070e400000, 0x000000070e400000| Untracked 
| 115|0x000000070e600000, 0x000000070e600000, 0x000000070e800000|  0%| F|  |TAMS 0x000000070e600000, 0x000000070e600000| Untracked 
| 116|0x000000070e800000, 0x000000070e800000, 0x000000070ea00000|  0%| F|  |TAMS 0x000000070e800000, 0x000000070e800000| Untracked 
| 117|0x000000070ea00000, 0x000000070ea00000, 0x000000070ec00000|  0%| F|  |TAMS 0x000000070ea00000, 0x000000070ea00000| Untracked 
| 118|0x000000070ec00000, 0x000000070ec00000, 0x000000070ee00000|  0%| F|  |TAMS 0x000000070ec00000, 0x000000070ec00000| Untracked 
| 119|0x000000070ee00000, 0x000000070ee00000, 0x000000070f000000|  0%| F|  |TAMS 0x000000070ee00000, 0x000000070ee00000| Untracked 
| 120|0x000000070f000000, 0x000000070f000000, 0x000000070f200000|  0%| F|  |TAMS 0x000000070f000000, 0x000000070f000000| Untracked 
| 121|0x000000070f200000, 0x000000070f200000, 0x000000070f400000|  0%| F|  |TAMS 0x000000070f200000, 0x000000070f200000| Untracked 
| 122|0x000000070f400000, 0x000000070f400000, 0x000000070f600000|  0%| F|  |TAMS 0x000000070f400000, 0x000000070f400000| Untracked 
| 123|0x000000070f600000, 0x000000070f600000, 0x000000070f800000|  0%| F|  |TAMS 0x000000070f600000, 0x000000070f600000| Untracked 
| 124|0x000000070f800000, 0x000000070f800000, 0x000000070fa00000|  0%| F|  |TAMS 0x000000070f800000, 0x000000070f800000| Untracked 
| 125|0x000000070fa00000, 0x000000070fa00000, 0x000000070fc00000|  0%| F|  |TAMS 0x000000070fa00000, 0x000000070fa00000| Untracked 
| 126|0x000000070fc00000, 0x000000070fc00000, 0x000000070fe00000|  0%| F|  |TAMS 0x000000070fc00000, 0x000000070fc00000| Untracked 
| 127|0x000000070fe00000, 0x000000070fe00000, 0x0000000710000000|  0%| F|  |TAMS 0x000000070fe00000, 0x000000070fe00000| Untracked 
| 128|0x0000000710000000, 0x0000000710000000, 0x0000000710200000|  0%| F|  |TAMS 0x0000000710000000, 0x0000000710000000| Untracked 
| 129|0x0000000710200000, 0x0000000710200000, 0x0000000710400000|  0%| F|  |TAMS 0x0000000710200000, 0x0000000710200000| Untracked 
| 130|0x0000000710400000, 0x0000000710400000, 0x0000000710600000|  0%| F|  |TAMS 0x0000000710400000, 0x0000000710400000| Untracked 
| 131|0x0000000710600000, 0x0000000710600000, 0x0000000710800000|  0%| F|  |TAMS 0x0000000710600000, 0x0000000710600000| Untracked 
| 132|0x0000000710800000, 0x0000000710800000, 0x0000000710a00000|  0%| F|  |TAMS 0x0000000710800000, 0x0000000710800000| Untracked 
| 133|0x0000000710a00000, 0x0000000710a00000, 0x0000000710c00000|  0%| F|  |TAMS 0x0000000710a00000, 0x0000000710a00000| Untracked 
| 134|0x0000000710c00000, 0x0000000710c00000, 0x0000000710e00000|  0%| F|  |TAMS 0x0000000710c00000, 0x0000000710c00000| Untracked 
| 135|0x0000000710e00000, 0x0000000710e00000, 0x0000000711000000|  0%| F|  |TAMS 0x0000000710e00000, 0x0000000710e00000| Untracked 
| 136|0x0000000711000000, 0x000000071104c458, 0x0000000711200000| 14%| S|CS|TAMS 0x0000000711000000, 0x0000000711000000| Complete 
| 137|0x0000000711200000, 0x0000000711400000, 0x0000000711400000|100%| S|CS|TAMS 0x0000000711200000, 0x0000000711200000| Complete 
| 138|0x0000000711400000, 0x0000000711400000, 0x0000000711600000|  0%| F|  |TAMS 0x0000000711400000, 0x0000000711400000| Untracked 
| 139|0x0000000711600000, 0x0000000711600000, 0x0000000711800000|  0%| F|  |TAMS 0x0000000711600000, 0x0000000711600000| Untracked 
| 140|0x0000000711800000, 0x0000000711800000, 0x0000000711a00000|  0%| F|  |TAMS 0x0000000711800000, 0x0000000711800000| Untracked 
| 141|0x0000000711a00000, 0x0000000711c00000, 0x0000000711c00000|100%| O|  |TAMS 0x0000000711c00000, 0x0000000711a00000| Untracked 
| 142|0x0000000711c00000, 0x0000000711c00000, 0x0000000711e00000|  0%| F|  |TAMS 0x0000000711c00000, 0x0000000711c00000| Untracked 
| 143|0x0000000711e00000, 0x0000000711e00000, 0x0000000712000000|  0%| F|  |TAMS 0x0000000711e00000, 0x0000000711e00000| Untracked 
| 144|0x0000000712000000, 0x0000000712000000, 0x0000000712200000|  0%| F|  |TAMS 0x0000000712000000, 0x0000000712000000| Untracked 
| 145|0x0000000712200000, 0x0000000712200000, 0x0000000712400000|  0%| F|  |TAMS 0x0000000712200000, 0x0000000712200000| Untracked 
| 146|0x0000000712400000, 0x0000000712400000, 0x0000000712600000|  0%| F|  |TAMS 0x0000000712400000, 0x0000000712400000| Untracked 
| 147|0x0000000712600000, 0x0000000712600000, 0x0000000712800000|  0%| F|  |TAMS 0x0000000712600000, 0x0000000712600000| Untracked 
| 148|0x0000000712800000, 0x0000000712800000, 0x0000000712a00000|  0%| F|  |TAMS 0x0000000712800000, 0x0000000712800000| Untracked 
| 149|0x0000000712a00000, 0x0000000712a00000, 0x0000000712c00000|  0%| F|  |TAMS 0x0000000712a00000, 0x0000000712a00000| Untracked 
| 150|0x0000000712c00000, 0x0000000712c00000, 0x0000000712e00000|  0%| F|  |TAMS 0x0000000712c00000, 0x0000000712c00000| Untracked 
| 151|0x0000000712e00000, 0x0000000712e00000, 0x0000000713000000|  0%| F|  |TAMS 0x0000000712e00000, 0x0000000712e00000| Untracked 
| 152|0x0000000713000000, 0x0000000713000000, 0x0000000713200000|  0%| F|  |TAMS 0x0000000713000000, 0x0000000713000000| Untracked 
| 153|0x0000000713200000, 0x0000000713200000, 0x0000000713400000|  0%| F|  |TAMS 0x0000000713200000, 0x0000000713200000| Untracked 
| 154|0x0000000713400000, 0x0000000713400000, 0x0000000713600000|  0%| F|  |TAMS 0x0000000713400000, 0x0000000713400000| Untracked 
| 155|0x0000000713600000, 0x0000000713600000, 0x0000000713800000|  0%| F|  |TAMS 0x0000000713600000, 0x0000000713600000| Untracked 
| 156|0x0000000713800000, 0x0000000713800000, 0x0000000713a00000|  0%| F|  |TAMS 0x0000000713800000, 0x0000000713800000| Untracked 
| 157|0x0000000713a00000, 0x0000000713a00000, 0x0000000713c00000|  0%| F|  |TAMS 0x0000000713a00000, 0x0000000713a00000| Untracked 
| 158|0x0000000713c00000, 0x0000000713c00000, 0x0000000713e00000|  0%| F|  |TAMS 0x0000000713c00000, 0x0000000713c00000| Untracked 
| 159|0x0000000713e00000, 0x0000000713e00000, 0x0000000714000000|  0%| F|  |TAMS 0x0000000713e00000, 0x0000000713e00000| Untracked 
| 160|0x0000000714000000, 0x0000000714000000, 0x0000000714200000|  0%| F|  |TAMS 0x0000000714000000, 0x0000000714000000| Untracked 
| 161|0x0000000714200000, 0x0000000714200000, 0x0000000714400000|  0%| F|  |TAMS 0x0000000714200000, 0x0000000714200000| Untracked 
| 162|0x0000000714400000, 0x0000000714400000, 0x0000000714600000|  0%| F|  |TAMS 0x0000000714400000, 0x0000000714400000| Untracked 
| 163|0x0000000714600000, 0x0000000714600000, 0x0000000714800000|  0%| F|  |TAMS 0x0000000714600000, 0x0000000714600000| Untracked 
| 164|0x0000000714800000, 0x0000000714800000, 0x0000000714a00000|  0%| F|  |TAMS 0x0000000714800000, 0x0000000714800000| Untracked 
| 165|0x0000000714a00000, 0x0000000714a00000, 0x0000000714c00000|  0%| F|  |TAMS 0x0000000714a00000, 0x0000000714a00000| Untracked 
| 166|0x0000000714c00000, 0x0000000714c00000, 0x0000000714e00000|  0%| F|  |TAMS 0x0000000714c00000, 0x0000000714c00000| Untracked 
| 167|0x0000000714e00000, 0x0000000714e00000, 0x0000000715000000|  0%| F|  |TAMS 0x0000000714e00000, 0x0000000714e00000| Untracked 
| 168|0x0000000715000000, 0x0000000715000000, 0x0000000715200000|  0%| F|  |TAMS 0x0000000715000000, 0x0000000715000000| Untracked 
| 169|0x0000000715200000, 0x0000000715200000, 0x0000000715400000|  0%| F|  |TAMS 0x0000000715200000, 0x0000000715200000| Untracked 
| 170|0x0000000715400000, 0x0000000715400000, 0x0000000715600000|  0%| F|  |TAMS 0x0000000715400000, 0x0000000715400000| Untracked 
| 171|0x0000000715600000, 0x0000000715600000, 0x0000000715800000|  0%| F|  |TAMS 0x0000000715600000, 0x0000000715600000| Untracked 
| 172|0x0000000715800000, 0x0000000715800000, 0x0000000715a00000|  0%| F|  |TAMS 0x0000000715800000, 0x0000000715800000| Untracked 
| 173|0x0000000715a00000, 0x0000000715a00000, 0x0000000715c00000|  0%| F|  |TAMS 0x0000000715a00000, 0x0000000715a00000| Untracked 
| 174|0x0000000715c00000, 0x0000000715c00000, 0x0000000715e00000|  0%| F|  |TAMS 0x0000000715c00000, 0x0000000715c00000| Untracked 
| 175|0x0000000715e00000, 0x0000000715e00000, 0x0000000716000000|  0%| F|  |TAMS 0x0000000715e00000, 0x0000000715e00000| Untracked 
| 176|0x0000000716000000, 0x0000000716000000, 0x0000000716200000|  0%| F|  |TAMS 0x0000000716000000, 0x0000000716000000| Untracked 
| 177|0x0000000716200000, 0x0000000716200000, 0x0000000716400000|  0%| F|  |TAMS 0x0000000716200000, 0x0000000716200000| Untracked 
| 178|0x0000000716400000, 0x0000000716400000, 0x0000000716600000|  0%| F|  |TAMS 0x0000000716400000, 0x0000000716400000| Untracked 
| 179|0x0000000716600000, 0x0000000716600000, 0x0000000716800000|  0%| F|  |TAMS 0x0000000716600000, 0x0000000716600000| Untracked 
| 180|0x0000000716800000, 0x0000000716800000, 0x0000000716a00000|  0%| F|  |TAMS 0x0000000716800000, 0x0000000716800000| Untracked 
| 181|0x0000000716a00000, 0x0000000716a00000, 0x0000000716c00000|  0%| F|  |TAMS 0x0000000716a00000, 0x0000000716a00000| Untracked 
| 182|0x0000000716c00000, 0x0000000716c00000, 0x0000000716e00000|  0%| F|  |TAMS 0x0000000716c00000, 0x0000000716c00000| Untracked 
| 183|0x0000000716e00000, 0x0000000716e00000, 0x0000000717000000|  0%| F|  |TAMS 0x0000000716e00000, 0x0000000716e00000| Untracked 
| 184|0x0000000717000000, 0x0000000717000000, 0x0000000717200000|  0%| F|  |TAMS 0x0000000717000000, 0x0000000717000000| Untracked 
| 185|0x0000000717200000, 0x0000000717200000, 0x0000000717400000|  0%| F|  |TAMS 0x0000000717200000, 0x0000000717200000| Untracked 
| 186|0x0000000717400000, 0x0000000717400000, 0x0000000717600000|  0%| F|  |TAMS 0x0000000717400000, 0x0000000717400000| Untracked 
| 187|0x0000000717600000, 0x0000000717600000, 0x0000000717800000|  0%| F|  |TAMS 0x0000000717600000, 0x0000000717600000| Untracked 
| 188|0x0000000717800000, 0x0000000717800000, 0x0000000717a00000|  0%| F|  |TAMS 0x0000000717800000, 0x0000000717800000| Untracked 
| 189|0x0000000717a00000, 0x0000000717a00000, 0x0000000717c00000|  0%| F|  |TAMS 0x0000000717a00000, 0x0000000717a00000| Untracked 
| 190|0x0000000717c00000, 0x0000000717c00000, 0x0000000717e00000|  0%| F|  |TAMS 0x0000000717c00000, 0x0000000717c00000| Untracked 
| 191|0x0000000717e00000, 0x0000000717e00000, 0x0000000718000000|  0%| F|  |TAMS 0x0000000717e00000, 0x0000000717e00000| Untracked 
| 192|0x0000000718000000, 0x0000000718000000, 0x0000000718200000|  0%| F|  |TAMS 0x0000000718000000, 0x0000000718000000| Untracked 
| 193|0x0000000718200000, 0x0000000718200000, 0x0000000718400000|  0%| F|  |TAMS 0x0000000718200000, 0x0000000718200000| Untracked 
| 194|0x0000000718400000, 0x0000000718400000, 0x0000000718600000|  0%| F|  |TAMS 0x0000000718400000, 0x0000000718400000| Untracked 
| 195|0x0000000718600000, 0x0000000718600000, 0x0000000718800000|  0%| F|  |TAMS 0x0000000718600000, 0x0000000718600000| Untracked 
| 196|0x0000000718800000, 0x0000000718800000, 0x0000000718a00000|  0%| F|  |TAMS 0x0000000718800000, 0x0000000718800000| Untracked 
| 197|0x0000000718a00000, 0x0000000718a00000, 0x0000000718c00000|  0%| F|  |TAMS 0x0000000718a00000, 0x0000000718a00000| Untracked 
| 198|0x0000000718c00000, 0x0000000718d66fb0, 0x0000000718e00000| 70%| E|  |TAMS 0x0000000718c00000, 0x0000000718c00000| Complete 
| 199|0x0000000718e00000, 0x0000000719000000, 0x0000000719000000|100%| E|CS|TAMS 0x0000000718e00000, 0x0000000718e00000| Complete 
| 200|0x0000000719000000, 0x0000000719200000, 0x0000000719200000|100%| E|CS|TAMS 0x0000000719000000, 0x0000000719000000| Complete 
| 201|0x0000000719200000, 0x0000000719400000, 0x0000000719400000|100%| E|CS|TAMS 0x0000000719200000, 0x0000000719200000| Complete 
| 202|0x0000000719400000, 0x0000000719600000, 0x0000000719600000|100%| E|CS|TAMS 0x0000000719400000, 0x0000000719400000| Complete 
| 203|0x0000000719600000, 0x0000000719800000, 0x0000000719800000|100%| E|CS|TAMS 0x0000000719600000, 0x0000000719600000| Complete 
| 204|0x0000000719800000, 0x0000000719a00000, 0x0000000719a00000|100%| E|  |TAMS 0x0000000719800000, 0x0000000719800000| Complete 
| 205|0x0000000719a00000, 0x0000000719c00000, 0x0000000719c00000|100%| E|CS|TAMS 0x0000000719a00000, 0x0000000719a00000| Complete 
| 206|0x0000000719c00000, 0x0000000719e00000, 0x0000000719e00000|100%| E|CS|TAMS 0x0000000719c00000, 0x0000000719c00000| Complete 
| 207|0x0000000719e00000, 0x000000071a000000, 0x000000071a000000|100%| E|CS|TAMS 0x0000000719e00000, 0x0000000719e00000| Complete 
| 208|0x000000071a000000, 0x000000071a200000, 0x000000071a200000|100%| E|CS|TAMS 0x000000071a000000, 0x000000071a000000| Complete 
| 209|0x000000071a200000, 0x000000071a400000, 0x000000071a400000|100%| E|CS|TAMS 0x000000071a200000, 0x000000071a200000| Complete 
| 210|0x000000071a400000, 0x000000071a600000, 0x000000071a600000|100%| E|CS|TAMS 0x000000071a400000, 0x000000071a400000| Complete 
| 211|0x000000071a600000, 0x000000071a800000, 0x000000071a800000|100%| E|CS|TAMS 0x000000071a600000, 0x000000071a600000| Complete 
| 212|0x000000071a800000, 0x000000071aa00000, 0x000000071aa00000|100%| E|CS|TAMS 0x000000071a800000, 0x000000071a800000| Complete 
| 213|0x000000071aa00000, 0x000000071ac00000, 0x000000071ac00000|100%| E|CS|TAMS 0x000000071aa00000, 0x000000071aa00000| Complete 
| 214|0x000000071ac00000, 0x000000071ae00000, 0x000000071ae00000|100%| E|CS|TAMS 0x000000071ac00000, 0x000000071ac00000| Complete 
| 215|0x000000071ae00000, 0x000000071b000000, 0x000000071b000000|100%| E|CS|TAMS 0x000000071ae00000, 0x000000071ae00000| Complete 
| 216|0x000000071b000000, 0x000000071b200000, 0x000000071b200000|100%| E|CS|TAMS 0x000000071b000000, 0x000000071b000000| Complete 
| 217|0x000000071b200000, 0x000000071b400000, 0x000000071b400000|100%| E|CS|TAMS 0x000000071b200000, 0x000000071b200000| Complete 
| 218|0x000000071b400000, 0x000000071b600000, 0x000000071b600000|100%| E|CS|TAMS 0x000000071b400000, 0x000000071b400000| Complete 
| 219|0x000000071b600000, 0x000000071b800000, 0x000000071b800000|100%| E|CS|TAMS 0x000000071b600000, 0x000000071b600000| Complete 
| 220|0x000000071b800000, 0x000000071ba00000, 0x000000071ba00000|100%| E|CS|TAMS 0x000000071b800000, 0x000000071b800000| Complete 
| 221|0x000000071ba00000, 0x000000071bc00000, 0x000000071bc00000|100%| E|CS|TAMS 0x000000071ba00000, 0x000000071ba00000| Complete 
| 222|0x000000071bc00000, 0x000000071be00000, 0x000000071be00000|100%| E|CS|TAMS 0x000000071bc00000, 0x000000071bc00000| Complete 
| 223|0x000000071be00000, 0x000000071c000000, 0x000000071c000000|100%| E|CS|TAMS 0x000000071be00000, 0x000000071be00000| Complete 
| 224|0x000000071c000000, 0x000000071c200000, 0x000000071c200000|100%| E|CS|TAMS 0x000000071c000000, 0x000000071c000000| Complete 
| 225|0x000000071c200000, 0x000000071c400000, 0x000000071c400000|100%| E|CS|TAMS 0x000000071c200000, 0x000000071c200000| Complete 
| 226|0x000000071c400000, 0x000000071c600000, 0x000000071c600000|100%| E|CS|TAMS 0x000000071c400000, 0x000000071c400000| Complete 
| 227|0x000000071c600000, 0x000000071c800000, 0x000000071c800000|100%| E|CS|TAMS 0x000000071c600000, 0x000000071c600000| Complete 
| 228|0x000000071c800000, 0x000000071ca00000, 0x000000071ca00000|100%| E|CS|TAMS 0x000000071c800000, 0x000000071c800000| Complete 
| 229|0x000000071ca00000, 0x000000071cc00000, 0x000000071cc00000|100%| E|CS|TAMS 0x000000071ca00000, 0x000000071ca00000| Complete 
| 230|0x000000071cc00000, 0x000000071ce00000, 0x000000071ce00000|100%| E|CS|TAMS 0x000000071cc00000, 0x000000071cc00000| Complete 
| 231|0x000000071ce00000, 0x000000071d000000, 0x000000071d000000|100%| E|CS|TAMS 0x000000071ce00000, 0x000000071ce00000| Complete 
| 232|0x000000071d000000, 0x000000071d200000, 0x000000071d200000|100%| E|CS|TAMS 0x000000071d000000, 0x000000071d000000| Complete 
| 233|0x000000071d200000, 0x000000071d400000, 0x000000071d400000|100%| E|CS|TAMS 0x000000071d200000, 0x000000071d200000| Complete 
| 234|0x000000071d400000, 0x000000071d600000, 0x000000071d600000|100%| E|CS|TAMS 0x000000071d400000, 0x000000071d400000| Complete 
| 235|0x000000071d600000, 0x000000071d800000, 0x000000071d800000|100%| E|CS|TAMS 0x000000071d600000, 0x000000071d600000| Complete 
| 236|0x000000071d800000, 0x000000071da00000, 0x000000071da00000|100%| E|CS|TAMS 0x000000071d800000, 0x000000071d800000| Complete 
| 237|0x000000071da00000, 0x000000071dc00000, 0x000000071dc00000|100%| E|CS|TAMS 0x000000071da00000, 0x000000071da00000| Complete 
| 238|0x000000071dc00000, 0x000000071de00000, 0x000000071de00000|100%| E|CS|TAMS 0x000000071dc00000, 0x000000071dc00000| Complete 
| 239|0x000000071de00000, 0x000000071e000000, 0x000000071e000000|100%| E|CS|TAMS 0x000000071de00000, 0x000000071de00000| Complete 
| 240|0x000000071e000000, 0x000000071e200000, 0x000000071e200000|100%| E|CS|TAMS 0x000000071e000000, 0x000000071e000000| Complete 
| 241|0x000000071e200000, 0x000000071e400000, 0x000000071e400000|100%| E|CS|TAMS 0x000000071e200000, 0x000000071e200000| Complete 
| 242|0x000000071e400000, 0x000000071e600000, 0x000000071e600000|100%| E|CS|TAMS 0x000000071e400000, 0x000000071e400000| Complete 
| 243|0x000000071e600000, 0x000000071e800000, 0x000000071e800000|100%| E|CS|TAMS 0x000000071e600000, 0x000000071e600000| Complete 
| 244|0x000000071e800000, 0x000000071ea00000, 0x000000071ea00000|100%| E|CS|TAMS 0x000000071e800000, 0x000000071e800000| Complete 

Card table byte_map: [0x0000019f73ea0000,0x0000019f746a0000] _byte_map_base: 0x0000019f706a0000

Marking Bits (Prev, Next): (CMBitMap*) 0x0000019f612427d0, (CMBitMap*) 0x0000019f61242810
 Prev Bits: [0x0000019f74ea0000, 0x0000019f78ea0000)
 Next Bits: [0x0000019f78ea0000, 0x0000019f7cea0000)

Polling page: 0x0000019f5f120000

Metaspace:

Usage:
  Non-class:    100.13 MB used.
      Class:     15.65 MB used.
       Both:    115.79 MB used.

Virtual space:
  Non-class space:      104.00 MB reserved,     100.88 MB ( 97%) committed,  13 nodes.
      Class space:        1.00 GB reserved,      16.25 MB (  2%) committed,  1 nodes.
             Both:        1.10 GB reserved,     117.12 MB ( 10%) committed. 

Chunk freelists:
   Non-Class:  3.00 MB
       Class:  3.60 MB
        Both:  6.60 MB

MaxMetaspaceSize: unlimited
CompressedClassSpaceSize: 1.00 GB
Initial GC threshold: 21.00 MB
Current GC threshold: 194.38 MB
CDS: off
MetaspaceReclaimPolicy: balanced
 - commit_granule_bytes: 65536.
 - commit_granule_words: 8192.
 - virtual_space_node_default_size: 1048576.
 - enlarge_chunks_in_place: 1.
 - new_chunks_are_fully_committed: 0.
 - uncommit_free_chunks: 1.
 - use_allocation_guard: 0.
 - handle_deallocations: 1.


Internal statistics:

num_allocs_failed_limit: 9.
num_arena_births: 1904.
num_arena_deaths: 2.
num_vsnodes_births: 14.
num_vsnodes_deaths: 0.
num_space_committed: 1874.
num_space_uncommitted: 0.
num_chunks_returned_to_freelist: 12.
num_chunks_taken_from_freelist: 6673.
num_chunk_merges: 6.
num_chunk_splits: 4144.
num_chunks_enlarged: 2442.
num_purges: 4.
num_inconsistent_stats: 0.

CodeHeap 'non-profiled nmethods': size=120000Kb used=12659Kb max_used=12973Kb free=107340Kb
 bounds [0x0000019f6c170000, 0x0000019f6ce30000, 0x0000019f736a0000]
CodeHeap 'profiled nmethods': size=120000Kb used=31074Kb max_used=32231Kb free=88926Kb
 bounds [0x0000019f646a0000, 0x0000019f66620000, 0x0000019f6bbd0000]
CodeHeap 'non-nmethods': size=5760Kb used=2478Kb max_used=2544Kb free=3281Kb
 bounds [0x0000019f6bbd0000, 0x0000019f6be60000, 0x0000019f6c170000]
 total_blobs=16858 nmethods=15837 adapters=932
 compilation: enabled
              stopped_count=0, restarted_count=0
 full_count=0

Compilation events (20 events):
Event: 318.202 Thread 0x0000019f0a17d740 nmethod 19526 0x0000019f6cd06c10 code [0x0000019f6cd06e40, 0x0000019f6cd07ff8]
Event: 318.202 Thread 0x0000019f0a17d740 19529       4       com.google.common.collect.ImmutableCollection::toArray (67 bytes)
Event: 318.211 Thread 0x0000019f0a17d740 nmethod 19529 0x0000019f6cd05f10 code [0x0000019f6cd060c0, 0x0000019f6cd06818]
Event: 318.211 Thread 0x0000019f0a17d740 19538       4       java.util.TreeSet::size (10 bytes)
Event: 318.212 Thread 0x0000019f0a17d740 nmethod 19538 0x0000019f6c752990 code [0x0000019f6c752b00, 0x0000019f6c752bb8]
Event: 318.212 Thread 0x0000019f0a17d740 19527       4       org.objectweb.asm.MethodVisitor::visitJumpInsn (17 bytes)
Event: 318.213 Thread 0x0000019f0a17d740 nmethod 19527 0x0000019f6c273e90 code [0x0000019f6c274040, 0x0000019f6c274188]
Event: 318.213 Thread 0x0000019f0a17d740 19515       4       org.objectweb.asm.Type::<init> (26 bytes)
Event: 318.215 Thread 0x0000019f0a17d740 nmethod 19515 0x0000019f6c273b10 code [0x0000019f6c273c80, 0x0000019f6c273dd8]
Event: 318.222 Thread 0x0000019f0a17d740 19541       4       org.objectweb.asm.ByteVector::enlarge (51 bytes)
Event: 318.226 Thread 0x0000019f0a17d740 nmethod 19541 0x0000019f6cd05890 code [0x0000019f6cd05a20, 0x0000019f6cd05dd8]
Event: 318.226 Thread 0x0000019f7fc4dcb0 19542       3       com.google.common.io.ByteStreams::readFully (61 bytes)
Event: 318.227 Thread 0x0000019f7fc4dcb0 nmethod 19542 0x0000019f65f84e10 code [0x0000019f65f85080, 0x0000019f65f858d8]
Event: 318.229 Thread 0x0000019f0a17d740 19543       4       org.gradle.internal.normalization.java.impl.TypedMember::compare (41 bytes)
Event: 318.237 Thread 0x0000019f0a17d740 nmethod 19543 0x0000019f6cd04c10 code [0x0000019f6cd04de0, 0x0000019f6cd05478]
Event: 318.237 Thread 0x0000019f0a17d740 19544       4       org.gradle.internal.normalization.java.impl.AnnotatableMember::compare (41 bytes)
Event: 318.241 Thread 0x0000019f7fc4dcb0 19545       3       org.gradle.internal.normalization.java.impl.ApiMemberWriter::writeClassAnnotations (54 bytes)
Event: 318.241 Thread 0x0000019f7fc4dcb0 nmethod 19545 0x0000019f64c62090 code [0x0000019f64c622a0, 0x0000019f64c62a08]
Event: 318.243 Thread 0x0000019f0a17d740 nmethod 19544 0x0000019f6cd04290 code [0x0000019f6cd04440, 0x0000019f6cd048d8]
Event: 318.245 Thread 0x0000019f0a17d740 19546       4       org.gradle.internal.normalization.java.impl.MethodMember::compareTo (9 bytes)

GC Heap History (20 events):
Event: 155.613 GC heap before
{Heap before GC invocations=86 (full 0):
 garbage-first heap   total 229376K, used 197678K [0x0000000700000000, 0x0000000800000000)
  region size 2048K, 12 young (24576K), 2 survivors (4096K)
 Metaspace       used 106572K, committed 107904K, reserved 1146880K
  class space    used 14550K, committed 15104K, reserved 1048576K
}
Event: 155.621 GC heap after
{Heap after GC invocations=87 (full 0):
 garbage-first heap   total 229376K, used 178354K [0x0000000700000000, 0x0000000800000000)
  region size 2048K, 2 young (4096K), 2 survivors (4096K)
 Metaspace       used 106572K, committed 107904K, reserved 1146880K
  class space    used 14550K, committed 15104K, reserved 1048576K
}
Event: 156.694 GC heap before
{Heap before GC invocations=87 (full 0):
 garbage-first heap   total 229376K, used 194738K [0x0000000700000000, 0x0000000800000000)
  region size 2048K, 11 young (22528K), 2 survivors (4096K)
 Metaspace       used 109268K, committed 110656K, reserved 1146880K
  class space    used 14880K, committed 15488K, reserved 1048576K
}
Event: 156.706 GC heap after
{Heap after GC invocations=88 (full 0):
 garbage-first heap   total 229376K, used 180041K [0x0000000700000000, 0x0000000800000000)
  region size 2048K, 2 young (4096K), 2 survivors (4096K)
 Metaspace       used 109268K, committed 110656K, reserved 1146880K
  class space    used 14880K, committed 15488K, reserved 1048576K
}
Event: 161.532 GC heap before
{Heap before GC invocations=88 (full 0):
 garbage-first heap   total 229376K, used 190281K [0x0000000700000000, 0x0000000800000000)
  region size 2048K, 8 young (16384K), 2 survivors (4096K)
 Metaspace       used 112288K, committed 113600K, reserved 1146880K
  class space    used 15309K, committed 15872K, reserved 1048576K
}
Event: 161.540 GC heap after
{Heap after GC invocations=89 (full 0):
 garbage-first heap   total 229376K, used 181620K [0x0000000700000000, 0x0000000800000000)
  region size 2048K, 2 young (4096K), 2 survivors (4096K)
 Metaspace       used 112288K, committed 113600K, reserved 1146880K
  class space    used 15309K, committed 15872K, reserved 1048576K
}
Event: 259.421 GC heap before
{Heap before GC invocations=90 (full 0):
 garbage-first heap   total 307200K, used 191860K [0x0000000700000000, 0x0000000800000000)
  region size 2048K, 7 young (14336K), 2 survivors (4096K)
 Metaspace       used 112536K, committed 113856K, reserved 1146880K
  class space    used 15324K, committed 15872K, reserved 1048576K
}
Event: 259.437 GC heap after
{Heap after GC invocations=91 (full 0):
 garbage-first heap   total 307200K, used 182141K [0x0000000700000000, 0x0000000800000000)
  region size 2048K, 1 young (2048K), 1 survivors (2048K)
 Metaspace       used 112536K, committed 113856K, reserved 1146880K
  class space    used 15324K, committed 15872K, reserved 1048576K
}
Event: 303.229 GC heap before
{Heap before GC invocations=91 (full 0):
 garbage-first heap   total 415744K, used 403325K [0x0000000700000000, 0x0000000800000000)
  region size 2048K, 6 young (12288K), 1 survivors (2048K)
 Metaspace       used 112691K, committed 114048K, reserved 1146880K
  class space    used 15347K, committed 15936K, reserved 1048576K
}
Event: 303.237 GC heap after
{Heap after GC invocations=92 (full 0):
 garbage-first heap   total 415744K, used 183420K [0x0000000700000000, 0x0000000800000000)
  region size 2048K, 1 young (2048K), 1 survivors (2048K)
 Metaspace       used 112691K, committed 114048K, reserved 1146880K
  class space    used 15347K, committed 15936K, reserved 1048576K
}
Event: 303.534 GC heap before
{Heap before GC invocations=92 (full 0):
 garbage-first heap   total 415744K, used 257148K [0x0000000700000000, 0x0000000800000000)
  region size 2048K, 2 young (4096K), 1 survivors (2048K)
 Metaspace       used 112693K, committed 114048K, reserved 1146880K
  class space    used 15347K, committed 15936K, reserved 1048576K
}
Event: 303.537 GC heap after
{Heap after GC invocations=93 (full 0):
 garbage-first heap   total 415744K, used 216165K [0x0000000700000000, 0x0000000800000000)
  region size 2048K, 1 young (2048K), 1 survivors (2048K)
 Metaspace       used 112693K, committed 114048K, reserved 1146880K
  class space    used 15347K, committed 15936K, reserved 1048576K
}
Event: 303.614 GC heap before
{Heap before GC invocations=93 (full 0):
 garbage-first heap   total 415744K, used 283749K [0x0000000700000000, 0x0000000800000000)
  region size 2048K, 2 young (4096K), 1 survivors (2048K)
 Metaspace       used 112693K, committed 114048K, reserved 1146880K
  class space    used 15347K, committed 15936K, reserved 1048576K
}
Event: 303.617 GC heap after
{Heap after GC invocations=94 (full 0):
 garbage-first heap   total 415744K, used 248963K [0x0000000700000000, 0x0000000800000000)
  region size 2048K, 1 young (2048K), 1 survivors (2048K)
 Metaspace       used 112693K, committed 114048K, reserved 1146880K
  class space    used 15347K, committed 15936K, reserved 1048576K
}
Event: 306.644 GC heap before
{Heap before GC invocations=95 (full 0):
 garbage-first heap   total 501760K, used 377987K [0x0000000700000000, 0x0000000800000000)
  region size 2048K, 45 young (92160K), 1 survivors (2048K)
 Metaspace       used 117035K, committed 118528K, reserved 1155072K
  class space    used 15905K, committed 16576K, reserved 1048576K
}
Event: 306.663 GC heap after
{Heap after GC invocations=96 (full 0):
 garbage-first heap   total 501760K, used 185970K [0x0000000700000000, 0x0000000800000000)
  region size 2048K, 3 young (6144K), 3 survivors (6144K)
 Metaspace       used 117035K, committed 118528K, reserved 1155072K
  class space    used 15905K, committed 16576K, reserved 1048576K
}
Event: 308.974 GC heap before
{Heap before GC invocations=96 (full 0):
 garbage-first heap   total 501760K, used 202354K [0x0000000700000000, 0x0000000800000000)
  region size 2048K, 12 young (24576K), 3 survivors (6144K)
 Metaspace       used 117590K, committed 119040K, reserved 1155072K
  class space    used 15950K, committed 16576K, reserved 1048576K
}
Event: 308.990 GC heap after
{Heap after GC invocations=97 (full 0):
 garbage-first heap   total 501760K, used 185561K [0x0000000700000000, 0x0000000800000000)
  region size 2048K, 1 young (2048K), 1 survivors (2048K)
 Metaspace       used 117590K, committed 119040K, reserved 1155072K
  class space    used 15950K, committed 16576K, reserved 1048576K
}
Event: 314.036 GC heap before
{Heap before GC invocations=97 (full 0):
 garbage-first heap   total 501760K, used 398553K [0x0000000700000000, 0x0000000800000000)
  region size 2048K, 106 young (217088K), 1 survivors (2048K)
 Metaspace       used 117764K, committed 119168K, reserved 1155072K
  class space    used 15951K, committed 16576K, reserved 1048576K
}
Event: 314.040 GC heap after
{Heap after GC invocations=98 (full 0):
 garbage-first heap   total 501760K, used 186240K [0x0000000700000000, 0x0000000800000000)
  region size 2048K, 2 young (4096K), 2 survivors (4096K)
 Metaspace       used 117764K, committed 119168K, reserved 1155072K
  class space    used 15951K, committed 16576K, reserved 1048576K
}

Dll operation events (2 events):
Event: 0.019 Loaded shared library C:\Program Files\Android\Android Studio\jbr\bin\java.dll
Event: 1.997 Loaded shared library C:\Program Files\Android\Android Studio\jbr\bin\verify.dll

Deoptimization events (20 events):
Event: 317.611 Thread 0x0000019f02821050 DEOPT PACKING pc=0x0000019f6cb9c4f0 sp=0x000000237effbac0
Event: 317.611 Thread 0x0000019f02821050 DEOPT UNPACKING pc=0x0000019f6bc269a3 sp=0x000000237effba88 mode 2
Event: 317.826 Thread 0x0000019f02821050 DEOPT PACKING pc=0x0000019f6531654f sp=0x000000237effb6e0
Event: 317.826 Thread 0x0000019f02821050 DEOPT UNPACKING pc=0x0000019f6bc27143 sp=0x000000237effadf0 mode 0
Event: 317.923 Thread 0x0000019f02821050 Uncommon trap: trap_request=0xffffff45 fr.pc=0x0000019f6c96e774 relative=0x0000000000001054
Event: 317.923 Thread 0x0000019f02821050 Uncommon trap: reason=unstable_if action=reinterpret pc=0x0000019f6c96e774 method=org.objectweb.asm.Type.getArgumentsAndReturnSizes(Ljava/lang/String;)I @ 25 c2
Event: 317.923 Thread 0x0000019f02821050 DEOPT PACKING pc=0x0000019f6c96e774 sp=0x000000237effb990
Event: 317.923 Thread 0x0000019f02821050 DEOPT UNPACKING pc=0x0000019f6bc269a3 sp=0x000000237effb8b0 mode 2
Event: 317.923 Thread 0x0000019f02821050 Uncommon trap: trap_request=0xffffff45 fr.pc=0x0000019f6c282f70 relative=0x00000000000003d0
Event: 317.923 Thread 0x0000019f02821050 Uncommon trap: reason=unstable_if action=reinterpret pc=0x0000019f6c282f70 method=org.objectweb.asm.Type.getArgumentsAndReturnSizes(Ljava/lang/String;)I @ 25 c2
Event: 317.923 Thread 0x0000019f02821050 DEOPT PACKING pc=0x0000019f6c282f70 sp=0x000000237effb910
Event: 317.924 Thread 0x0000019f02821050 DEOPT UNPACKING pc=0x0000019f6bc269a3 sp=0x000000237effb898 mode 2
Event: 317.981 Thread 0x0000019f02821050 DEOPT PACKING pc=0x0000019f6531654f sp=0x000000237effb6e0
Event: 317.981 Thread 0x0000019f02821050 DEOPT UNPACKING pc=0x0000019f6bc27143 sp=0x000000237effadf0 mode 0
Event: 318.149 Thread 0x0000019f02821050 Uncommon trap: trap_request=0xffffffc6 fr.pc=0x0000019f6cb9c4f0 relative=0x0000000000000530
Event: 318.149 Thread 0x0000019f02821050 Uncommon trap: reason=bimorphic_or_optimized_type_check action=maybe_recompile pc=0x0000019f6cb9c4f0 method=com.google.common.collect.ImmutableCollection.toArray([Ljava/lang/Object;)[Ljava/lang/Object; @ 27 c2
Event: 318.149 Thread 0x0000019f02821050 DEOPT PACKING pc=0x0000019f6cb9c4f0 sp=0x000000237effba20
Event: 318.149 Thread 0x0000019f02821050 DEOPT UNPACKING pc=0x0000019f6bc269a3 sp=0x000000237effb9d8 mode 2
Event: 318.246 Thread 0x0000019f02821050 DEOPT PACKING pc=0x0000019f6531654f sp=0x000000237effb6b0
Event: 318.246 Thread 0x0000019f02821050 DEOPT UNPACKING pc=0x0000019f6bc27143 sp=0x000000237effadc0 mode 0

Classes unloaded (1 events):
Event: 161.964 Thread 0x0000019f7f3ab070 Unloading class 0x0000000800e9c000 'java/lang/invoke/LambdaForm$DMH+0x0000000800e9c000'

Classes redefined (0 events):
No events

Internal exceptions (20 events):
Event: 315.756 Thread 0x0000019f02415c20 Exception <a 'sun/nio/fs/WindowsException'{0x000000071be951d0}> (0x000000071be951d0) 
thrown [s\src\hotspot\share\prims\jni.cpp, line 517]
Event: 315.776 Thread 0x0000019f02415c20 Exception <a 'sun/nio/fs/WindowsException'{0x000000071bee7698}> (0x000000071bee7698) 
thrown [s\src\hotspot\share\prims\jni.cpp, line 517]
Event: 315.787 Thread 0x0000019f02410a50 Exception <a 'sun/nio/fs/WindowsException'{0x000000071bf3b838}> (0x000000071bf3b838) 
thrown [s\src\hotspot\share\prims\jni.cpp, line 517]
Event: 315.801 Thread 0x0000019f02416f60 Exception <a 'sun/nio/fs/WindowsException'{0x000000071bf76bd8}> (0x000000071bf76bd8) 
thrown [s\src\hotspot\share\prims\jni.cpp, line 517]
Event: 315.819 Thread 0x0000019f7ff21420 Exception <a 'sun/nio/fs/WindowsException'{0x000000071bffb210}> (0x000000071bffb210) 
thrown [s\src\hotspot\share\prims\jni.cpp, line 517]
Event: 315.934 Thread 0x0000019f024135a0 Exception <a 'sun/nio/fs/WindowsException'{0x000000071bc89160}> (0x000000071bc89160) 
thrown [s\src\hotspot\share\prims\jni.cpp, line 517]
Event: 316.018 Thread 0x0000019f024135a0 Exception <a 'sun/nio/fs/WindowsException'{0x000000071bd21450}> (0x000000071bd21450) 
thrown [s\src\hotspot\share\prims\jni.cpp, line 517]
Event: 316.039 Thread 0x0000019f024148e0 Exception <a 'sun/nio/fs/WindowsException'{0x000000071bd4e3e0}> (0x000000071bd4e3e0) 
thrown [s\src\hotspot\share\prims\jni.cpp, line 517]
Event: 316.069 Thread 0x0000019f7ff23aa0 Exception <a 'sun/nio/fs/WindowsException'{0x000000071ba594e0}> (0x000000071ba594e0) 
thrown [s\src\hotspot\share\prims\jni.cpp, line 517]
Event: 316.096 Thread 0x0000019f02410f20 Exception <a 'sun/nio/fs/WindowsException'{0x000000071ba8be70}> (0x000000071ba8be70) 
thrown [s\src\hotspot\share\prims\jni.cpp, line 517]
Event: 316.117 Thread 0x0000019f0281f370 Exception <a 'sun/nio/fs/WindowsException'{0x000000071bb24690}> (0x000000071bb24690) 
thrown [s\src\hotspot\share\prims\jni.cpp, line 517]
Event: 316.121 Thread 0x0000019f02415750 Exception <a 'sun/nio/fs/WindowsException'{0x000000071bd0a120}> (0x000000071bd0a120) 
thrown [s\src\hotspot\share\prims\jni.cpp, line 517]
Event: 316.121 Thread 0x0000019f02822390 Exception <a 'sun/nio/fs/WindowsException'{0x000000071bb292c0}> (0x000000071bb292c0) 
thrown [s\src\hotspot\share\prims\jni.cpp, line 517]
Event: 316.241 Thread 0x0000019f02822390 Exception <a 'sun/nio/fs/WindowsException'{0x000000071b965690}> (0x000000071b965690) 
thrown [s\src\hotspot\share\prims\jni.cpp, line 517]
Event: 317.562 Thread 0x0000019f02821050 Implicit null exception at 0x0000019f6c51ca78 to 0x0000019f6c51d3a4
Event: 317.562 Thread 0x0000019f02821050 Implicit null exception at 0x0000019f6c5272b4 to 0x0000019f6c52b20c
Event: 317.562 Thread 0x0000019f02821050 Implicit null exception at 0x0000019f6c523175 to 0x0000019f6c524274
Event: 317.572 Thread 0x0000019f02821050 Implicit null exception at 0x0000019f6c66d8ae to 0x0000019f6c66eab0
Event: 317.572 Thread 0x0000019f02821050 Implicit null exception at 0x0000019f6c65a542 to 0x0000019f6c65c44c
Event: 317.601 Thread 0x0000019f02821050 Implicit null exception at 0x0000019f6c5d99f0 to 0x0000019f6c5d9a8c

VM Operations (20 events):
Event: 314.036 Executing VM operation: G1CollectForAllocation
Event: 314.045 Executing VM operation: G1CollectForAllocation done
Event: 314.628 Executing VM operation: G1Concurrent
Event: 314.669 Executing VM operation: G1Concurrent done
Event: 314.894 Executing VM operation: HandshakeAllThreads
Event: 314.897 Executing VM operation: HandshakeAllThreads done
Event: 314.903 Executing VM operation: G1Concurrent
Event: 314.918 Executing VM operation: G1Concurrent done
Event: 314.949 Executing VM operation: HandshakeAllThreads
Event: 314.950 Executing VM operation: HandshakeAllThreads done
Event: 315.263 Executing VM operation: HandshakeAllThreads
Event: 315.264 Executing VM operation: HandshakeAllThreads done
Event: 316.264 Executing VM operation: Cleanup
Event: 316.264 Executing VM operation: Cleanup done
Event: 317.265 Executing VM operation: Cleanup
Event: 317.265 Executing VM operation: Cleanup done
Event: 317.558 Executing VM operation: HandshakeAllThreads
Event: 317.559 Executing VM operation: HandshakeAllThreads done
Event: 317.571 Executing VM operation: HandshakeAllThreads
Event: 317.571 Executing VM operation: HandshakeAllThreads done

Events (20 events):
Event: 315.299 Thread 0x0000019f7fcaf530 flushing nmethod 0x0000019f664bfd90
Event: 315.299 Thread 0x0000019f7fcaf530 flushing nmethod 0x0000019f664c0110
Event: 315.299 Thread 0x0000019f7fcaf530 flushing nmethod 0x0000019f664c2510
Event: 315.299 Thread 0x0000019f7fcaf530 flushing nmethod 0x0000019f664c2990
Event: 315.299 Thread 0x0000019f7fcaf530 flushing nmethod 0x0000019f664c8610
Event: 315.299 Thread 0x0000019f7fcaf530 flushing nmethod 0x0000019f664cc310
Event: 315.299 Thread 0x0000019f7fcaf530 flushing nmethod 0x0000019f664dfe90
Event: 315.299 Thread 0x0000019f7fcaf530 flushing nmethod 0x0000019f664f3e10
Event: 315.299 Thread 0x0000019f7fcaf530 flushing nmethod 0x0000019f66505a90
Event: 315.299 Thread 0x0000019f7fcaf530 flushing nmethod 0x0000019f6650af10
Event: 315.299 Thread 0x0000019f7fcaf530 flushing nmethod 0x0000019f6653e890
Event: 315.299 Thread 0x0000019f7fcaf530 flushing nmethod 0x0000019f665b0d10
Event: 315.299 Thread 0x0000019f7fcaf530 flushing nmethod 0x0000019f665d7d10
Event: 315.752 Thread 0x0000019f0a17fab0 Thread exited: 0x0000019f0a17fab0
Event: 316.279 Thread 0x0000019f06db6060 Thread added: 0x0000019f06db6060
Event: 316.285 Thread 0x0000019f0a17aec0 Thread added: 0x0000019f0a17aec0
Event: 316.580 Thread 0x0000019f0a17aec0 Thread exited: 0x0000019f0a17aec0
Event: 316.821 Thread 0x0000019f0a17aec0 Thread added: 0x0000019f0a17aec0
Event: 317.001 Thread 0x0000019f0a17aec0 Thread exited: 0x0000019f0a17aec0
Event: 317.659 Thread 0x0000019f0a17d740 Thread added: 0x0000019f0a17d740


Dynamic libraries:
0x00007ff608220000 - 0x00007ff60822a000 	C:\Program Files\Android\Android Studio\jbr\bin\java.exe
0x00007ffa066f0000 - 0x00007ffa068e8000 	C:\Windows\SYSTEM32\ntdll.dll
0x00007ffa05580000 - 0x00007ffa0563d000 	C:\Windows\System32\KERNEL32.DLL
0x00007ffa04420000 - 0x00007ffa04716000 	C:\Windows\System32\KERNELBASE.dll
0x00007ffa042b0000 - 0x00007ffa043b0000 	C:\Windows\System32\ucrtbase.dll
0x00007ff9fe560000 - 0x00007ff9fe57b000 	C:\Program Files\Android\Android Studio\jbr\bin\VCRUNTIME140.dll
0x00007ff9fe580000 - 0x00007ff9fe597000 	C:\Program Files\Android\Android Studio\jbr\bin\jli.dll
0x00007ffa04b80000 - 0x00007ffa04d1e000 	C:\Windows\System32\USER32.dll
0x00007ffa03ed0000 - 0x00007ffa03ef2000 	C:\Windows\System32\win32u.dll
0x00007ff9f4990000 - 0x00007ff9f4c2a000 	C:\Windows\WinSxS\amd64_microsoft.windows.common-controls_6595b64144ccf1df_6.0.19041.3636_none_60b6a03d71f818d5\COMCTL32.dll
0x00007ffa057b0000 - 0x00007ffa057db000 	C:\Windows\System32\GDI32.dll
0x00007ffa03f90000 - 0x00007ffa040a7000 	C:\Windows\System32\gdi32full.dll
0x00007ffa060e0000 - 0x00007ffa0617e000 	C:\Windows\System32\msvcrt.dll
0x00007ffa04210000 - 0x00007ffa042ad000 	C:\Windows\System32\msvcp_win.dll
0x00007ffa05770000 - 0x00007ffa057a2000 	C:\Windows\System32\IMM32.DLL
0x00007ff9fd030000 - 0x00007ff9fd03c000 	C:\Program Files\Android\Android Studio\jbr\bin\vcruntime140_1.dll
0x00007ff9eaf70000 - 0x00007ff9eaffd000 	C:\Program Files\Android\Android Studio\jbr\bin\msvcp140.dll
0x00007ff9b9dd0000 - 0x00007ff9baa3e000 	C:\Program Files\Android\Android Studio\jbr\bin\server\jvm.dll
0x00007ffa057e0000 - 0x00007ffa05890000 	C:\Windows\System32\ADVAPI32.dll
0x00007ffa06180000 - 0x00007ffa06220000 	C:\Windows\System32\sechost.dll
0x00007ffa05640000 - 0x00007ffa05765000 	C:\Windows\System32\RPCRT4.dll
0x00007ffa03ea0000 - 0x00007ffa03ec7000 	C:\Windows\System32\bcrypt.dll
0x00007ff9fd020000 - 0x00007ff9fd029000 	C:\Windows\SYSTEM32\WSOCK32.dll
0x00007ffa04da0000 - 0x00007ffa04e0b000 	C:\Windows\System32\WS2_32.dll
0x00007ff9f1040000 - 0x00007ff9f1067000 	C:\Windows\SYSTEM32\WINMM.dll
0x00007ff9fa770000 - 0x00007ff9fa77a000 	C:\Windows\SYSTEM32\VERSION.dll
0x00007ffa025a0000 - 0x00007ffa025b2000 	C:\Windows\SYSTEM32\kernel.appcore.dll
0x00007ff9fd010000 - 0x00007ff9fd01a000 	C:\Program Files\Android\Android Studio\jbr\bin\jimage.dll
0x00007ff9fb470000 - 0x00007ff9fb654000 	C:\Windows\SYSTEM32\DBGHELP.DLL
0x00007ff9fbd20000 - 0x00007ff9fbd54000 	C:\Windows\SYSTEM32\dbgcore.DLL
0x00007ffa03f00000 - 0x00007ffa03f82000 	C:\Windows\System32\bcryptPrimitives.dll
0x00007ff9fcfe0000 - 0x00007ff9fd005000 	C:\Program Files\Android\Android Studio\jbr\bin\java.dll
0x00007ff9fcfc0000 - 0x00007ff9fcfd8000 	C:\Program Files\Android\Android Studio\jbr\bin\zip.dll
0x00007ffa04e10000 - 0x00007ffa0557b000 	C:\Windows\System32\SHELL32.dll
0x00007ffa01dc0000 - 0x00007ffa0255e000 	C:\Windows\SYSTEM32\windows.storage.dll
0x00007ffa06220000 - 0x00007ffa06573000 	C:\Windows\System32\combase.dll
0x00007ffa03620000 - 0x00007ffa0364e000 	C:\Windows\SYSTEM32\Wldp.dll
0x00007ffa04a00000 - 0x00007ffa04acd000 	C:\Windows\System32\OLEAUT32.dll
0x00007ffa04930000 - 0x00007ffa049dd000 	C:\Windows\System32\SHCORE.dll
0x00007ffa058a0000 - 0x00007ffa058f5000 	C:\Windows\System32\shlwapi.dll
0x00007ffa03cd0000 - 0x00007ffa03cf5000 	C:\Windows\SYSTEM32\profapi.dll
0x00007ff9f8780000 - 0x00007ff9f8799000 	C:\Program Files\Android\Android Studio\jbr\bin\net.dll
0x00007ff9fd460000 - 0x00007ff9fd56a000 	C:\Windows\SYSTEM32\WINHTTP.dll
0x00007ffa03400000 - 0x00007ffa0346a000 	C:\Windows\system32\mswsock.dll
0x00007ff9f8760000 - 0x00007ff9f8776000 	C:\Program Files\Android\Android Studio\jbr\bin\nio.dll
0x00007ff9fcfb0000 - 0x00007ff9fcfc0000 	C:\Program Files\Android\Android Studio\jbr\bin\verify.dll
0x00007ff9ee610000 - 0x00007ff9ee637000 	C:\Users\ALI_S\.gradle\native\e1d6ef7f7dcc3fd88c89a11ec53ec762bb8ba0a96d01ffa2cd45eb1d1d8dd5c5\windows-amd64\native-platform.dll
0x00007ff9b4b30000 - 0x00007ff9b4c74000 	C:\Users\ALI_S\.gradle\native\0d407fdbe67a94daf76414ababcb853783967236a71b16ec16e742cd7a986fd3\windows-amd64\native-platform-file-events.dll
0x00007ff9f7bd0000 - 0x00007ff9f7bd9000 	C:\Program Files\Android\Android Studio\jbr\bin\management.dll
0x00007ff9eadd0000 - 0x00007ff9eaddb000 	C:\Program Files\Android\Android Studio\jbr\bin\management_ext.dll
0x00007ffa04d90000 - 0x00007ffa04d98000 	C:\Windows\System32\PSAPI.DLL
0x00007ffa03970000 - 0x00007ffa03988000 	C:\Windows\SYSTEM32\CRYPTSP.dll
0x00007ffa02d50000 - 0x00007ffa02d84000 	C:\Windows\system32\rsaenh.dll
0x00007ffa03c50000 - 0x00007ffa03c7e000 	C:\Windows\SYSTEM32\USERENV.dll
0x00007ffa03590000 - 0x00007ffa0359c000 	C:\Windows\SYSTEM32\CRYPTBASE.dll
0x00007ffa03110000 - 0x00007ffa0314b000 	C:\Windows\SYSTEM32\IPHLPAPI.DLL
0x00007ffa04d20000 - 0x00007ffa04d28000 	C:\Windows\System32\NSI.dll
0x00007ff9fcf20000 - 0x00007ff9fcf37000 	C:\Windows\SYSTEM32\dhcpcsvc6.DLL
0x00007ff9fda80000 - 0x00007ff9fda9d000 	C:\Windows\SYSTEM32\dhcpcsvc.DLL
0x00007ffa03150000 - 0x00007ffa0321b000 	C:\Windows\SYSTEM32\DNSAPI.dll
0x00007ff9eb170000 - 0x00007ff9eb177000 	C:\Windows\system32\wshunix.dll
0x00007ff9f9760000 - 0x00007ff9f976a000 	C:\Windows\System32\rasadhlp.dll
0x00007ff9fd060000 - 0x00007ff9fd0e0000 	C:\Windows\System32\fwpuclnt.dll
0x00007ffa02e70000 - 0x00007ffa02ea3000 	C:\Windows\SYSTEM32\ntmarta.dll
0x00007ff9fa690000 - 0x00007ff9fa697000 	C:\Program Files\Android\Android Studio\jbr\bin\rmi.dll

dbghelp: loaded successfully - version: 4.0.5 - missing functions: none
symbol engine: initialized successfully - sym options: 0x614 - pdb path: .;C:\Program Files\Android\Android Studio\jbr\bin;C:\Windows\SYSTEM32;C:\Windows\WinSxS\amd64_microsoft.windows.common-controls_6595b64144ccf1df_6.0.19041.3636_none_60b6a03d71f818d5;C:\Program Files\Android\Android Studio\jbr\bin\server;C:\Users\ALI_S\.gradle\native\e1d6ef7f7dcc3fd88c89a11ec53ec762bb8ba0a96d01ffa2cd45eb1d1d8dd5c5\windows-amd64;C:\Users\ALI_S\.gradle\native\0d407fdbe67a94daf76414ababcb853783967236a71b16ec16e742cd7a986fd3\windows-amd64

VM Arguments:
jvm_args: --add-opens=java.base/java.util=ALL-UNNAMED --add-opens=java.base/java.lang=ALL-UNNAMED --add-opens=java.base/java.lang.invoke=ALL-UNNAMED --add-opens=java.base/java.util=ALL-UNNAMED --add-opens=java.prefs/java.util.prefs=ALL-UNNAMED --add-opens=java.prefs/java.util.prefs=ALL-UNNAMED --add-opens=java.base/java.nio.charset=ALL-UNNAMED --add-opens=java.base/java.net=ALL-UNNAMED --add-opens=java.base/java.util.concurrent.atomic=ALL-UNNAMED -Xmx4G -Dfile.encoding=windows-1252 -Duser.country=US -Duser.language=en -Duser.variant 
java_command: org.gradle.launcher.daemon.bootstrap.GradleDaemon 7.5
java_class_path (initial): C:\Users\ALI_S\.gradle\wrapper\dists\gradle-7.5-all\6qsw290k5lz422uaf8jf6m7co\gradle-7.5\lib\gradle-launcher-7.5.jar
Launcher Type: SUN_STANDARD

[Global flags]
     intx CICompilerCount                          = 3                                         {product} {ergonomic}
     uint ConcGCThreads                            = 1                                         {product} {ergonomic}
     uint G1ConcRefinementThreads                  = 4                                         {product} {ergonomic}
   size_t G1HeapRegionSize                         = 2097152                                   {product} {ergonomic}
    uintx GCDrainStackTargetSize                   = 64                                        {product} {ergonomic}
   size_t InitialHeapSize                          = 134217728                                 {product} {ergonomic}
   size_t MarkStackSize                            = 4194304                                   {product} {ergonomic}
   size_t MaxHeapSize                              = 4294967296                                {product} {command line}
   size_t MaxNewSize                               = 2575302656                                {product} {ergonomic}
   size_t MinHeapDeltaBytes                        = 2097152                                   {product} {ergonomic}
   size_t MinHeapSize                              = 8388608                                   {product} {ergonomic}
    uintx NonNMethodCodeHeapSize                   = 5832780                                {pd product} {ergonomic}
    uintx NonProfiledCodeHeapSize                  = 122912730                              {pd product} {ergonomic}
    uintx ProfiledCodeHeapSize                     = 122912730                              {pd product} {ergonomic}
    uintx ReservedCodeCacheSize                    = 251658240                              {pd product} {ergonomic}
     bool SegmentedCodeCache                       = true                                      {product} {ergonomic}
   size_t SoftMaxHeapSize                          = 4294967296                             {manageable} {ergonomic}
     bool UseCompressedClassPointers               = true                           {product lp64_product} {ergonomic}
     bool UseCompressedOops                        = true                           {product lp64_product} {ergonomic}
     bool UseG1GC                                  = true                                      {product} {ergonomic}
     bool UseLargePagesIndividualAllocation        = false                                  {pd product} {ergonomic}

Logging:
Log output configuration:
 #0: stdout all=warning uptime,level,tags
 #1: stderr all=off uptime,level,tags

Environment Variables:
JAVA_HOME=C:\Program Files\Android\Android Studio\jbr
CLASSPATH=C:\development\flutter_app\mukawwin_3\android\\gradle\wrapper\gradle-wrapper.jar
PATH=C:\Program Files\Android\Android Studio\jbr\bin;C:\ProgramData\Oracle\Java\javapath;C:\Program Files (x86)\VMware\VMware Player\bin\;C:\Windows\system32;C:\Windows;C:\Windows\System32\Wbem;C:\Windows\System32\WindowsPowerShell\v1.0\;C:\Windows\System32\OpenSSH\;C:\Program Files\Git\cmd;C:\Program Files\MATLAB\R2017a\runtime\win64;C:\Program Files\MATLAB\R2017a\bin;C:\Program Files\nodejs\;C:\Program Files\Microsoft SQL Server\110\Tools\Binn\;c:\Program Files (x86)\Microsoft SQL Server\90\Tools\binn\;C:\Visual8\Common7\IDE;C:\Visual8\VC\bin;C:\Visual8\Common7\Tools;C:\Visual8\Common7\Tools\Bin;C:\Visual8\VC\PlatformSDK\Bin;C:\Visual8\SDK\v2.0\Bin;C:\Windows\Microsoft.NET\Framework\v2.0.50727;C:\Visual8\VC\vcpackages;C:\Opnet\14.5.A\bin;C:\Program Files\Java\jdk1.8.0_65\bin;C:\Users\ALI_S\AppData\Local\Microsoft\WindowsApps;C:\development\flutter\bin;C:\Users\ALI_S\AppData\Local\Programs\Microsoft VS Code\bin;C:\development\flutter\bin\mingit\cmd;C:\development\flutter\bin\mingit\cmd
USERNAME=ALI_S
LIBPATH=C:\Windows\Microsoft.NET\Framework\v2.0.50727;C:\Visual8\VC\ATLMFC\LIB;
OS=Windows_NT
PROCESSOR_IDENTIFIER=Intel64 Family 6 Model 58 Stepping 9, GenuineIntel
TMP=C:\Users\ALI_S\AppData\Local\Temp
TEMP=C:\Users\ALI_S\AppData\Local\Temp


JNI global refs:
JNI global refs: 27, weak refs: 2

JNI global refs memory usage: 843, weak refs: 841


---------------  S Y S T E M  ---------------

OS:
 Windows 10 , 64 bit Build 19041 (10.0.19041.3636)
OS uptime: 47 days 20:49 hours
Hyper-V role detected

CPU: total 4 (initial active 4) (2 cores per cpu, 2 threads per core) family 6 model 58 stepping 9 microcode 0x21, cx8, cmov, fxsr, ht, mmx, sse, sse2, sse3, ssse3, sse4.1, sse4.2, popcnt, tsc, tscinvbit, avx, aes, erms, clmul, vzeroupper, clflush, hv

Memory: 4k page, system-wide physical 8094M (420M free)
TotalPageFile size 11711M (AvailPageFile size 4M)
current process WorkingSet (physical memory assigned to process): 815M, peak: 819M
current process commit charge ("private bytes"): 869M, peak: 872M

vm_info: OpenJDK 64-Bit Server VM (17.0.6+0-b2043.56-10027231) for windows-amd64 JRE (17.0.6+0-b2043.56-10027231), built on Apr 28 2023 00:43:19 by "androidbuild" with MS VC++ 16.10 / 16.11 (VS2019)

END.
