#
# There is insufficient memory for the Java Runtime Environment to continue.
# Native memory allocation (mmap) failed to map 44040192 bytes for G1 virtual space
# Possible reasons:
#   The system is out of physical RAM or swap space
#   The process is running with CompressedOops enabled, and the Java Heap may be blocking the growth of the native heap
# Possible solutions:
#   Reduce memory load on the system
#   Increase physical memory or swap space
#   Check if swap backing store is full
#   Decrease Java heap size (-Xmx/-Xms)
#   Decrease number of Java threads
#   Decrease Java thread stack sizes (-Xss)
#   Set larger code cache with -XX:ReservedCodeCacheSize=
#   JVM is running with Zero Based Compressed Oops mode in which the Java heap is
#     placed in the first 32GB address space. The Java Heap base address is the
#     maximum limit for the native heap growth. Please use -XX:HeapBaseMinAddress
#     to set the Java Heap base and to place the Java Heap above 32GB virtual address.
# This output file may be truncated or incomplete.
#
#  Out of Memory Error (os_windows.cpp:3769), pid=8580, tid=13168
#
# JRE version: OpenJDK Runtime Environment (17.0.6) (build 17.0.6+0-b2043.56-10027231)
# Java VM: OpenJDK 64-Bit Server VM (17.0.6+0-b2043.56-10027231, mixed mode, tiered, compressed oops, compressed class ptrs, g1 gc, windows-amd64)
# No core dump will be written. Minidumps are not enabled by default on client versions of Windows
#

---------------  S U M M A R Y ------------

Command Line: --add-opens=java.base/java.util=ALL-UNNAMED --add-opens=java.base/java.lang=ALL-UNNAMED --add-opens=java.base/java.lang.invoke=ALL-UNNAMED --add-opens=java.base/java.util=ALL-UNNAMED --add-opens=java.prefs/java.util.prefs=ALL-UNNAMED --add-opens=java.prefs/java.util.prefs=ALL-UNNAMED --add-opens=java.base/java.nio.charset=ALL-UNNAMED --add-opens=java.base/java.net=ALL-UNNAMED --add-opens=java.base/java.util.concurrent.atomic=ALL-UNNAMED -Xmx4G -Dfile.encoding=windows-1252 -Duser.country=US -Duser.language=en -Duser.variant org.gradle.launcher.daemon.bootstrap.GradleDaemon 7.5

Host: Intel(R) Core(TM) i5-3380M CPU @ 2.90GHz, 4 cores, 7G,  Windows 10 , 64 bit Build 19041 (10.0.19041.5438)
Time: Mon Apr  7 03:04:42 2025 Syria Standard Time elapsed time: 23.806377 seconds (0d 0h 0m 23s)

---------------  T H R E A D  ---------------

Current thread (0x000001c5a1c13b20):  VMThread "VM Thread" [stack: 0x00000059cbc00000,0x00000059cbd00000] [id=13168]

Stack: [0x00000059cbc00000,0x00000059cbd00000]
Native frames: (J=compiled Java code, j=interpreted, Vv=VM code, C=native code)
V  [jvm.dll+0x683c9a]
V  [jvm.dll+0x8427a4]
V  [jvm.dll+0x843f9e]
V  [jvm.dll+0x844603]
V  [jvm.dll+0x249b75]
V  [jvm.dll+0x680b69]
V  [jvm.dll+0x67505a]
V  [jvm.dll+0x309acb]
V  [jvm.dll+0x310f86]
V  [jvm.dll+0x3608ee]
V  [jvm.dll+0x360b1f]
V  [jvm.dll+0x2dfbf8]
V  [jvm.dll+0x2ddec4]
V  [jvm.dll+0x2dd4cc]
V  [jvm.dll+0x321f3b]
V  [jvm.dll+0x848ccb]
V  [jvm.dll+0x849a04]
V  [jvm.dll+0x849f1d]
V  [jvm.dll+0x84a2f4]
V  [jvm.dll+0x84a3c0]
V  [jvm.dll+0x7f274a]
V  [jvm.dll+0x682ad5]
C  [ucrtbase.dll+0x21bb2]
C  [KERNEL32.DLL+0x17374]
C  [ntdll.dll+0x4cc91]

VM_Operation (0x00000059cd7fe250): G1CollectForAllocation, mode: safepoint, requested by thread 0x000001c5a440c090


---------------  P R O C E S S  ---------------

Threads class SMR info:
_java_thread_list=0x000001c5a5dbc3e0, length=88, elements={
0x000001c582f3b8b0, 0x000001c5a1128020, 0x000001c5a11289b0, 0x000001c5a1111b80,
0x000001c5a1114450, 0x000001c5a1114d10, 0x000001c5a11155d0, 0x000001c5a1c2bdd0,
0x000001c5a1c60f40, 0x000001c5a1c65c50, 0x000001c5a1dd3030, 0x000001c5a1dd3d20,
0x000001c5a48f18a0, 0x000001c5a2d665b0, 0x000001c5a36d2bc0, 0x000001c5a440d030,
0x000001c5a440d500, 0x000001c5a440ca30, 0x000001c5a4409070, 0x000001c5a440a880,
0x000001c5a4409540, 0x000001c5a440b220, 0x000001c5a440c090, 0x000001c5a4409a10,
0x000001c5a440ad50, 0x000001c5a4409ee0, 0x000001c5a440c560, 0x000001c5a440bbc0,
0x000001c5a440a3b0, 0x000001c5a47caf70, 0x000001c5a47c8420, 0x000001c5a47c8dc0,
0x000001c5a47c88f0, 0x000001c5a47ca5d0, 0x000001c5a47c7a80, 0x000001c5a541dbd0,
0x000001c5a541c890, 0x000001c5a54193a0, 0x000001c5a5418ed0, 0x000001c5a541e570,
0x000001c5a5419870, 0x000001c5a541d230, 0x000001c5a541b550, 0x000001c5a5418a00,
0x000001c5a541f3e0, 0x000001c5a541ef10, 0x000001c5a541ba20, 0x000001c5a541abb0,
0x000001c5a541f8b0, 0x000001c5a541b080, 0x000001c5a5418060, 0x000001c5a541d700,
0x000001c5a5418530, 0x000001c5a541bef0, 0x000001c5a5419d40, 0x000001c5a541c3c0,
0x000001c5a784dfd0, 0x000001c5a784e4a0, 0x000001c5a7849c70, 0x000001c5a784afb0,
0x000001c5a784a140, 0x000001c5a7848460, 0x000001c5a784ee40, 0x000001c5a7848930,
0x000001c5a784b480, 0x000001c5a784cc90, 0x000001c5a784d160, 0x000001c5a784e970,
0x000001c5a784db00, 0x000001c5a784c2f0, 0x000001c5a7847ac0, 0x000001c5a784c7c0,
0x000001c5a784be20, 0x000001c5a7847f90, 0x000001c5a784f310, 0x000001c5a7848e00,
0x000001c5a784d630, 0x000001c5a78492d0, 0x000001c5a784b950, 0x000001c5a78497a0,
0x000001c5a784a610, 0x000001c5a784aae0, 0x000001c5a4ef7a40, 0x000001c5a4ef9bf0,
0x000001c5a4ef8d80, 0x000001c5a4ef88b0, 0x000001c5a7a9f470, 0x000001c5a4ef7f10
}

Java Threads: ( => current thread )
  0x000001c582f3b8b0 JavaThread "main" [_thread_blocked, id=12440, stack(0x00000059cb600000,0x00000059cb700000)]
  0x000001c5a1128020 JavaThread "Reference Handler" daemon [_thread_blocked, id=13244, stack(0x00000059cbd00000,0x00000059cbe00000)]
  0x000001c5a11289b0 JavaThread "Finalizer" daemon [_thread_blocked, id=8724, stack(0x00000059cbe00000,0x00000059cbf00000)]
  0x000001c5a1111b80 JavaThread "Signal Dispatcher" daemon [_thread_blocked, id=14936, stack(0x00000059cbf00000,0x00000059cc000000)]
  0x000001c5a1114450 JavaThread "Attach Listener" daemon [_thread_blocked, id=14492, stack(0x00000059cc000000,0x00000059cc100000)]
  0x000001c5a1114d10 JavaThread "Service Thread" daemon [_thread_blocked, id=9564, stack(0x00000059cc100000,0x00000059cc200000)]
  0x000001c5a11155d0 JavaThread "Monitor Deflation Thread" daemon [_thread_blocked, id=15868, stack(0x00000059cc200000,0x00000059cc300000)]
  0x000001c5a1c2bdd0 JavaThread "C2 CompilerThread0" daemon [_thread_blocked, id=15212, stack(0x00000059cc300000,0x00000059cc400000)]
  0x000001c5a1c60f40 JavaThread "C1 CompilerThread0" daemon [_thread_blocked, id=11660, stack(0x00000059cc400000,0x00000059cc500000)]
  0x000001c5a1c65c50 JavaThread "Sweeper thread" daemon [_thread_blocked, id=12880, stack(0x00000059cc500000,0x00000059cc600000)]
  0x000001c5a1dd3030 JavaThread "Common-Cleaner" daemon [_thread_blocked, id=11680, stack(0x00000059cc600000,0x00000059cc700000)]
  0x000001c5a1dd3d20 JavaThread "Notification Thread" daemon [_thread_blocked, id=9196, stack(0x00000059cc700000,0x00000059cc800000)]
  0x000001c5a48f18a0 JavaThread "Daemon health stats" [_thread_blocked, id=8608, stack(0x00000059ccd00000,0x00000059cce00000)]
  0x000001c5a2d665b0 JavaThread "Incoming local TCP Connector on port 60047" [_thread_in_native, id=5480, stack(0x00000059cc900000,0x00000059cca00000)]
  0x000001c5a36d2bc0 JavaThread "Daemon periodic checks" [_thread_blocked, id=8516, stack(0x00000059cce00000,0x00000059ccf00000)]
  0x000001c5a440d030 JavaThread "Daemon" [_thread_blocked, id=2200, stack(0x00000059cd000000,0x00000059cd100000)]
  0x000001c5a440d500 JavaThread "Handler for socket connection from /127.0.0.1:60047 to /127.0.0.1:60048" [_thread_in_native, id=10300, stack(0x00000059cd100000,0x00000059cd200000)]
  0x000001c5a440ca30 JavaThread "Cancel handler" [_thread_blocked, id=5148, stack(0x00000059cd200000,0x00000059cd300000)]
  0x000001c5a4409070 JavaThread "Daemon worker" [_thread_blocked, id=2500, stack(0x00000059cd300000,0x00000059cd400000)]
  0x000001c5a440a880 JavaThread "Asynchronous log dispatcher for DefaultDaemonConnection: socket connection from /127.0.0.1:60047 to /127.0.0.1:60048" [_thread_blocked, id=16344, stack(0x00000059cd400000,0x00000059cd500000)]
  0x000001c5a4409540 JavaThread "Stdin handler" [_thread_blocked, id=10908, stack(0x00000059cd500000,0x00000059cd600000)]
  0x000001c5a440b220 JavaThread "Daemon client event forwarder" [_thread_blocked, id=7816, stack(0x00000059cd600000,0x00000059cd700000)]
  0x000001c5a440c090 JavaThread "Cache worker for journal cache (C:\Users\ALI_S\.gradle\caches\journal-1)" [_thread_blocked, id=7272, stack(0x00000059cd700000,0x00000059cd800000)]
  0x000001c5a4409a10 JavaThread "File lock request listener" [_thread_in_native, id=8740, stack(0x00000059cd800000,0x00000059cd900000)]
  0x000001c5a440ad50 JavaThread "Cache worker for file hash cache (C:\Users\ALI_S\.gradle\caches\7.5\fileHashes)" [_thread_blocked, id=6024, stack(0x00000059cd900000,0x00000059cda00000)]
  0x000001c5a4409ee0 JavaThread "File watcher server" daemon [_thread_in_native, id=9992, stack(0x00000059cda00000,0x00000059cdb00000)]
  0x000001c5a440c560 JavaThread "File watcher consumer" daemon [_thread_blocked, id=4848, stack(0x00000059cdb00000,0x00000059cdc00000)]
  0x000001c5a440bbc0 JavaThread "Cache worker for checksums cache (C:\development\flutter_app\mukawwin_3\android\.gradle\7.5\checksums)" [_thread_blocked, id=9596, stack(0x00000059cdc00000,0x00000059cdd00000)]
  0x000001c5a440a3b0 JavaThread "Cache worker for cache directory md-rule (C:\Users\ALI_S\.gradle\caches\7.5\md-rule)" [_thread_blocked, id=13104, stack(0x00000059cdd00000,0x00000059cde00000)]
  0x000001c5a47caf70 JavaThread "Cache worker for file content cache (C:\Users\ALI_S\.gradle\caches\7.5\fileContent)" [_thread_blocked, id=7328, stack(0x00000059cde00000,0x00000059cdf00000)]
  0x000001c5a47c8420 JavaThread "Cache worker for file hash cache (C:\development\flutter_app\mukawwin_3\android\.gradle\7.5\fileHashes)" [_thread_blocked, id=11436, stack(0x00000059cdf00000,0x00000059ce000000)]
  0x000001c5a47c8dc0 JavaThread "Cache worker for cache directory md-supplier (C:\Users\ALI_S\.gradle\caches\7.5\md-supplier)" [_thread_blocked, id=11144, stack(0x00000059ce000000,0x00000059ce100000)]
  0x000001c5a47c88f0 JavaThread "Cache worker for execution history cache (C:\Users\ALI_S\.gradle\caches\7.5\executionHistory)" [_thread_blocked, id=5352, stack(0x00000059ce100000,0x00000059ce200000)]
  0x000001c5a47ca5d0 JavaThread "jar transforms" [_thread_blocked, id=9012, stack(0x00000059ce300000,0x00000059ce400000)]
  0x000001c5a47c7a80 JavaThread "Cache worker for kotlin-dsl (C:\Users\ALI_S\.gradle\caches\7.5\kotlin-dsl)" [_thread_blocked, id=13528, stack(0x00000059ce400000,0x00000059ce500000)]
  0x000001c5a541dbd0 JavaThread "jar transforms Thread 2" [_thread_blocked, id=8564, stack(0x00000059ce500000,0x00000059ce600000)]
  0x000001c5a541c890 JavaThread "Cache worker for dependencies-accessors (C:\development\flutter_app\mukawwin_3\android\.gradle\7.5\dependencies-accessors)" [_thread_blocked, id=11520, stack(0x00000059ce600000,0x00000059ce700000)]
  0x000001c5a54193a0 JavaThread "Cache worker for Build Output Cleanup Cache (C:\development\flutter\packages\flutter_tools\gradle\.gradle\buildOutputCleanup)" [_thread_blocked, id=12036, stack(0x00000059ce700000,0x00000059ce800000)]
  0x000001c5a5418ed0 JavaThread "jar transforms Thread 3" [_thread_blocked, id=10032, stack(0x00000059ce800000,0x00000059ce900000)]
  0x000001c5a541e570 JavaThread "Memory manager" [_thread_blocked, id=16004, stack(0x00000059ce900000,0x00000059cea00000)]
  0x000001c5a5419870 JavaThread "jar transforms Thread 4" [_thread_blocked, id=14420, stack(0x00000059cea00000,0x00000059ceb00000)]
  0x000001c5a541d230 JavaThread "included builds" [_thread_blocked, id=15924, stack(0x00000059ceb00000,0x00000059cec00000)]
  0x000001c5a541b550 JavaThread "Execution worker" [_thread_blocked, id=13364, stack(0x00000059cec00000,0x00000059ced00000)]
  0x000001c5a5418a00 JavaThread "Execution worker Thread 2" [_thread_blocked, id=16284, stack(0x00000059ced00000,0x00000059cee00000)]
  0x000001c5a541f3e0 JavaThread "Execution worker Thread 3" [_thread_blocked, id=13060, stack(0x00000059cee00000,0x00000059cef00000)]
  0x000001c5a541ef10 JavaThread "Cache worker for execution history cache (C:\development\flutter\packages\flutter_tools\gradle\.gradle\7.5\executionHistory)" [_thread_blocked, id=9136, stack(0x00000059cef00000,0x00000059cf000000)]
  0x000001c5a541ba20 JavaThread "Unconstrained build operations" [_thread_blocked, id=11584, stack(0x00000059cf000000,0x00000059cf100000)]
  0x000001c5a541abb0 JavaThread "Unconstrained build operations Thread 2" [_thread_blocked, id=7296, stack(0x00000059cf100000,0x00000059cf200000)]
  0x000001c5a541f8b0 JavaThread "Unconstrained build operations Thread 3" [_thread_blocked, id=11604, stack(0x00000059cf200000,0x00000059cf300000)]
  0x000001c5a541b080 JavaThread "Unconstrained build operations Thread 4" [_thread_blocked, id=2824, stack(0x00000059cf300000,0x00000059cf400000)]
  0x000001c5a5418060 JavaThread "Unconstrained build operations Thread 5" [_thread_blocked, id=5736, stack(0x00000059cf400000,0x00000059cf500000)]
  0x000001c5a541d700 JavaThread "Unconstrained build operations Thread 6" [_thread_blocked, id=16116, stack(0x00000059cf500000,0x00000059cf600000)]
  0x000001c5a5418530 JavaThread "Unconstrained build operations Thread 7" [_thread_blocked, id=9900, stack(0x00000059cf600000,0x00000059cf700000)]
  0x000001c5a541bef0 JavaThread "Unconstrained build operations Thread 8" [_thread_blocked, id=14888, stack(0x00000059cf700000,0x00000059cf800000)]
  0x000001c5a5419d40 JavaThread "Unconstrained build operations Thread 9" [_thread_blocked, id=3804, stack(0x00000059cf800000,0x00000059cf900000)]
  0x000001c5a541c3c0 JavaThread "Unconstrained build operations Thread 10" [_thread_blocked, id=15976, stack(0x00000059cf900000,0x00000059cfa00000)]
  0x000001c5a784dfd0 JavaThread "Unconstrained build operations Thread 11" [_thread_blocked, id=7408, stack(0x00000059ccf00000,0x00000059cd000000)]
  0x000001c5a784e4a0 JavaThread "Unconstrained build operations Thread 12" [_thread_blocked, id=7232, stack(0x00000059cfb00000,0x00000059cfc00000)]
  0x000001c5a7849c70 JavaThread "Unconstrained build operations Thread 13" [_thread_blocked, id=10956, stack(0x00000059cfc00000,0x00000059cfd00000)]
  0x000001c5a784afb0 JavaThread "Unconstrained build operations Thread 14" [_thread_blocked, id=2116, stack(0x00000059cfd00000,0x00000059cfe00000)]
  0x000001c5a784a140 JavaThread "Unconstrained build operations Thread 15" [_thread_blocked, id=12560, stack(0x00000059cfe00000,0x00000059cff00000)]
  0x000001c5a7848460 JavaThread "Unconstrained build operations Thread 16" [_thread_blocked, id=3136, stack(0x00000059cff00000,0x00000059d0000000)]
  0x000001c5a784ee40 JavaThread "Unconstrained build operations Thread 17" [_thread_blocked, id=12948, stack(0x00000059d0000000,0x00000059d0100000)]
  0x000001c5a7848930 JavaThread "Unconstrained build operations Thread 18" [_thread_blocked, id=13236, stack(0x00000059d0100000,0x00000059d0200000)]
  0x000001c5a784b480 JavaThread "Unconstrained build operations Thread 19" [_thread_blocked, id=11480, stack(0x00000059d0200000,0x00000059d0300000)]
  0x000001c5a784cc90 JavaThread "Unconstrained build operations Thread 20" [_thread_blocked, id=11024, stack(0x00000059d0300000,0x00000059d0400000)]
  0x000001c5a784d160 JavaThread "Unconstrained build operations Thread 21" [_thread_blocked, id=9804, stack(0x00000059d0400000,0x00000059d0500000)]
  0x000001c5a784e970 JavaThread "Unconstrained build operations Thread 22" [_thread_blocked, id=8532, stack(0x00000059d0500000,0x00000059d0600000)]
  0x000001c5a784db00 JavaThread "Unconstrained build operations Thread 23" [_thread_blocked, id=10852, stack(0x00000059d0600000,0x00000059d0700000)]
  0x000001c5a784c2f0 JavaThread "Unconstrained build operations Thread 24" [_thread_blocked, id=11192, stack(0x00000059d0700000,0x00000059d0800000)]
  0x000001c5a7847ac0 JavaThread "Unconstrained build operations Thread 25" [_thread_blocked, id=13340, stack(0x00000059d0800000,0x00000059d0900000)]
  0x000001c5a784c7c0 JavaThread "Unconstrained build operations Thread 26" [_thread_blocked, id=2204, stack(0x00000059d0900000,0x00000059d0a00000)]
  0x000001c5a784be20 JavaThread "Unconstrained build operations Thread 27" [_thread_blocked, id=8996, stack(0x00000059d0a00000,0x00000059d0b00000)]
  0x000001c5a7847f90 JavaThread "Unconstrained build operations Thread 28" [_thread_blocked, id=736, stack(0x00000059d0b00000,0x00000059d0c00000)]
  0x000001c5a784f310 JavaThread "Unconstrained build operations Thread 29" [_thread_blocked, id=11068, stack(0x00000059d0c00000,0x00000059d0d00000)]
  0x000001c5a7848e00 JavaThread "Unconstrained build operations Thread 30" [_thread_blocked, id=6088, stack(0x00000059d0d00000,0x00000059d0e00000)]
  0x000001c5a784d630 JavaThread "Unconstrained build operations Thread 31" [_thread_blocked, id=16156, stack(0x00000059d0e00000,0x00000059d0f00000)]
  0x000001c5a78492d0 JavaThread "Unconstrained build operations Thread 32" [_thread_blocked, id=7360, stack(0x00000059d0f00000,0x00000059d1000000)]
  0x000001c5a784b950 JavaThread "Unconstrained build operations Thread 33" [_thread_blocked, id=4024, stack(0x00000059d1000000,0x00000059d1100000)]
  0x000001c5a78497a0 JavaThread "Unconstrained build operations Thread 34" [_thread_blocked, id=9412, stack(0x00000059d1100000,0x00000059d1200000)]
  0x000001c5a784a610 JavaThread "Unconstrained build operations Thread 35" [_thread_blocked, id=7112, stack(0x00000059d1200000,0x00000059d1300000)]
  0x000001c5a784aae0 JavaThread "Unconstrained build operations Thread 36" [_thread_blocked, id=9684, stack(0x00000059d1300000,0x00000059d1400000)]
  0x000001c5a4ef7a40 JavaThread "Unconstrained build operations Thread 37" [_thread_blocked, id=6936, stack(0x00000059d1400000,0x00000059d1500000)]
  0x000001c5a4ef9bf0 JavaThread "Unconstrained build operations Thread 38" [_thread_blocked, id=7320, stack(0x00000059d1500000,0x00000059d1600000)]
  0x000001c5a4ef8d80 JavaThread "Unconstrained build operations Thread 39" [_thread_blocked, id=13484, stack(0x00000059d1600000,0x00000059d1700000)]
  0x000001c5a4ef88b0 JavaThread "Unconstrained build operations Thread 40" [_thread_blocked, id=3472, stack(0x00000059d1700000,0x00000059d1800000)]
  0x000001c5a7a9f470 JavaThread "C2 CompilerThread1" daemon [_thread_in_native, id=15508, stack(0x00000059d1800000,0x00000059d1900000)]
  0x000001c5a4ef7f10 JavaThread "Cache worker for Build Output Cleanup Cache (C:\development\flutter_app\mukawwin_3\android\.gradle\buildOutputCleanup)" [_thread_blocked, id=14408, stack(0x00000059d1900000,0x00000059d1a00000)]

Other Threads:
=>0x000001c5a1c13b20 VMThread "VM Thread" [stack: 0x00000059cbc00000,0x00000059cbd00000] [id=13168]
  0x000001c582fbf590 WatcherThread [stack: 0x00000059cc800000,0x00000059cc900000] [id=12732]
  0x000001c582fa6040 GCTaskThread "GC Thread#0" [stack: 0x00000059cb700000,0x00000059cb800000] [id=12856]
  0x000001c5a23d7fa0 GCTaskThread "GC Thread#1" [stack: 0x00000059cca00000,0x00000059ccb00000] [id=15996]
  0x000001c5a230a140 GCTaskThread "GC Thread#2" [stack: 0x00000059ccb00000,0x00000059ccc00000] [id=10432]
  0x000001c5a2648010 GCTaskThread "GC Thread#3" [stack: 0x00000059ccc00000,0x00000059ccd00000] [id=11848]
  0x000001c582fb6e90 ConcurrentGCThread "G1 Main Marker" [stack: 0x00000059cb800000,0x00000059cb900000] [id=6352]
  0x000001c582fb7f50 ConcurrentGCThread "G1 Conc#0" [stack: 0x00000059cb900000,0x00000059cba00000] [id=11576]
  0x000001c582ff5d10 ConcurrentGCThread "G1 Refine#0" [stack: 0x00000059cba00000,0x00000059cbb00000] [id=15964]
  0x000001c5a5f29d30 ConcurrentGCThread "G1 Refine#1" [stack: 0x00000059ce200000,0x00000059ce300000] [id=3096]
  0x000001c582ff6640 ConcurrentGCThread "G1 Service" [stack: 0x00000059cbb00000,0x00000059cbc00000] [id=7164]

Threads with active compile tasks:
C2 CompilerThread0    23849 10290       4       com.esotericsoftware.kryo.io.Output::writeVarInt (433 bytes)
C2 CompilerThread1    23849 9939       4       java.beans.Introspector::addMethod (196 bytes)

VM state: at safepoint (normal execution)

VM Mutex/Monitor currently owned by a thread:  ([mutex/lock_event])
[0x000001c580f5ac90] Threads_lock - owner thread: 0x000001c5a1c13b20
[0x000001c580f5ba10] Heap_lock - owner thread: 0x000001c5a440c090

Heap address: 0x0000000700000000, size: 4096 MB, Compressed Oops mode: Zero based, Oop shift amount: 3

CDS archive(s) not mapped
Compressed class space mapped at: 0x0000000800000000-0x0000000840000000, reserved size: 1073741824
Narrow klass base: 0x0000000800000000, Narrow klass shift: 0, Narrow klass range: 0x40000000

GC Precious Log:
 CPUs: 4 total, 4 available
 Memory: 8094M
 Large Page Support: Disabled
 NUMA Support: Disabled
 Compressed Oops: Enabled (Zero based)
 Heap Region Size: 2M
 Heap Min Capacity: 8M
 Heap Initial Capacity: 128M
 Heap Max Capacity: 4G
 Pre-touch: Disabled
 Parallel Workers: 4
 Concurrent Workers: 1
 Concurrent Refinement Workers: 4
 Periodic GC: Disabled

Heap:
 garbage-first heap   total 157696K, used 92803K [0x0000000700000000, 0x0000000800000000)
  region size 2048K, 3 young (6144K), 3 survivors (6144K)
 Metaspace       used 94474K, committed 95360K, reserved 1138688K
  class space    used 12924K, committed 13312K, reserved 1048576K

Heap Regions: E=young(eden), S=young(survivor), O=old, HS=humongous(starts), HC=humongous(continues), CS=collection set, F=free, OA=open archive, CA=closed archive, TAMS=top-at-mark-start (previous, next)
|   0|0x0000000700000000, 0x0000000700200000, 0x0000000700200000|100%|HS|  |TAMS 0x0000000700200000, 0x0000000700200000| Complete 
|   1|0x0000000700200000, 0x0000000700400000, 0x0000000700400000|100%|HC|  |TAMS 0x0000000700400000, 0x0000000700400000| Complete 
|   2|0x0000000700400000, 0x0000000700600000, 0x0000000700600000|100%| O|  |TAMS 0x0000000700600000, 0x0000000700600000| Untracked 
|   3|0x0000000700600000, 0x0000000700800000, 0x0000000700800000|100%| O|  |TAMS 0x0000000700800000, 0x0000000700800000| Untracked 
|   4|0x0000000700800000, 0x0000000700a00000, 0x0000000700a00000|100%| O|  |TAMS 0x0000000700a00000, 0x0000000700a00000| Untracked 
|   5|0x0000000700a00000, 0x0000000700c00000, 0x0000000700c00000|100%| O|  |TAMS 0x0000000700c00000, 0x0000000700c00000| Untracked 
|   6|0x0000000700c00000, 0x0000000700e00000, 0x0000000700e00000|100%| O|  |TAMS 0x0000000700e00000, 0x0000000700e00000| Untracked 
|   7|0x0000000700e00000, 0x0000000701000000, 0x0000000701000000|100%| O|  |TAMS 0x0000000701000000, 0x0000000701000000| Untracked 
|   8|0x0000000701000000, 0x0000000701200000, 0x0000000701200000|100%| O|  |TAMS 0x0000000701200000, 0x0000000701200000| Untracked 
|   9|0x0000000701200000, 0x0000000701400000, 0x0000000701400000|100%| O|  |TAMS 0x0000000701400000, 0x0000000701400000| Untracked 
|  10|0x0000000701400000, 0x0000000701600000, 0x0000000701600000|100%| O|  |TAMS 0x0000000701600000, 0x0000000701600000| Untracked 
|  11|0x0000000701600000, 0x0000000701800000, 0x0000000701800000|100%| O|  |TAMS 0x0000000701800000, 0x0000000701800000| Untracked 
|  12|0x0000000701800000, 0x0000000701a00000, 0x0000000701a00000|100%| O|  |TAMS 0x0000000701a00000, 0x0000000701a00000| Untracked 
|  13|0x0000000701a00000, 0x0000000701c00000, 0x0000000701c00000|100%| O|  |TAMS 0x0000000701c00000, 0x0000000701c00000| Untracked 
|  14|0x0000000701c00000, 0x0000000701e00000, 0x0000000701e00000|100%| O|  |TAMS 0x0000000701e00000, 0x0000000701e00000| Untracked 
|  15|0x0000000701e00000, 0x0000000702000000, 0x0000000702000000|100%| O|  |TAMS 0x0000000702000000, 0x0000000702000000| Untracked 
|  16|0x0000000702000000, 0x0000000702200000, 0x0000000702200000|100%| O|  |TAMS 0x0000000702200000, 0x0000000702200000| Untracked 
|  17|0x0000000702200000, 0x0000000702400000, 0x0000000702400000|100%| O|  |TAMS 0x0000000702400000, 0x0000000702400000| Untracked 
|  18|0x0000000702400000, 0x0000000702600000, 0x0000000702600000|100%| O|  |TAMS 0x0000000702600000, 0x0000000702600000| Untracked 
|  19|0x0000000702600000, 0x0000000702800000, 0x0000000702800000|100%| O|  |TAMS 0x0000000702800000, 0x0000000702800000| Untracked 
|  20|0x0000000702800000, 0x0000000702a00000, 0x0000000702a00000|100%|HS|  |TAMS 0x0000000702a00000, 0x0000000702a00000| Complete 
|  21|0x0000000702a00000, 0x0000000702c00000, 0x0000000702c00000|100%| O|  |TAMS 0x0000000702c00000, 0x0000000702c00000| Untracked 
|  22|0x0000000702c00000, 0x0000000702e00000, 0x0000000702e00000|100%| O|  |TAMS 0x0000000702e00000, 0x0000000702e00000| Untracked 
|  23|0x0000000702e00000, 0x0000000703000000, 0x0000000703000000|100%|HS|  |TAMS 0x0000000703000000, 0x0000000703000000| Complete 
|  24|0x0000000703000000, 0x0000000703200000, 0x0000000703200000|100%|HC|  |TAMS 0x0000000703200000, 0x0000000703200000| Complete 
|  25|0x0000000703200000, 0x0000000703400000, 0x0000000703400000|100%| O|  |TAMS 0x0000000703400000, 0x0000000703400000| Untracked 
|  26|0x0000000703400000, 0x0000000703600000, 0x0000000703600000|100%| O|  |TAMS 0x0000000703600000, 0x0000000703600000| Untracked 
|  27|0x0000000703600000, 0x0000000703800000, 0x0000000703800000|100%| O|  |TAMS 0x0000000703800000, 0x0000000703800000| Untracked 
|  28|0x0000000703800000, 0x0000000703a00000, 0x0000000703a00000|100%| O|  |TAMS 0x0000000703a00000, 0x0000000703a00000| Untracked 
|  29|0x0000000703a00000, 0x0000000703c00000, 0x0000000703c00000|100%| O|  |TAMS 0x0000000703c00000, 0x0000000703c00000| Untracked 
|  30|0x0000000703c00000, 0x0000000703e00000, 0x0000000703e00000|100%| O|  |TAMS 0x0000000703e00000, 0x0000000703e00000| Untracked 
|  31|0x0000000703e00000, 0x0000000704000000, 0x0000000704000000|100%| O|  |TAMS 0x0000000704000000, 0x0000000704000000| Untracked 
|  32|0x0000000704000000, 0x0000000704200000, 0x0000000704200000|100%| O|  |TAMS 0x0000000704200000, 0x0000000704200000| Untracked 
|  33|0x0000000704200000, 0x0000000704400000, 0x0000000704400000|100%| O|  |TAMS 0x0000000704400000, 0x0000000704400000| Untracked 
|  34|0x0000000704400000, 0x0000000704600000, 0x0000000704600000|100%| O|  |TAMS 0x0000000704600000, 0x0000000704600000| Untracked 
|  35|0x0000000704600000, 0x0000000704800000, 0x0000000704800000|100%| O|  |TAMS 0x0000000704800000, 0x0000000704800000| Untracked 
|  36|0x0000000704800000, 0x0000000704a00000, 0x0000000704a00000|100%| O|  |TAMS 0x000000070497e600, 0x0000000704a00000| Untracked 
|  37|0x0000000704a00000, 0x0000000704c00000, 0x0000000704c00000|100%| O|  |TAMS 0x0000000704a00000, 0x0000000704c00000| Untracked 
|  38|0x0000000704c00000, 0x0000000704e00000, 0x0000000704e00000|100%| O|  |TAMS 0x0000000704c00000, 0x0000000704e00000| Untracked 
|  39|0x0000000704e00000, 0x0000000705000000, 0x0000000705000000|100%| O|  |TAMS 0x0000000704e00000, 0x0000000704e00000| Untracked 
|  40|0x0000000705000000, 0x0000000705200000, 0x0000000705200000|100%| O|  |TAMS 0x0000000705000000, 0x0000000705000000| Untracked 
|  41|0x0000000705200000, 0x0000000705400000, 0x0000000705400000|100%| O|  |TAMS 0x0000000705200000, 0x0000000705200000| Untracked 
|  42|0x0000000705400000, 0x0000000705554a00, 0x0000000705600000| 66%| O|  |TAMS 0x0000000705400000, 0x0000000705400000| Untracked 
|  43|0x0000000705600000, 0x0000000705600000, 0x0000000705800000|  0%| F|  |TAMS 0x0000000705600000, 0x0000000705600000| Untracked 
|  44|0x0000000705800000, 0x0000000705800000, 0x0000000705a00000|  0%| F|  |TAMS 0x0000000705800000, 0x0000000705800000| Untracked 
|  45|0x0000000705a00000, 0x0000000705a00000, 0x0000000705c00000|  0%| F|  |TAMS 0x0000000705a00000, 0x0000000705a00000| Untracked 
|  46|0x0000000705c00000, 0x0000000705c00000, 0x0000000705e00000|  0%| F|  |TAMS 0x0000000705c00000, 0x0000000705c00000| Untracked 
|  47|0x0000000705e00000, 0x0000000705e00000, 0x0000000706000000|  0%| F|  |TAMS 0x0000000705e00000, 0x0000000705e00000| Untracked 
|  48|0x0000000706000000, 0x0000000706000000, 0x0000000706200000|  0%| F|  |TAMS 0x0000000706000000, 0x0000000706000000| Untracked 
|  49|0x0000000706200000, 0x0000000706200000, 0x0000000706400000|  0%| F|  |TAMS 0x0000000706200000, 0x0000000706200000| Untracked 
|  50|0x0000000706400000, 0x000000070654c520, 0x0000000706600000| 64%| S|CS|TAMS 0x0000000706400000, 0x0000000706400000| Complete 
|  51|0x0000000706600000, 0x0000000706600000, 0x0000000706800000|  0%| F|  |TAMS 0x0000000706600000, 0x0000000706600000| Untracked 
|  52|0x0000000706800000, 0x0000000706800000, 0x0000000706a00000|  0%| F|  |TAMS 0x0000000706800000, 0x0000000706800000| Untracked 
|  53|0x0000000706a00000, 0x0000000706a00000, 0x0000000706c00000|  0%| F|  |TAMS 0x0000000706a00000, 0x0000000706a00000| Untracked 
|  54|0x0000000706c00000, 0x0000000706c00000, 0x0000000706e00000|  0%| F|  |TAMS 0x0000000706c00000, 0x0000000706c00000| Untracked 
|  55|0x0000000706e00000, 0x0000000707000000, 0x0000000707000000|100%| S|CS|TAMS 0x0000000706e00000, 0x0000000706e00000| Complete 
|  56|0x0000000707000000, 0x0000000707200000, 0x0000000707200000|100%| S|CS|TAMS 0x0000000707000000, 0x0000000707000000| Complete 
|  57|0x0000000707200000, 0x0000000707200000, 0x0000000707400000|  0%| F|  |TAMS 0x0000000707200000, 0x0000000707200000| Untracked 
|  58|0x0000000707400000, 0x0000000707400000, 0x0000000707600000|  0%| F|  |TAMS 0x0000000707400000, 0x0000000707400000| Untracked 
|  59|0x0000000707600000, 0x0000000707600000, 0x0000000707800000|  0%| F|  |TAMS 0x0000000707600000, 0x0000000707600000| Untracked 
|  60|0x0000000707800000, 0x0000000707800000, 0x0000000707a00000|  0%| F|  |TAMS 0x0000000707800000, 0x0000000707800000| Untracked 
|  61|0x0000000707a00000, 0x0000000707a00000, 0x0000000707c00000|  0%| F|  |TAMS 0x0000000707a00000, 0x0000000707a00000| Untracked 
|  62|0x0000000707c00000, 0x0000000707c00000, 0x0000000707e00000|  0%| F|  |TAMS 0x0000000707c00000, 0x0000000707c00000| Untracked 
|  63|0x0000000707e00000, 0x0000000707e00000, 0x0000000708000000|  0%| F|  |TAMS 0x0000000707e00000, 0x0000000707e00000| Untracked 
|  64|0x0000000708000000, 0x0000000708000000, 0x0000000708200000|  0%| F|  |TAMS 0x0000000708000000, 0x0000000708000000| Untracked 
|  65|0x0000000708200000, 0x0000000708200000, 0x0000000708400000|  0%| F|  |TAMS 0x0000000708200000, 0x0000000708200000| Untracked 
|  66|0x0000000708400000, 0x0000000708400000, 0x0000000708600000|  0%| F|  |TAMS 0x0000000708400000, 0x0000000708400000| Untracked 
|  67|0x0000000708600000, 0x0000000708600000, 0x0000000708800000|  0%| F|  |TAMS 0x0000000708600000, 0x0000000708600000| Untracked 
|  68|0x0000000708800000, 0x0000000708800000, 0x0000000708a00000|  0%| F|  |TAMS 0x0000000708800000, 0x0000000708800000| Untracked 
|  69|0x0000000708a00000, 0x0000000708a00000, 0x0000000708c00000|  0%| F|  |TAMS 0x0000000708a00000, 0x0000000708a00000| Untracked 
|  70|0x0000000708c00000, 0x0000000708c00000, 0x0000000708e00000|  0%| F|  |TAMS 0x0000000708c00000, 0x0000000708c00000| Untracked 
|  71|0x0000000708e00000, 0x0000000708e00000, 0x0000000709000000|  0%| F|  |TAMS 0x0000000708e00000, 0x0000000708e00000| Untracked 
|  72|0x0000000709000000, 0x0000000709000000, 0x0000000709200000|  0%| F|  |TAMS 0x0000000709000000, 0x0000000709000000| Untracked 
|  73|0x0000000709200000, 0x0000000709200000, 0x0000000709400000|  0%| F|  |TAMS 0x0000000709200000, 0x0000000709200000| Untracked 
|  74|0x0000000709400000, 0x0000000709400000, 0x0000000709600000|  0%| F|  |TAMS 0x0000000709400000, 0x0000000709400000| Untracked 
|  75|0x0000000709600000, 0x0000000709600000, 0x0000000709800000|  0%| F|  |TAMS 0x0000000709600000, 0x0000000709600000| Untracked 
|  76|0x0000000709800000, 0x0000000709800000, 0x0000000709a00000|  0%| F|  |TAMS 0x0000000709800000, 0x0000000709800000| Untracked 

Card table byte_map: [0x000001c595c00000,0x000001c596400000] _byte_map_base: 0x000001c592400000

Marking Bits (Prev, Next): (CMBitMap*) 0x000001c582fa6560, (CMBitMap*) 0x000001c582fa65a0
 Prev Bits: [0x000001c596c00000, 0x000001c59ac00000)
 Next Bits: [0x000001c59ac00000, 0x000001c59ec00000)

Polling page: 0x000001c580e40000

Metaspace:

Usage:
  Non-class:     79.64 MB used.
      Class:     12.62 MB used.
       Both:     92.26 MB used.

Virtual space:
  Non-class space:       88.00 MB reserved,      80.12 MB ( 91%) committed,  11 nodes.
      Class space:        1.00 GB reserved,      13.00 MB (  1%) committed,  1 nodes.
             Both:        1.09 GB reserved,      93.12 MB (  8%) committed. 

Chunk freelists:
   Non-Class:  3.36 MB
       Class:  2.93 MB
        Both:  6.29 MB

MaxMetaspaceSize: unlimited
CompressedClassSpaceSize: 1.00 GB
Initial GC threshold: 21.00 MB
Current GC threshold: 148.56 MB
CDS: off
MetaspaceReclaimPolicy: balanced
 - commit_granule_bytes: 65536.
 - commit_granule_words: 8192.
 - virtual_space_node_default_size: 1048576.
 - enlarge_chunks_in_place: 1.
 - new_chunks_are_fully_committed: 0.
 - uncommit_free_chunks: 1.
 - use_allocation_guard: 0.
 - handle_deallocations: 1.


Internal statistics:

num_allocs_failed_limit: 12.
num_arena_births: 902.
num_arena_deaths: 0.
num_vsnodes_births: 12.
num_vsnodes_deaths: 0.
num_space_committed: 1490.
num_space_uncommitted: 0.
num_chunks_returned_to_freelist: 12.
num_chunks_taken_from_freelist: 4264.
num_chunk_merges: 3.
num_chunk_splits: 2834.
num_chunks_enlarged: 1918.
num_purges: 0.
num_inconsistent_stats: 0.

CodeHeap 'non-profiled nmethods': size=120000Kb used=4852Kb max_used=5305Kb free=115147Kb
 bounds [0x000001c58ded0000, 0x000001c58e400000, 0x000001c595400000]
CodeHeap 'profiled nmethods': size=120000Kb used=17824Kb max_used=18562Kb free=102175Kb
 bounds [0x000001c586400000, 0x000001c587630000, 0x000001c58d930000]
CodeHeap 'non-nmethods': size=5760Kb used=2428Kb max_used=2502Kb free=3331Kb
 bounds [0x000001c58d930000, 0x000001c58dbb0000, 0x000001c58ded0000]
 total_blobs=9739 nmethods=8772 adapters=877
 compilation: enabled
              stopped_count=0, restarted_count=0
 full_count=0

Compilation events (20 events):
Event: 23.762 Thread 0x000001c5a1c60f40 10324       3       org.gradle.api.internal.artifacts.ivyservice.resolveengine.artifact.DefaultArtifactSet$$Lambda$770/0x0000000800807d88::get (28 bytes)
Event: 23.762 Thread 0x000001c5a1c60f40 nmethod 10324 0x000001c58715de90 code [0x000001c58715e020, 0x000001c58715e1a8]
Event: 23.762 Thread 0x000001c5a1c60f40 10326       3       org.gradle.api.internal.artifacts.ivyservice.resolveengine.artifact.DefaultArtifactSet$SingleVariantArtifactSet::getVariants (8 bytes)
Event: 23.763 Thread 0x000001c5a1c60f40 nmethod 10326 0x000001c587282310 code [0x000001c587282500, 0x000001c587282a68]
Event: 23.763 Thread 0x000001c5a1c60f40 10327       3       org.gradle.api.internal.artifacts.DefaultResolvableArtifact::hashCode (8 bytes)
Event: 23.763 Thread 0x000001c5a1c60f40 nmethod 10327 0x000001c587281e90 code [0x000001c587282040, 0x000001c587282228]
Event: 23.763 Thread 0x000001c5a1c60f40 10328       3       org.gradle.api.internal.artifacts.ivyservice.resolveengine.artifact.ArtifactBackedResolvedVariant$SingleArtifactSet::<init> (26 bytes)
Event: 23.763 Thread 0x000001c5a1c60f40 nmethod 10328 0x000001c586f71a90 code [0x000001c586f71c40, 0x000001c586f71f38]
Event: 23.763 Thread 0x000001c5a1c60f40 10329       3       org.gradle.api.internal.artifacts.ivyservice.resolveengine.artifact.ArtifactBackedResolvedVariant::lambda$supplyResolvedArtifactSet$0 (138 bytes)
Event: 23.765 Thread 0x000001c5a1c60f40 nmethod 10329 0x000001c5869a8790 code [0x000001c5869a8aa0, 0x000001c5869aa238]
Event: 23.765 Thread 0x000001c5a1c60f40 10331   !   3       org.gradle.cache.internal.btree.BTreePersistentIndexedCache::put (176 bytes)
Event: 23.768 Thread 0x000001c5a1c60f40 nmethod 10331 0x000001c586e0de90 code [0x000001c586e0e320, 0x000001c586e10b88]
Event: 23.770 Thread 0x000001c5a1c60f40 10332       1       org.gradle.internal.work.DefaultWorkerLeaseService::access$400 (5 bytes)
Event: 23.771 Thread 0x000001c5a1c60f40 nmethod 10332 0x000001c58e141e90 code [0x000001c58e142020, 0x000001c58e1420d8]
Event: 23.772 Thread 0x000001c5a1c60f40 10333   !   3       java.lang.String::replace (258 bytes)
Event: 23.778 Thread 0x000001c5a1c60f40 nmethod 10333 0x000001c586f14890 code [0x000001c586f14d80, 0x000001c586f17228]
Event: 23.778 Thread 0x000001c5a1c60f40 10334       3       org.gradle.internal.component.external.model.DefaultModuleComponentIdentifier::toString (5 bytes)
Event: 23.778 Thread 0x000001c5a1c60f40 nmethod 10334 0x000001c587281990 code [0x000001c587281b20, 0x000001c587281ce8]
Event: 23.780 Thread 0x000001c5a1c60f40 10335       3       org.gradle.internal.resolve.result.DefaultBuildableTypedResolveResult::assertHasResult (18 bytes)
Event: 23.780 Thread 0x000001c5a1c60f40 nmethod 10335 0x000001c586f71410 code [0x000001c586f715c0, 0x000001c586f71948]

GC Heap History (20 events):
Event: 16.309 GC heap after
{Heap after GC invocations=21 (full 0):
 garbage-first heap   total 122880K, used 54801K [0x0000000700000000, 0x0000000800000000)
  region size 2048K, 4 young (8192K), 4 survivors (8192K)
 Metaspace       used 70831K, committed 71360K, reserved 1114112K
  class space    used 9635K, committed 9856K, reserved 1048576K
}
Event: 17.278 GC heap before
{Heap before GC invocations=21 (full 0):
 garbage-first heap   total 122880K, used 97809K [0x0000000700000000, 0x0000000800000000)
  region size 2048K, 23 young (47104K), 4 survivors (8192K)
 Metaspace       used 74567K, committed 75200K, reserved 1114112K
  class space    used 10123K, committed 10432K, reserved 1048576K
}
Event: 17.286 GC heap after
{Heap after GC invocations=22 (full 0):
 garbage-first heap   total 122880K, used 64909K [0x0000000700000000, 0x0000000800000000)
  region size 2048K, 3 young (6144K), 3 survivors (6144K)
 Metaspace       used 74567K, committed 75200K, reserved 1114112K
  class space    used 10123K, committed 10432K, reserved 1048576K
}
Event: 17.950 GC heap before
{Heap before GC invocations=22 (full 0):
 garbage-first heap   total 122880K, used 93581K [0x0000000700000000, 0x0000000800000000)
  region size 2048K, 17 young (34816K), 3 survivors (6144K)
 Metaspace       used 78498K, committed 79168K, reserved 1122304K
  class space    used 10588K, committed 10880K, reserved 1048576K
}
Event: 17.958 GC heap after
{Heap after GC invocations=23 (full 0):
 garbage-first heap   total 122880K, used 67354K [0x0000000700000000, 0x0000000800000000)
  region size 2048K, 2 young (4096K), 2 survivors (4096K)
 Metaspace       used 78498K, committed 79168K, reserved 1122304K
  class space    used 10588K, committed 10880K, reserved 1048576K
}
Event: 18.391 GC heap before
{Heap before GC invocations=24 (full 0):
 garbage-first heap   total 143360K, used 93978K [0x0000000700000000, 0x0000000800000000)
  region size 2048K, 16 young (32768K), 2 survivors (4096K)
 Metaspace       used 79843K, committed 80512K, reserved 1122304K
  class space    used 10780K, committed 11072K, reserved 1048576K
}
Event: 18.399 GC heap after
{Heap after GC invocations=25 (full 0):
 garbage-first heap   total 143360K, used 69680K [0x0000000700000000, 0x0000000800000000)
  region size 2048K, 2 young (4096K), 2 survivors (4096K)
 Metaspace       used 79843K, committed 80512K, reserved 1122304K
  class space    used 10780K, committed 11072K, reserved 1048576K
}
Event: 19.222 GC heap before
{Heap before GC invocations=25 (full 0):
 garbage-first heap   total 143360K, used 110640K [0x0000000700000000, 0x0000000800000000)
  region size 2048K, 22 young (45056K), 2 survivors (4096K)
 Metaspace       used 82792K, committed 83392K, reserved 1122304K
  class space    used 11155K, committed 11456K, reserved 1048576K
}
Event: 19.230 GC heap after
{Heap after GC invocations=26 (full 0):
 garbage-first heap   total 143360K, used 72074K [0x0000000700000000, 0x0000000800000000)
  region size 2048K, 3 young (6144K), 3 survivors (6144K)
 Metaspace       used 82792K, committed 83392K, reserved 1122304K
  class space    used 11155K, committed 11456K, reserved 1048576K
}
Event: 20.083 GC heap before
{Heap before GC invocations=27 (full 0):
 garbage-first heap   total 143360K, used 113034K [0x0000000700000000, 0x0000000800000000)
  region size 2048K, 23 young (47104K), 3 survivors (6144K)
 Metaspace       used 85186K, committed 85888K, reserved 1130496K
  class space    used 11470K, committed 11776K, reserved 1048576K
}
Event: 20.094 GC heap after
{Heap after GC invocations=28 (full 0):
 garbage-first heap   total 143360K, used 75446K [0x0000000700000000, 0x0000000800000000)
  region size 2048K, 3 young (6144K), 3 survivors (6144K)
 Metaspace       used 85186K, committed 85888K, reserved 1130496K
  class space    used 11470K, committed 11776K, reserved 1048576K
}
Event: 20.691 GC heap before
{Heap before GC invocations=28 (full 0):
 garbage-first heap   total 143360K, used 114358K [0x0000000700000000, 0x0000000800000000)
  region size 2048K, 22 young (45056K), 3 survivors (6144K)
 Metaspace       used 85873K, committed 86528K, reserved 1130496K
  class space    used 11541K, committed 11840K, reserved 1048576K
}
Event: 20.703 GC heap after
{Heap after GC invocations=29 (full 0):
 garbage-first heap   total 143360K, used 77506K [0x0000000700000000, 0x0000000800000000)
  region size 2048K, 3 young (6144K), 3 survivors (6144K)
 Metaspace       used 85873K, committed 86528K, reserved 1130496K
  class space    used 11541K, committed 11840K, reserved 1048576K
}
Event: 21.136 GC heap before
{Heap before GC invocations=30 (full 0):
 garbage-first heap   total 157696K, used 112322K [0x0000000700000000, 0x0000000800000000)
  region size 2048K, 20 young (40960K), 3 survivors (6144K)
 Metaspace       used 86081K, committed 86784K, reserved 1130496K
  class space    used 11572K, committed 11904K, reserved 1048576K
}
Event: 21.148 GC heap after
{Heap after GC invocations=31 (full 0):
 garbage-first heap   total 157696K, used 79852K [0x0000000700000000, 0x0000000800000000)
  region size 2048K, 3 young (6144K), 3 survivors (6144K)
 Metaspace       used 86081K, committed 86784K, reserved 1130496K
  class space    used 11572K, committed 11904K, reserved 1048576K
}
Event: 22.038 GC heap before
{Heap before GC invocations=31 (full 0):
 garbage-first heap   total 157696K, used 126956K [0x0000000700000000, 0x0000000800000000)
  region size 2048K, 26 young (53248K), 3 survivors (6144K)
 Metaspace       used 89964K, committed 90688K, reserved 1130496K
  class space    used 12264K, committed 12608K, reserved 1048576K
}
Event: 22.048 GC heap after
{Heap after GC invocations=32 (full 0):
 garbage-first heap   total 157696K, used 83581K [0x0000000700000000, 0x0000000800000000)
  region size 2048K, 3 young (6144K), 3 survivors (6144K)
 Metaspace       used 89964K, committed 90688K, reserved 1130496K
  class space    used 12264K, committed 12608K, reserved 1048576K
}
Event: 22.896 GC heap before
{Heap before GC invocations=33 (full 0):
 garbage-first heap   total 157696K, used 128637K [0x0000000700000000, 0x0000000800000000)
  region size 2048K, 25 young (51200K), 3 survivors (6144K)
 Metaspace       used 93021K, committed 93760K, reserved 1130496K
  class space    used 12727K, committed 13056K, reserved 1048576K
}
Event: 22.913 GC heap after
{Heap after GC invocations=34 (full 0):
 garbage-first heap   total 157696K, used 87567K [0x0000000700000000, 0x0000000800000000)
  region size 2048K, 4 young (8192K), 4 survivors (8192K)
 Metaspace       used 93021K, committed 93760K, reserved 1130496K
  class space    used 12727K, committed 13056K, reserved 1048576K
}
Event: 23.784 GC heap before
{Heap before GC invocations=34 (full 0):
 garbage-first heap   total 157696K, used 126479K [0x0000000700000000, 0x0000000800000000)
  region size 2048K, 24 young (49152K), 4 survivors (8192K)
 Metaspace       used 94474K, committed 95360K, reserved 1138688K
  class space    used 12924K, committed 13312K, reserved 1048576K
}

Dll operation events (2 events):
Event: 0.008 Loaded shared library C:\Program Files\Android\Android Studio\jbr\bin\java.dll
Event: 0.499 Loaded shared library C:\Program Files\Android\Android Studio\jbr\bin\verify.dll

Deoptimization events (20 events):
Event: 22.944 Thread 0x000001c5a4409070 Uncommon trap: trap_request=0xfffffff4 fr.pc=0x000001c58dfff38c relative=0x00000000000009ec
Event: 22.944 Thread 0x000001c5a4409070 Uncommon trap: reason=null_check action=make_not_entrant pc=0x000001c58dfff38c method=com.sun.beans.introspect.MethodInfo$MethodOrder.compare(Ljava/lang/reflect/Method;Ljava/lang/reflect/Method;)I @ 145 c2
Event: 22.944 Thread 0x000001c5a4409070 DEOPT PACKING pc=0x000001c58dfff38c sp=0x00000059cd3efbc0
Event: 22.944 Thread 0x000001c5a4409070 DEOPT UNPACKING pc=0x000001c58d9869a3 sp=0x00000059cd3efaf0 mode 2
Event: 23.159 Thread 0x000001c5a4409070 Uncommon trap: trap_request=0xfffffff4 fr.pc=0x000001c58e1d4468 relative=0x0000000000000068
Event: 23.159 Thread 0x000001c5a4409070 Uncommon trap: reason=null_check action=make_not_entrant pc=0x000001c58e1d4468 method=java.lang.Class.isAnnotation()Z @ 1 c2
Event: 23.159 Thread 0x000001c5a4409070 DEOPT PACKING pc=0x000001c58e1d4468 sp=0x00000059cd3ef220
Event: 23.159 Thread 0x000001c5a4409070 DEOPT UNPACKING pc=0x000001c58d9869a3 sp=0x00000059cd3ef1b0 mode 2
Event: 23.459 Thread 0x000001c5a4409070 Uncommon trap: trap_request=0xffffff45 fr.pc=0x000001c58e343d88 relative=0x0000000000000e28
Event: 23.459 Thread 0x000001c5a4409070 Uncommon trap: reason=unstable_if action=reinterpret pc=0x000001c58e343d88 method=groovy.lang.MetaClassImpl.checkIfStdMethod(Lgroovy/lang/MetaMethod;)V @ 167 c2
Event: 23.459 Thread 0x000001c5a4409070 DEOPT PACKING pc=0x000001c58e343d88 sp=0x00000059cd3f2af0
Event: 23.459 Thread 0x000001c5a4409070 DEOPT UNPACKING pc=0x000001c58d9869a3 sp=0x00000059cd3f2a48 mode 2
Event: 23.505 Thread 0x000001c5a4409070 Uncommon trap: trap_request=0xffffff45 fr.pc=0x000001c58df4d380 relative=0x0000000000000540
Event: 23.505 Thread 0x000001c5a4409070 Uncommon trap: reason=unstable_if action=reinterpret pc=0x000001c58df4d380 method=java.lang.ThreadLocal$ThreadLocalMap.remove(Ljava/lang/ThreadLocal;)V @ 26 c2
Event: 23.505 Thread 0x000001c5a4409070 DEOPT PACKING pc=0x000001c58df4d380 sp=0x00000059cd3f7ab0
Event: 23.505 Thread 0x000001c5a4409070 DEOPT UNPACKING pc=0x000001c58d9869a3 sp=0x00000059cd3f79e8 mode 2
Event: 23.744 Thread 0x000001c5a4409070 Uncommon trap: trap_request=0xffffff45 fr.pc=0x000001c58e39a680 relative=0x00000000000029e0
Event: 23.744 Thread 0x000001c5a4409070 Uncommon trap: reason=unstable_if action=reinterpret pc=0x000001c58e39a680 method=com.esotericsoftware.kryo.io.Output.writeString(Ljava/lang/String;)V @ 39 c2
Event: 23.744 Thread 0x000001c5a4409070 DEOPT PACKING pc=0x000001c58e39a680 sp=0x00000059cd3f8a20
Event: 23.744 Thread 0x000001c5a4409070 DEOPT UNPACKING pc=0x000001c58d9869a3 sp=0x00000059cd3f8918 mode 2

Classes unloaded (0 events):
No events

Classes redefined (0 events):
No events

Internal exceptions (20 events):
Event: 23.242 Thread 0x000001c5a4409070 Exception <a 'java/lang/ClassNotFoundException'{0x000000070853c4c0}: com/android/build/gradle/internal/res/LinkApplicationAndroidResourcesTask_DecoratedCustomizer> (0x000000070853c4c0) 
thrown [s\src\hotspot\share\classfile\systemDictionary.cpp, line 256]
Event: 23.261 Thread 0x000001c5a4409070 Exception <a 'java/lang/ClassNotFoundException'{0x0000000708294748}: com/android/build/gradle/internal/tasks/CompressAssetsTask_DecoratedBeanInfo> (0x0000000708294748) 
thrown [s\src\hotspot\share\classfile\systemDictionary.cpp, line 256]
Event: 23.262 Thread 0x000001c5a4409070 Exception <a 'java/lang/ClassNotFoundException'{0x00000007082a6738}: com/android/build/gradle/internal/tasks/CompressAssetsTaskBeanInfo> (0x00000007082a6738) 
thrown [s\src\hotspot\share\classfile\systemDictionary.cpp, line 256]
Event: 23.263 Thread 0x000001c5a4409070 Exception <a 'java/lang/ClassNotFoundException'{0x00000007082b8710}: com/android/build/gradle/internal/tasks/CompressAssetsTaskCustomizer> (0x00000007082b8710) 
thrown [s\src\hotspot\share\classfile\systemDictionary.cpp, line 256]
Event: 23.265 Thread 0x000001c5a4409070 Exception <a 'java/lang/ClassNotFoundException'{0x00000007082e0bc0}: com/android/build/gradle/internal/tasks/CompressAssetsTask_DecoratedCustomizer> (0x00000007082e0bc0) 
thrown [s\src\hotspot\share\classfile\systemDictionary.cpp, line 256]
Event: 23.340 Thread 0x000001c5a4409070 Exception <a 'java/lang/NoClassDefFoundError'{0x000000070812c3c0}: org/jetbrains/kotlin/gradle/plugin/KotlinBasePluginWrapper> (0x000000070812c3c0) 
thrown [s\src\hotspot\share\classfile\systemDictionary.cpp, line 245]
Event: 23.363 Thread 0x000001c5a4409070 Exception <a 'java/lang/ClassNotFoundException'{0x0000000707e35b88}: com/google/android/gms/dependencies/DependencyAnalyzerBeanInfo> (0x0000000707e35b88) 
thrown [s\src\hotspot\share\classfile\systemDictionary.cpp, line 256]
Event: 23.364 Thread 0x000001c5a4409070 Exception <a 'java/lang/ClassNotFoundException'{0x0000000707e465b0}: com/google/android/gms/dependencies/DependencyAnalyzerCustomizer> (0x0000000707e465b0) 
thrown [s\src\hotspot\share\classfile\systemDictionary.cpp, line 256]
Event: 23.370 Thread 0x000001c5a4409070 Exception <a 'java/lang/ClassNotFoundException'{0x0000000707e99ed8}: com/google/android/gms/dependencies/DependencyInspectorBeanInfo> (0x0000000707e99ed8) 
thrown [s\src\hotspot\share\classfile\systemDictionary.cpp, line 256]
Event: 23.371 Thread 0x000001c5a4409070 Exception <a 'java/lang/ClassNotFoundException'{0x0000000707eaa950}: com/google/android/gms/dependencies/DependencyInspectorCustomizer> (0x0000000707eaa950) 
thrown [s\src\hotspot\share\classfile\systemDictionary.cpp, line 256]
Event: 23.380 Thread 0x000001c5a4409070 Exception <a 'java/lang/ClassNotFoundException'{0x0000000707f19ec8}: org/gradle/api/internal/artifacts/configurations/DefaultConfiguration$ConfigurationResolvableDependencies_DecoratedBeanInfo> (0x0000000707f19ec8) 
thrown [s\src\hotspot\share\classfile\systemDictionary.cpp, line 256]
Event: 23.381 Thread 0x000001c5a4409070 Exception <a 'java/lang/ClassNotFoundException'{0x0000000707f3c4c8}: org/gradle/api/internal/artifacts/configurations/DefaultConfiguration$ConfigurationResolvableDependenciesBeanInfo> (0x0000000707f3c4c8) 
thrown [s\src\hotspot\share\classfile\systemDictionary.cpp, line 256]
Event: 23.382 Thread 0x000001c5a4409070 Exception <a 'java/lang/ClassNotFoundException'{0x0000000707f5eac8}: org/gradle/api/internal/artifacts/configurations/DefaultConfiguration$ConfigurationResolvableDependenciesCustomizer> (0x0000000707f5eac8) 
thrown [s\src\hotspot\share\classfile\systemDictionary.cpp, line 256]
Event: 23.384 Thread 0x000001c5a4409070 Exception <a 'java/lang/ClassNotFoundException'{0x0000000707f91070}: org/gradle/api/internal/artifacts/configurations/DefaultConfiguration$ConfigurationResolvableDependencies_DecoratedCustomizer> (0x0000000707f91070) 
thrown [s\src\hotspot\share\classfile\systemDictionary.cpp, line 256]
Event: 23.489 Thread 0x000001c5a4409070 Exception <a 'java/lang/ClassNotFoundException'{0x0000000707b7b570}: java/lang/IntegerBeanInfo> (0x0000000707b7b570) 
thrown [s\src\hotspot\share\classfile\systemDictionary.cpp, line 256]
Event: 23.490 Thread 0x000001c5a4409070 Exception <a 'java/lang/ClassNotFoundException'{0x0000000707b87418}: java/lang/NumberBeanInfo> (0x0000000707b87418) 
thrown [s\src\hotspot\share\classfile\systemDictionary.cpp, line 256]
Event: 23.491 Thread 0x000001c5a4409070 Exception <a 'java/lang/ClassNotFoundException'{0x0000000707b93528}: java/lang/NumberCustomizer> (0x0000000707b93528) 
thrown [s\src\hotspot\share\classfile\systemDictionary.cpp, line 256]
Event: 23.492 Thread 0x000001c5a4409070 Exception <a 'java/lang/ClassNotFoundException'{0x0000000707ba1ef8}: java/lang/IntegerCustomizer> (0x0000000707ba1ef8) 
thrown [s\src\hotspot\share\classfile\systemDictionary.cpp, line 256]
Event: 23.531 Thread 0x000001c5a4409070 Exception <a 'java/lang/ClassNotFoundException'{0x00000007078ee0e0}: build_f3z9m1w4gcs38y4zrlt7145voBeanInfo> (0x00000007078ee0e0) 
thrown [s\src\hotspot\share\classfile\systemDictionary.cpp, line 256]
Event: 23.531 Thread 0x000001c5a4409070 Exception <a 'java/lang/ClassNotFoundException'{0x00000007078f4930}: build_f3z9m1w4gcs38y4zrlt7145voCustomizer> (0x00000007078f4930) 
thrown [s\src\hotspot\share\classfile\systemDictionary.cpp, line 256]

VM Operations (20 events):
Event: 22.048 Executing VM operation: G1CollectForAllocation done
Event: 22.117 Executing VM operation: HandshakeAllThreads
Event: 22.118 Executing VM operation: HandshakeAllThreads done
Event: 22.185 Executing VM operation: G1Concurrent
Event: 22.190 Executing VM operation: G1Concurrent done
Event: 22.228 Executing VM operation: HandshakeAllThreads
Event: 22.228 Executing VM operation: HandshakeAllThreads done
Event: 22.246 Executing VM operation: G1Concurrent
Event: 22.247 Executing VM operation: G1Concurrent done
Event: 22.255 Executing VM operation: HandshakeAllThreads
Event: 22.256 Executing VM operation: HandshakeAllThreads done
Event: 22.762 Executing VM operation: HandshakeAllThreads
Event: 22.763 Executing VM operation: HandshakeAllThreads done
Event: 22.817 Executing VM operation: HandshakeAllThreads
Event: 22.818 Executing VM operation: HandshakeAllThreads done
Event: 22.896 Executing VM operation: G1CollectForAllocation
Event: 22.913 Executing VM operation: G1CollectForAllocation done
Event: 23.702 Executing VM operation: ICBufferFull
Event: 23.703 Executing VM operation: ICBufferFull done
Event: 23.784 Executing VM operation: G1CollectForAllocation

Events (20 events):
Event: 23.488 loading class java/lang/IntegerBeanInfo
Event: 23.488 loading class java/lang/IntegerBeanInfo done
Event: 23.489 loading class java/lang/IntegerBeanInfo
Event: 23.489 loading class java/lang/IntegerBeanInfo done
Event: 23.489 loading class java/lang/NumberBeanInfo
Event: 23.489 loading class java/lang/NumberBeanInfo done
Event: 23.490 loading class java/lang/NumberBeanInfo
Event: 23.490 loading class java/lang/NumberBeanInfo done
Event: 23.490 loading class java/lang/NumberCustomizer
Event: 23.490 loading class java/lang/NumberCustomizer done
Event: 23.490 loading class java/lang/NumberCustomizer
Event: 23.490 loading class java/lang/NumberCustomizer done
Event: 23.491 loading class java/lang/IntegerCustomizer
Event: 23.491 loading class java/lang/IntegerCustomizer done
Event: 23.492 loading class java/lang/IntegerCustomizer
Event: 23.492 loading class java/lang/IntegerCustomizer done
Event: 23.492 loading class jdk/internal/ValueBased
Event: 23.492 loading class jdk/internal/ValueBased done
Event: 23.494 loading class jdk/internal/reflect/UnsafeQualifiedStaticIntegerFieldAccessorImpl
Event: 23.494 loading class jdk/internal/reflect/UnsafeQualifiedStaticIntegerFieldAccessorImpl done


Dynamic libraries:
0x00007ff732440000 - 0x00007ff73244a000 	C:\Program Files\Android\Android Studio\jbr\bin\java.exe
0x00007ff9a6d50000 - 0x00007ff9a6f48000 	C:\Windows\SYSTEM32\ntdll.dll
0x00007ff9a6c40000 - 0x00007ff9a6d02000 	C:\Windows\System32\KERNEL32.DLL
0x00007ff9a4830000 - 0x00007ff9a4b2f000 	C:\Windows\System32\KERNELBASE.dll
0x00007ff9a4730000 - 0x00007ff9a4830000 	C:\Windows\System32\ucrtbase.dll
0x00007ff99a6e0000 - 0x00007ff99a6fb000 	C:\Program Files\Android\Android Studio\jbr\bin\VCRUNTIME140.dll
0x00007ff99cc40000 - 0x00007ff99cc57000 	C:\Program Files\Android\Android Studio\jbr\bin\jli.dll
0x00007ff9a6aa0000 - 0x00007ff9a6c3d000 	C:\Windows\System32\USER32.dll
0x00007ff998e60000 - 0x00007ff9990fa000 	C:\Windows\WinSxS\amd64_microsoft.windows.common-controls_6595b64144ccf1df_6.0.19041.4355_none_60b8b9eb71f62e16\COMCTL32.dll
0x00007ff9a44f0000 - 0x00007ff9a4512000 	C:\Windows\System32\win32u.dll
0x00007ff9a5d50000 - 0x00007ff9a5dee000 	C:\Windows\System32\msvcrt.dll
0x00007ff9a5cc0000 - 0x00007ff9a5ceb000 	C:\Windows\System32\GDI32.dll
0x00007ff9a4610000 - 0x00007ff9a472a000 	C:\Windows\System32\gdi32full.dll
0x00007ff9a4520000 - 0x00007ff9a45bd000 	C:\Windows\System32\msvcp_win.dll
0x00007ff9a5df0000 - 0x00007ff9a5e1f000 	C:\Windows\System32\IMM32.DLL
0x00007ff99e870000 - 0x00007ff99e87c000 	C:\Program Files\Android\Android Studio\jbr\bin\vcruntime140_1.dll
0x00007ff97e030000 - 0x00007ff97e0bd000 	C:\Program Files\Android\Android Studio\jbr\bin\msvcp140.dll
0x00007ff95bd40000 - 0x00007ff95c9ae000 	C:\Program Files\Android\Android Studio\jbr\bin\server\jvm.dll
0x00007ff9a5a90000 - 0x00007ff9a5b3f000 	C:\Windows\System32\ADVAPI32.dll
0x00007ff9a5760000 - 0x00007ff9a57ff000 	C:\Windows\System32\sechost.dll
0x00007ff9a4d90000 - 0x00007ff9a4eb3000 	C:\Windows\System32\RPCRT4.dll
0x00007ff9a4c90000 - 0x00007ff9a4cb7000 	C:\Windows\System32\bcrypt.dll
0x00007ff98e6e0000 - 0x00007ff98e707000 	C:\Windows\SYSTEM32\WINMM.dll
0x00007ff99a6d0000 - 0x00007ff99a6d9000 	C:\Windows\SYSTEM32\WSOCK32.dll
0x00007ff999eb0000 - 0x00007ff999eba000 	C:\Windows\SYSTEM32\VERSION.dll
0x00007ff9a5890000 - 0x00007ff9a58fb000 	C:\Windows\System32\WS2_32.dll
0x00007ff9a2bd0000 - 0x00007ff9a2be2000 	C:\Windows\SYSTEM32\kernel.appcore.dll
0x00007ff99c780000 - 0x00007ff99c78a000 	C:\Program Files\Android\Android Studio\jbr\bin\jimage.dll
0x00007ff99c260000 - 0x00007ff99c444000 	C:\Windows\SYSTEM32\DBGHELP.DLL
0x00007ff99bf90000 - 0x00007ff99bfc4000 	C:\Windows\SYSTEM32\dbgcore.DLL
0x00007ff9a4460000 - 0x00007ff9a44e2000 	C:\Windows\System32\bcryptPrimitives.dll
0x00007ff984a90000 - 0x00007ff984ab5000 	C:\Program Files\Android\Android Studio\jbr\bin\java.dll
0x00007ff99a2b0000 - 0x00007ff99a2c8000 	C:\Program Files\Android\Android Studio\jbr\bin\zip.dll
0x00007ff9a5e20000 - 0x00007ff9a658d000 	C:\Windows\System32\SHELL32.dll
0x00007ff9a2410000 - 0x00007ff9a2bb4000 	C:\Windows\SYSTEM32\windows.storage.dll
0x00007ff9a5220000 - 0x00007ff9a5575000 	C:\Windows\System32\combase.dll
0x00007ff9a3c70000 - 0x00007ff9a3c9b000 	C:\Windows\SYSTEM32\Wldp.dll
0x00007ff9a4ec0000 - 0x00007ff9a4f8d000 	C:\Windows\System32\OLEAUT32.dll
0x00007ff9a56b0000 - 0x00007ff9a575d000 	C:\Windows\System32\SHCORE.dll
0x00007ff9a5900000 - 0x00007ff9a5955000 	C:\Windows\System32\shlwapi.dll
0x00007ff9a4320000 - 0x00007ff9a4345000 	C:\Windows\SYSTEM32\profapi.dll
0x00007ff997130000 - 0x00007ff997149000 	C:\Program Files\Android\Android Studio\jbr\bin\net.dll
0x00007ff99db90000 - 0x00007ff99dc9a000 	C:\Windows\SYSTEM32\WINHTTP.dll
0x00007ff9a3a50000 - 0x00007ff9a3abc000 	C:\Windows\system32\mswsock.dll
0x00007ff996fc0000 - 0x00007ff996fd6000 	C:\Program Files\Android\Android Studio\jbr\bin\nio.dll
0x00007ff99a640000 - 0x00007ff99a650000 	C:\Program Files\Android\Android Studio\jbr\bin\verify.dll
0x00007ff997050000 - 0x00007ff997077000 	C:\Users\ALI_S\.gradle\native\e1d6ef7f7dcc3fd88c89a11ec53ec762bb8ba0a96d01ffa2cd45eb1d1d8dd5c5\windows-amd64\native-platform.dll
0x00007ff962c00000 - 0x00007ff962d44000 	C:\Users\ALI_S\.gradle\native\0d407fdbe67a94daf76414ababcb853783967236a71b16ec16e742cd7a986fd3\windows-amd64\native-platform-file-events.dll
0x00007ff99e950000 - 0x00007ff99e959000 	C:\Program Files\Android\Android Studio\jbr\bin\management.dll
0x00007ff99e940000 - 0x00007ff99e94b000 	C:\Program Files\Android\Android Studio\jbr\bin\management_ext.dll
0x00007ff9a4d70000 - 0x00007ff9a4d78000 	C:\Windows\System32\PSAPI.DLL
0x00007ff9a4010000 - 0x00007ff9a4028000 	C:\Windows\SYSTEM32\CRYPTSP.dll
0x00007ff9a3390000 - 0x00007ff9a33c8000 	C:\Windows\system32\rsaenh.dll
0x00007ff9a42a0000 - 0x00007ff9a42ce000 	C:\Windows\SYSTEM32\USERENV.dll
0x00007ff9a3be0000 - 0x00007ff9a3bec000 	C:\Windows\SYSTEM32\CRYPTBASE.dll
0x00007ff9a3750000 - 0x00007ff9a378b000 	C:\Windows\SYSTEM32\IPHLPAPI.DLL
0x00007ff9a4d80000 - 0x00007ff9a4d88000 	C:\Windows\System32\NSI.dll
0x00007ff99e3a0000 - 0x00007ff99e3b7000 	C:\Windows\SYSTEM32\dhcpcsvc6.DLL
0x00007ff99e370000 - 0x00007ff99e38d000 	C:\Windows\SYSTEM32\dhcpcsvc.DLL
0x00007ff9a3790000 - 0x00007ff9a385a000 	C:\Windows\SYSTEM32\DNSAPI.dll
0x00007ff986e30000 - 0x00007ff986e37000 	C:\Windows\system32\wshunix.dll
0x00007ff99a8c0000 - 0x00007ff99a8ca000 	C:\Windows\System32\rasadhlp.dll
0x00007ff99d190000 - 0x00007ff99d210000 	C:\Windows\System32\fwpuclnt.dll

dbghelp: loaded successfully - version: 4.0.5 - missing functions: none
symbol engine: initialized successfully - sym options: 0x614 - pdb path: .;C:\Program Files\Android\Android Studio\jbr\bin;C:\Windows\SYSTEM32;C:\Windows\WinSxS\amd64_microsoft.windows.common-controls_6595b64144ccf1df_6.0.19041.4355_none_60b8b9eb71f62e16;C:\Program Files\Android\Android Studio\jbr\bin\server;C:\Users\ALI_S\.gradle\native\e1d6ef7f7dcc3fd88c89a11ec53ec762bb8ba0a96d01ffa2cd45eb1d1d8dd5c5\windows-amd64;C:\Users\ALI_S\.gradle\native\0d407fdbe67a94daf76414ababcb853783967236a71b16ec16e742cd7a986fd3\windows-amd64

VM Arguments:
jvm_args: --add-opens=java.base/java.util=ALL-UNNAMED --add-opens=java.base/java.lang=ALL-UNNAMED --add-opens=java.base/java.lang.invoke=ALL-UNNAMED --add-opens=java.base/java.util=ALL-UNNAMED --add-opens=java.prefs/java.util.prefs=ALL-UNNAMED --add-opens=java.prefs/java.util.prefs=ALL-UNNAMED --add-opens=java.base/java.nio.charset=ALL-UNNAMED --add-opens=java.base/java.net=ALL-UNNAMED --add-opens=java.base/java.util.concurrent.atomic=ALL-UNNAMED -Xmx4G -Dfile.encoding=windows-1252 -Duser.country=US -Duser.language=en -Duser.variant 
java_command: org.gradle.launcher.daemon.bootstrap.GradleDaemon 7.5
java_class_path (initial): C:\Users\ALI_S\.gradle\wrapper\dists\gradle-7.5-all\6qsw290k5lz422uaf8jf6m7co\gradle-7.5\lib\gradle-launcher-7.5.jar
Launcher Type: SUN_STANDARD

[Global flags]
     intx CICompilerCount                          = 3                                         {product} {ergonomic}
     uint ConcGCThreads                            = 1                                         {product} {ergonomic}
     uint G1ConcRefinementThreads                  = 4                                         {product} {ergonomic}
   size_t G1HeapRegionSize                         = 2097152                                   {product} {ergonomic}
    uintx GCDrainStackTargetSize                   = 64                                        {product} {ergonomic}
   size_t InitialHeapSize                          = 134217728                                 {product} {ergonomic}
   size_t MarkStackSize                            = 4194304                                   {product} {ergonomic}
   size_t MaxHeapSize                              = 4294967296                                {product} {command line}
   size_t MaxNewSize                               = 2575302656                                {product} {ergonomic}
   size_t MinHeapDeltaBytes                        = 2097152                                   {product} {ergonomic}
   size_t MinHeapSize                              = 8388608                                   {product} {ergonomic}
    uintx NonNMethodCodeHeapSize                   = 5832780                                {pd product} {ergonomic}
    uintx NonProfiledCodeHeapSize                  = 122912730                              {pd product} {ergonomic}
    uintx ProfiledCodeHeapSize                     = 122912730                              {pd product} {ergonomic}
    uintx ReservedCodeCacheSize                    = 251658240                              {pd product} {ergonomic}
     bool SegmentedCodeCache                       = true                                      {product} {ergonomic}
   size_t SoftMaxHeapSize                          = 4294967296                             {manageable} {ergonomic}
     bool UseCompressedClassPointers               = true                           {product lp64_product} {ergonomic}
     bool UseCompressedOops                        = true                           {product lp64_product} {ergonomic}
     bool UseG1GC                                  = true                                      {product} {ergonomic}
     bool UseLargePagesIndividualAllocation        = false                                  {pd product} {ergonomic}

Logging:
Log output configuration:
 #0: stdout all=warning uptime,level,tags
 #1: stderr all=off uptime,level,tags

Environment Variables:
JAVA_HOME=C:\Program Files\Android\Android Studio\jbr
CLASSPATH=C:\development\flutter_app\mukawwin_3\android\\gradle\wrapper\gradle-wrapper.jar
PATH=C:\Program Files\Android\Android Studio\jbr\bin;C:\Users\ALI_S\AppData\Local\Pub\Cache\bin;C:\Windows;C:\Windows\System32\Wbem;C:\Windows\System32\WindowsPowerShell\v1.0\;C:\Windows\System32\OpenSSH\;C:\Program Files\Git\cmd;C:\Program Files\MATLAB\R2017a\runtime\win64;C:\Program Files\MATLAB\R2017a\bin;C:\Program Files\Microsoft SQL Server\110\Tools\Binn\;c:\Program Files (x86)\Microsoft SQL Server\90\Tools\binn\;C:\Visual8\Common7\IDE;C:\Visual8\VC\bin;C:\Visual8\Common7\Tools;C:\Visual8\Common7\Tools\Bin;C:\Visual8\VC\PlatformSDK\Bin;C:\Visual8\SDK\v2.0\Bin;C:\Windows\Microsoft.NET\Framework\v2.0.50727;C:\Visual8\VC\vcpackages;C:\Opnet\14.5.A\bin;C:\Program Files\Java\jdk-17\bin;C:\Program Files\Common Files\Oracle\Java\javapath;C:\development\flutter\bin;C:\Users\ALI_S\AppData\Roaming\npm\node_modules;node_modules\npm\lib;%NVM_HOME%;%NVM_SYMLINK%;C:\Windows\System32;C:\Users\ALI_S\AppData\Local\Pub\Cache\bin;C:\Users\ALI_S\AppData\Local\nvm;C:\nvm4w\nodejs;C:\Users\ALI_S\AppData\Local\Programs\Microsoft VS Code\bin;C:\development\flutter\bin\mingit\cmd;C:\development\flutter\bin\mingit\cmd
USERNAME=ALI_S
LIBPATH=C:\Windows\Microsoft.NET\Framework\v2.0.50727;C:\Visual8\VC\ATLMFC\LIB;
OS=Windows_NT
PROCESSOR_IDENTIFIER=Intel64 Family 6 Model 58 Stepping 9, GenuineIntel
TMP=C:\Users\ALI_S\AppData\Local\Temp
TEMP=C:\Users\ALI_S\AppData\Local\Temp


JNI global refs:
JNI global refs: 25, weak refs: 5

JNI global refs memory usage: 843, weak refs: 841


---------------  S Y S T E M  ---------------

OS:
 Windows 10 , 64 bit Build 19041 (10.0.19041.5438)
OS uptime: 14 days 2:12 hours
Hyper-V role detected

CPU: total 4 (initial active 4) (2 cores per cpu, 2 threads per core) family 6 model 58 stepping 9 microcode 0x21, cx8, cmov, fxsr, ht, mmx, sse, sse2, sse3, ssse3, sse4.1, sse4.2, popcnt, tsc, tscinvbit, avx, aes, erms, clmul, vzeroupper, clflush, hv

Memory: 4k page, system-wide physical 8094M (482M free)
TotalPageFile size 11711M (AvailPageFile size 40M)
current process WorkingSet (physical memory assigned to process): 414M, peak: 415M
current process commit charge ("private bytes"): 441M, peak: 483M

vm_info: OpenJDK 64-Bit Server VM (17.0.6+0-b2043.56-10027231) for windows-amd64 JRE (17.0.6+0-b2043.56-10027231), built on Apr 28 2023 00:43:19 by "androidbuild" with MS VC++ 16.10 / 16.11 (VS2019)

END.
