#
# There is insufficient memory for the Java Runtime Environment to continue.
# Native memory allocation (malloc) failed to allocate 32744 bytes for ChunkPool::allocate
# Possible reasons:
#   The system is out of physical RAM or swap space
#   The process is running with CompressedOops enabled, and the Java Heap may be blocking the growth of the native heap
# Possible solutions:
#   Reduce memory load on the system
#   Increase physical memory or swap space
#   Check if swap backing store is full
#   Decrease Java heap size (-Xmx/-Xms)
#   Decrease number of Java threads

V  [jvm.dll+0x8427a4]
V  [jvm.dll+0x843f9e]
V  [jvm.dll+0x844603]
V  [jvm.dll+0x249b75]
V  [jvm.dll+0xabecc]
V  [jvm.dll+0xac27c]
V  [jvm.dll+0x176625]
V  [jvm.dll+0x17bab4]
V  [jvm.dll+0x135f83]
V  [jvm.dll+0x13587f]
V  [jvm.dll+0x135ab6]
V  [jvm.dll+0x134f4a]
V  [jvm.dll+0x136c11]
V  [jvm.dll+0x22b098]
V  [jvm.dll+0x229159]
V  [jvm.dll+0x7f81ec]
V  [jvm.dll+0x7f274a]
V  [jvm.dll+0x682ad5]
C  [ucrtbase.dll+0x21bb2]
C  [KERNEL32.DLL+0x17344]
C  [ntdll.dll+0x526b1]


---------------  P R O C E S S  ---------------

Threads class SMR info:
_java_thread_list=0x000001ad3847c2b0, length=15, elements={
0x000001ad1cb27030, 0x000001ad3602e170, 0x000001ad3602eef0, 0x000001ad3605c7f0,
0x000001ad3605d1b0, 0x000001ad3605da70, 0x000001ad3605e330, 0x000001ad36c24000,
0x000001ad36c27eb0, 0x000001ad36c287b0, 0x000001ad36dbade0, 0x000001ad36dcd010,
0x000001ad38106810, 0x000001ad38145160, 0x000001ad38145a00
}

Java Threads: ( => current thread )
  0x000001ad1cb27030 JavaThread "main" [_thread_in_Java, id=10248, stack(0x0000002c11f00000,0x0000002c12000000)]
  0x000001ad3602e170 JavaThread "Reference Handler" daemon [_thread_blocked, id=13208, stack(0x0000002c12600000,0x0000002c12700000)]
  0x000001ad3602eef0 JavaThread "Finalizer" daemon [_thread_blocked, id=8308, stack(0x0000002c12700000,0x0000002c12800000)]
  0x000001ad3605c7f0 JavaThread "Signal Dispatcher" daemon [_thread_blocked, id=9932, stack(0x0000002c12800000,0x0000002c12900000)]
  0x000001ad3605d1b0 JavaThread "Attach Listener" daemon [_thread_blocked, id=9272, stack(0x0000002c12900000,0x0000002c12a00000)]
  0x000001ad3605da70 JavaThread "Service Thread" daemon [_thread_blocked, id=4484, stack(0x0000002c12a00000,0x0000002c12b00000)]
  0x000001ad3605e330 JavaThread "Monitor Deflation Thread" daemon [_thread_blocked, id=12708, stack(0x0000002c12b00000,0x0000002c12c00000)]
  0x000001ad36c24000 JavaThread "C2 CompilerThread0" daemon [_thread_in_native, id=11292, stack(0x0000002c12c00000,0x0000002c12d00000)]
=>0x000001ad36c27eb0 JavaThread "C1 CompilerThread0" daemon [_thread_in_native, id=12080, stack(0x0000002c12d00000,0x0000002c12e00000)]
  0x000001ad36c287b0 JavaThread "Sweeper thread" daemon [_thread_blocked, id=14032, stack(0x0000002c12e00000,0x0000002c12f00000)]
  0x000001ad36dbade0 JavaThread "Notification Thread" daemon [_thread_blocked, id=13424, stack(0x0000002c12f00000,0x0000002c13000000)]
  0x000001ad36dcd010 JavaThread "Common-Cleaner" daemon [_thread_blocked, id=10828, stack(0x0000002c13100000,0x0000002c13200000)]
  0x000001ad38106810 JavaThread "pool-1-thread-1" [_thread_blocked, id=6268, stack(0x0000002c13600000,0x0000002c13700000)]
  0x000001ad38145160 JavaThread "DisconnectableInputStream source reader" daemon [_thread_in_native, id=2772, stack(0x0000002c13700000,0x0000002c13800000)]
  0x000001ad38145a00 JavaThread "Forward input" [_thread_blocked, id=13220, stack(0x0000002c13800000,0x0000002c13900000)]

Other Threads:
  0x000001ad36028650 VMThread "VM Thread" [stack: 0x0000002c12500000,0x0000002c12600000] [id=6588]
  0x000001ad1cb97c00 WatcherThread [stack: 0x0000002c13000000,0x0000002c13100000] [id=13020]
  0x000001ad1cb7f650 GCTaskThread "GC Thread#0" [stack: 0x0000002c12000000,0x0000002c12100000] [id=6840]
  0x000001ad372c1fd0 GCTaskThread "GC Thread#1" [stack: 0x0000002c13200000,0x0000002c13300000] [id=14232]
  0x000001ad3711d2f0 GCTaskThread "GC Thread#2" [stack: 0x0000002c13300000,0x0000002c13400000] [id=7436]
  0x000001ad370fe4c0 GCTaskThread "GC Thread#3" [stack: 0x0000002c13400000,0x0000002c13500000] [id=12808]
  0x000001ad1cb901a0 ConcurrentGCThread "G1 Main Marker" [stack: 0x0000002c12100000,0x0000002c12200000] [id=7344]
  0x000001ad1cb91260 ConcurrentGCThread "G1 Conc#0" [stack: 0x0000002c12200000,0x0000002c12300000] [id=6380]
  0x000001ad35e800a0 ConcurrentGCThread "G1 Refine#0" [stack: 0x0000002c12300000,0x0000002c12400000] [id=2420]
  0x000001ad35e809d0 ConcurrentGCThread "G1 Service" [stack: 0x0000002c12400000,0x0000002c12500000] [id=13088]

Threads with active compile tasks:
C2 CompilerThread0    29959 1277 % !   4       java.io.BufferedReader::readLine @ 139 (327 bytes)
C1 CompilerThread0    29959 1281       3       org.gradle.util.internal.LimitedDescription::append (33 bytes)

VM state: not at safepoint (normal execution)

VM Mutex/Monitor currently owned by a thread: None

Heap address: 0x0000000081800000, size: 2024 MB, Compressed Oops mode: 32-bit

CDS archive(s) not mapped
Compressed class space mapped at: 0x0000000100000000-0x0000000140000000, reserved size: 1073741824
Narrow klass base: 0x0000000000000000, Narrow klass shift: 3, Narrow klass range: 0x140000000

GC Precious Log:
 CPUs: 4 total, 4 available
 Memory: 8094M
 Large Page Support: Disabled
 NUMA Support: Disabled
 Compressed Oops: Enabled (32-bit)
 Heap Region Size: 1M
 Heap Min Capacity: 8M
 Heap Initial Capacity: 128M
 Heap Max Capacity: 2024M
 Pre-touch: Disabled
 Parallel Workers: 4
 Concurrent Workers: 1
 Concurrent Refinement Workers: 4
 Periodic GC: Disabled

Heap:
 garbage-first heap   total 131072K, used 18783K [0x0000000081800000, 0x0000000100000000)
  region size 1024K, 13 young (13312K), 3 survivors (3072K)
 Metaspace       used 16231K, committed 16448K, reserved 1064960K
  class space    used 1887K, committed 1984K, reserved 1048576K

Heap Regions: E=young(eden), S=young(survivor), O=old, HS=humongous(starts), HC=humongous(continues), CS=collection set, F=free, OA=open archive, CA=closed archive, TAMS=top-at-mark-start (previous, next)
|   0|0x0000000081800000, 0x0000000081900000, 0x0000000081900000|100%|HS|  |TAMS 0x0000000081800000, 0x0000000081800000| Complete 
|   1|0x0000000081900000, 0x0000000081a00000, 0x0000000081a00000|100%|HC|  |TAMS 0x0000000081900000, 0x0000000081900000| Complete 
|   2|0x0000000081a00000, 0x0000000081b00000, 0x0000000081b00000|100%|HC|  |TAMS 0x0000000081a00000, 0x0000000081a00000| Complete 
|   3|0x0000000081b00000, 0x0000000081c00000, 0x0000000081c00000|100%| O|  |TAMS 0x0000000081b00000, 0x0000000081b00000| Untracked 
|   4|0x0000000081c00000, 0x0000000081d00000, 0x0000000081d00000|100%| O|  |TAMS 0x0000000081c00000, 0x0000000081c00000| Untracked 
|   5|0x0000000081d00000, 0x0000000081e00000, 0x0000000081e00000|100%| O|  |TAMS 0x0000000081d00000, 0x0000000081d00000| Untracked 
|   6|0x0000000081e00000, 0x0000000081e57c00, 0x0000000081f00000| 34%| O|  |TAMS 0x0000000081e00000, 0x0000000081e00000| Untracked 
|   7|0x0000000081f00000, 0x0000000081f00000, 0x0000000082000000|  0%| F|  |TAMS 0x0000000081f00000, 0x0000000081f00000| Untracked 
|   8|0x0000000082000000, 0x0000000082000000, 0x0000000082100000|  0%| F|  |TAMS 0x0000000082000000, 0x0000000082000000| Untracked 
|   9|0x0000000082100000, 0x0000000082100000, 0x0000000082200000|  0%| F|  |TAMS 0x0000000082100000, 0x0000000082100000| Untracked 
|  10|0x0000000082200000, 0x0000000082200000, 0x0000000082300000|  0%| F|  |TAMS 0x0000000082200000, 0x0000000082200000| Untracked 
|  11|0x0000000082300000, 0x0000000082300000, 0x0000000082400000|  0%| F|  |TAMS 0x0000000082300000, 0x0000000082300000| Untracked 
|  12|0x0000000082400000, 0x0000000082400000, 0x0000000082500000|  0%| F|  |TAMS 0x0000000082400000, 0x0000000082400000| Untracked 
|  13|0x0000000082500000, 0x0000000082500000, 0x0000000082600000|  0%| F|  |TAMS 0x0000000082500000, 0x0000000082500000| Untracked 
|  14|0x0000000082600000, 0x0000000082600000, 0x0000000082700000|  0%| F|  |TAMS 0x0000000082600000, 0x0000000082600000| Untracked 
|  15|0x0000000082700000, 0x0000000082700000, 0x0000000082800000|  0%| F|  |TAMS 0x0000000082700000, 0x0000000082700000| Untracked 
|  16|0x0000000082800000, 0x0000000082800000, 0x0000000082900000|  0%| F|  |TAMS 0x0000000082800000, 0x0000000082800000| Untracked 
|  17|0x0000000082900000, 0x0000000082900000, 0x0000000082a00000|  0%| F|  |TAMS 0x0000000082900000, 0x0000000082900000| Untracked 
|  18|0x0000000082a00000, 0x0000000082a00000, 0x0000000082b00000|  0%| F|  |TAMS 0x0000000082a00000, 0x0000000082a00000| Untracked 
|  19|0x0000000082b00000, 0x0000000082b00000, 0x0000000082c00000|  0%| F|  |TAMS 0x0000000082b00000, 0x0000000082b00000| Untracked 
|  20|0x0000000082c00000, 0x0000000082c00000, 0x0000000082d00000|  0%| F|  |TAMS 0x0000000082c00000, 0x0000000082c00000| Untracked 
|  21|0x0000000082d00000, 0x0000000082d00000, 0x0000000082e00000|  0%| F|  |TAMS 0x0000000082d00000, 0x0000000082d00000| Untracked 
|  22|0x0000000082e00000, 0x0000000082e00000, 0x0000000082f00000|  0%| F|  |TAMS 0x0000000082e00000, 0x0000000082e00000| Untracked 
|  23|0x0000000082f00000, 0x0000000082f00000, 0x0000000083000000|  0%| F|  |TAMS 0x0000000082f00000, 0x0000000082f00000| Untracked 
|  24|0x0000000083000000, 0x0000000083000000, 0x0000000083100000|  0%| F|  |TAMS 0x0000000083000000, 0x0000000083000000| Untracked 
|  25|0x0000000083100000, 0x0000000083100000, 0x0000000083200000|  0%| F|  |TAMS 0x0000000083100000, 0x0000000083100000| Untracked 
|  26|0x0000000083200000, 0x0000000083200000, 0x0000000083300000|  0%| F|  |TAMS 0x0000000083200000, 0x0000000083200000| Untracked 
|  27|0x0000000083300000, 0x0000000083300000, 0x0000000083400000|  0%| F|  |TAMS 0x0000000083300000, 0x0000000083300000| Untracked 
|  28|0x0000000083400000, 0x0000000083400000, 0x0000000083500000|  0%| F|  |TAMS 0x0000000083400000, 0x0000000083400000| Untracked 
|  29|0x0000000083500000, 0x0000000083500000, 0x0000000083600000|  0%| F|  |TAMS 0x0000000083500000, 0x0000000083500000| Untracked 
|  30|0x0000000083600000, 0x0000000083600000, 0x0000000083700000|  0%| F|  |TAMS 0x0000000083600000, 0x0000000083600000| Untracked 
|  31|0x0000000083700000, 0x0000000083700000, 0x0000000083800000|  0%| F|  |TAMS 0x0000000083700000, 0x0000000083700000| Untracked 
|  32|0x0000000083800000, 0x0000000083800000, 0x0000000083900000|  0%| F|  |TAMS 0x0000000083800000, 0x0000000083800000| Untracked 
|  33|0x0000000083900000, 0x0000000083900000, 0x0000000083a00000|  0%| F|  |TAMS 0x0000000083900000, 0x0000000083900000| Untracked 
|  34|0x0000000083a00000, 0x0000000083a00000, 0x0000000083b00000|  0%| F|  |TAMS 0x0000000083a00000, 0x0000000083a00000| Untracked 
|  35|0x0000000083b00000, 0x0000000083b00000, 0x0000000083c00000|  0%| F|  |TAMS 0x0000000083b00000, 0x0000000083b00000| Untracked 
|  36|0x0000000083c00000, 0x0000000083c00000, 0x0000000083d00000|  0%| F|  |TAMS 0x0000000083c00000, 0x0000000083c00000| Untracked 
|  37|0x0000000083d00000, 0x0000000083d00000, 0x0000000083e00000|  0%| F|  |TAMS 0x0000000083d00000, 0x0000000083d00000| Untracked 
|  38|0x0000000083e00000, 0x0000000083e00000, 0x0000000083f00000|  0%| F|  |TAMS 0x0000000083e00000, 0x0000000083e00000| Untracked 
|  39|0x0000000083f00000, 0x0000000083f00000, 0x0000000084000000|  0%| F|  |TAMS 0x0000000083f00000, 0x0000000083f00000| Untracked 
|  40|0x0000000084000000, 0x0000000084000000, 0x0000000084100000|  0%| F|  |TAMS 0x0000000084000000, 0x0000000084000000| Untracked 
|  41|0x0000000084100000, 0x0000000084100000, 0x0000000084200000|  0%| F|  |TAMS 0x0000000084100000, 0x0000000084100000| Untracked 
|  42|0x0000000084200000, 0x0000000084200000, 0x0000000084300000|  0%| F|  |TAMS 0x0000000084200000, 0x0000000084200000| Untracked 
|  43|0x0000000084300000, 0x0000000084300000, 0x0000000084400000|  0%| F|  |TAMS 0x0000000084300000, 0x0000000084300000| Untracked 
|  44|0x0000000084400000, 0x0000000084400000, 0x0000000084500000|  0%| F|  |TAMS 0x0000000084400000, 0x0000000084400000| Untracked 
|  45|0x0000000084500000, 0x0000000084500000, 0x0000000084600000|  0%| F|  |TAMS 0x0000000084500000, 0x0000000084500000| Untracked 
|  46|0x0000000084600000, 0x0000000084600000, 0x0000000084700000|  0%| F|  |TAMS 0x0000000084600000, 0x0000000084600000| Untracked 
|  47|0x0000000084700000, 0x0000000084700000, 0x0000000084800000|  0%| F|  |TAMS 0x0000000084700000, 0x0000000084700000| Untracked 
|  48|0x0000000084800000, 0x0000000084800000, 0x0000000084900000|  0%| F|  |TAMS 0x0000000084800000, 0x0000000084800000| Untracked 
|  49|0x0000000084900000, 0x0000000084900000, 0x0000000084a00000|  0%| F|  |TAMS 0x0000000084900000, 0x0000000084900000| Untracked 
|  50|0x0000000084a00000, 0x0000000084a00000, 0x0000000084b00000|  0%| F|  |TAMS 0x0000000084a00000, 0x0000000084a00000| Untracked 
|  51|0x0000000084b00000, 0x0000000084b00000, 0x0000000084c00000|  0%| F|  |TAMS 0x0000000084b00000, 0x0000000084b00000| Untracked 
|  52|0x0000000084c00000, 0x0000000084c00000, 0x0000000084d00000|  0%| F|  |TAMS 0x0000000084c00000, 0x0000000084c00000| Untracked 
|  53|0x0000000084d00000, 0x0000000084d00000, 0x0000000084e00000|  0%| F|  |TAMS 0x0000000084d00000, 0x0000000084d00000| Untracked 
|  54|0x0000000084e00000, 0x0000000084e00000, 0x0000000084f00000|  0%| F|  |TAMS 0x0000000084e00000, 0x0000000084e00000| Untracked 
|  55|0x0000000084f00000, 0x0000000084f00000, 0x0000000085000000|  0%| F|  |TAMS 0x0000000084f00000, 0x0000000084f00000| Untracked 
|  56|0x0000000085000000, 0x0000000085000000, 0x0000000085100000|  0%| F|  |TAMS 0x0000000085000000, 0x0000000085000000| Untracked 
|  57|0x0000000085100000, 0x0000000085100000, 0x0000000085200000|  0%| F|  |TAMS 0x0000000085100000, 0x0000000085100000| Untracked 
|  58|0x0000000085200000, 0x0000000085200000, 0x0000000085300000|  0%| F|  |TAMS 0x0000000085200000, 0x0000000085200000| Untracked 
|  59|0x0000000085300000, 0x0000000085300000, 0x0000000085400000|  0%| F|  |TAMS 0x0000000085300000, 0x0000000085300000| Untracked 
|  60|0x0000000085400000, 0x0000000085400000, 0x0000000085500000|  0%| F|  |TAMS 0x0000000085400000, 0x0000000085400000| Untracked 
|  61|0x0000000085500000, 0x0000000085500000, 0x0000000085600000|  0%| F|  |TAMS 0x0000000085500000, 0x0000000085500000| Untracked 
|  62|0x0000000085600000, 0x0000000085600000, 0x0000000085700000|  0%| F|  |TAMS 0x0000000085600000, 0x0000000085600000| Untracked 
|  63|0x0000000085700000, 0x0000000085700000, 0x0000000085800000|  0%| F|  |TAMS 0x0000000085700000, 0x0000000085700000| Untracked 
|  64|0x0000000085800000, 0x0000000085800000, 0x0000000085900000|  0%| F|  |TAMS 0x0000000085800000, 0x0000000085800000| Untracked 
|  65|0x0000000085900000, 0x0000000085900000, 0x0000000085a00000|  0%| F|  |TAMS 0x0000000085900000, 0x0000000085900000| Untracked 
|  66|0x0000000085a00000, 0x0000000085a00000, 0x0000000085b00000|  0%| F|  |TAMS 0x0000000085a00000, 0x0000000085a00000| Untracked 
|  67|0x0000000085b00000, 0x0000000085b00000, 0x0000000085c00000|  0%| F|  |TAMS 0x0000000085b00000, 0x0000000085b00000| Untracked 
|  68|0x0000000085c00000, 0x0000000085c00000, 0x0000000085d00000|  0%| F|  |TAMS 0x0000000085c00000, 0x0000000085c00000| Untracked 
|  69|0x0000000085d00000, 0x0000000085d00000, 0x0000000085e00000|  0%| F|  |TAMS 0x0000000085d00000, 0x0000000085d00000| Untracked 
|  70|0x0000000085e00000, 0x0000000085e00000, 0x0000000085f00000|  0%| F|  |TAMS 0x0000000085e00000, 0x0000000085e00000| Untracked 
|  71|0x0000000085f00000, 0x0000000085f00000, 0x0000000086000000|  0%| F|  |TAMS 0x0000000085f00000, 0x0000000085f00000| Untracked 
|  72|0x0000000086000000, 0x0000000086000000, 0x0000000086100000|  0%| F|  |TAMS 0x0000000086000000, 0x0000000086000000| Untracked 
|  73|0x0000000086100000, 0x0000000086100000, 0x0000000086200000|  0%| F|  |TAMS 0x0000000086100000, 0x0000000086100000| Untracked 
|  74|0x0000000086200000, 0x0000000086200000, 0x0000000086300000|  0%| F|  |TAMS 0x0000000086200000, 0x0000000086200000| Untracked 
|  75|0x0000000086300000, 0x0000000086300000, 0x0000000086400000|  0%| F|  |TAMS 0x0000000086300000, 0x0000000086300000| Untracked 
|  76|0x0000000086400000, 0x0000000086400000, 0x0000000086500000|  0%| F|  |TAMS 0x0000000086400000, 0x0000000086400000| Untracked 
|  77|0x0000000086500000, 0x0000000086500000, 0x0000000086600000|  0%| F|  |TAMS 0x0000000086500000, 0x0000000086500000| Untracked 
|  78|0x0000000086600000, 0x0000000086600000, 0x0000000086700000|  0%| F|  |TAMS 0x0000000086600000, 0x0000000086600000| Untracked 
|  79|0x0000000086700000, 0x0000000086700000, 0x0000000086800000|  0%| F|  |TAMS 0x0000000086700000, 0x0000000086700000| Untracked 
|  80|0x0000000086800000, 0x0000000086800000, 0x0000000086900000|  0%| F|  |TAMS 0x0000000086800000, 0x0000000086800000| Untracked 
|  81|0x0000000086900000, 0x0000000086900000, 0x0000000086a00000|  0%| F|  |TAMS 0x0000000086900000, 0x0000000086900000| Untracked 
|  82|0x0000000086a00000, 0x0000000086a00000, 0x0000000086b00000|  0%| F|  |TAMS 0x0000000086a00000, 0x0000000086a00000| Untracked 
|  83|0x0000000086b00000, 0x0000000086b00000, 0x0000000086c00000|  0%| F|  |TAMS 0x0000000086b00000, 0x0000000086b00000| Untracked 
|  84|0x0000000086c00000, 0x0000000086c00000, 0x0000000086d00000|  0%| F|  |TAMS 0x0000000086c00000, 0x0000000086c00000| Untracked 
|  85|0x0000000086d00000, 0x0000000086d00000, 0x0000000086e00000|  0%| F|  |TAMS 0x0000000086d00000, 0x0000000086d00000| Untracked 
|  86|0x0000000086e00000, 0x0000000086e00000, 0x0000000086f00000|  0%| F|  |TAMS 0x0000000086e00000, 0x0000000086e00000| Untracked 
|  87|0x0000000086f00000, 0x0000000086f00000, 0x0000000087000000|  0%| F|  |TAMS 0x0000000086f00000, 0x0000000086f00000| Untracked 
|  88|0x0000000087000000, 0x0000000087000000, 0x0000000087100000|  0%| F|  |TAMS 0x0000000087000000, 0x0000000087000000| Untracked 
|  89|0x0000000087100000, 0x0000000087100000, 0x0000000087200000|  0%| F|  |TAMS 0x0000000087100000, 0x0000000087100000| Untracked 
|  90|0x0000000087200000, 0x0000000087200000, 0x0000000087300000|  0%| F|  |TAMS 0x0000000087200000, 0x0000000087200000| Untracked 
|  91|0x0000000087300000, 0x0000000087300000, 0x0000000087400000|  0%| F|  |TAMS 0x0000000087300000, 0x0000000087300000| Untracked 
|  92|0x0000000087400000, 0x0000000087400000, 0x0000000087500000|  0%| F|  |TAMS 0x0000000087400000, 0x0000000087400000| Untracked 
|  93|0x0000000087500000, 0x0000000087500000, 0x0000000087600000|  0%| F|  |TAMS 0x0000000087500000, 0x0000000087500000| Untracked 
|  94|0x0000000087600000, 0x0000000087600000, 0x0000000087700000|  0%| F|  |TAMS 0x0000000087600000, 0x0000000087600000| Untracked 
|  95|0x0000000087700000, 0x0000000087700000, 0x0000000087800000|  0%| F|  |TAMS 0x0000000087700000, 0x0000000087700000| Untracked 
|  96|0x0000000087800000, 0x0000000087800000, 0x0000000087900000|  0%| F|  |TAMS 0x0000000087800000, 0x0000000087800000| Untracked 
|  97|0x0000000087900000, 0x0000000087900000, 0x0000000087a00000|  0%| F|  |TAMS 0x0000000087900000, 0x0000000087900000| Untracked 
|  98|0x0000000087a00000, 0x0000000087a00000, 0x0000000087b00000|  0%| F|  |TAMS 0x0000000087a00000, 0x0000000087a00000| Untracked 
|  99|0x0000000087b00000, 0x0000000087b00000, 0x0000000087c00000|  0%| F|  |TAMS 0x0000000087b00000, 0x0000000087b00000| Untracked 
| 100|0x0000000087c00000, 0x0000000087c00000, 0x0000000087d00000|  0%| F|  |TAMS 0x0000000087c00000, 0x0000000087c00000| Untracked 
| 101|0x0000000087d00000, 0x0000000087d00000, 0x0000000087e00000|  0%| F|  |TAMS 0x0000000087d00000, 0x0000000087d00000| Untracked 
| 102|0x0000000087e00000, 0x0000000087e00000, 0x0000000087f00000|  0%| F|  |TAMS 0x0000000087e00000, 0x0000000087e00000| Untracked 
| 103|0x0000000087f00000, 0x0000000087f00000, 0x0000000088000000|  0%| F|  |TAMS 0x0000000087f00000, 0x0000000087f00000| Untracked 
| 104|0x0000000088000000, 0x0000000088000000, 0x0000000088100000|  0%| F|  |TAMS 0x0000000088000000, 0x0000000088000000| Untracked 
| 105|0x0000000088100000, 0x0000000088100000, 0x0000000088200000|  0%| F|  |TAMS 0x0000000088100000, 0x0000000088100000| Untracked 
| 106|0x0000000088200000, 0x0000000088200000, 0x0000000088300000|  0%| F|  |TAMS 0x0000000088200000, 0x0000000088200000| Untracked 
| 107|0x0000000088300000, 0x0000000088400000, 0x0000000088400000|100%| S|CS|TAMS 0x0000000088300000, 0x0000000088300000| Complete 
| 108|0x0000000088400000, 0x0000000088500000, 0x0000000088500000|100%| S|CS|TAMS 0x0000000088400000, 0x0000000088400000| Complete 
| 109|0x0000000088500000, 0x0000000088600000, 0x0000000088600000|100%| S|CS|TAMS 0x0000000088500000, 0x0000000088500000| Complete 
| 110|0x0000000088600000, 0x0000000088600000, 0x0000000088700000|  0%| F|  |TAMS 0x0000000088600000, 0x0000000088600000| Untracked 
| 111|0x0000000088700000, 0x0000000088700000, 0x0000000088800000|  0%| F|  |TAMS 0x0000000088700000, 0x0000000088700000| Untracked 
| 112|0x0000000088800000, 0x0000000088800000, 0x0000000088900000|  0%| F|  |TAMS 0x0000000088800000, 0x0000000088800000| Untracked 
| 113|0x0000000088900000, 0x0000000088900000, 0x0000000088a00000|  0%| F|  |TAMS 0x0000000088900000, 0x0000000088900000| Untracked 
| 114|0x0000000088a00000, 0x0000000088a00000, 0x0000000088b00000|  0%| F|  |TAMS 0x0000000088a00000, 0x0000000088a00000| Untracked 
| 115|0x0000000088b00000, 0x0000000088b00000, 0x0000000088c00000|  0%| F|  |TAMS 0x0000000088b00000, 0x0000000088b00000| Untracked 
| 116|0x0000000088c00000, 0x0000000088c00000, 0x0000000088d00000|  0%| F|  |TAMS 0x0000000088c00000, 0x0000000088c00000| Untracked 
| 117|0x0000000088d00000, 0x0000000088d00000, 0x0000000088e00000|  0%| F|  |TAMS 0x0000000088d00000, 0x0000000088d00000| Untracked 
| 118|0x0000000088e00000, 0x0000000088e80800, 0x0000000088f00000| 50%| E|  |TAMS 0x0000000088e00000, 0x0000000088e00000| Complete 
| 119|0x0000000088f00000, 0x0000000089000000, 0x0000000089000000|100%| E|CS|TAMS 0x0000000088f00000, 0x0000000088f00000| Complete 
| 120|0x0000000089000000, 0x0000000089100000, 0x0000000089100000|100%| E|CS|TAMS 0x0000000089000000, 0x0000000089000000| Complete 
| 121|0x0000000089100000, 0x0000000089200000, 0x0000000089200000|100%| E|CS|TAMS 0x0000000089100000, 0x0000000089100000| Complete 
| 122|0x0000000089200000, 0x0000000089300000, 0x0000000089300000|100%| E|CS|TAMS 0x0000000089200000, 0x0000000089200000| Complete 
| 123|0x0000000089300000, 0x0000000089400000, 0x0000000089400000|100%| E|CS|TAMS 0x0000000089300000, 0x0000000089300000| Complete 
| 124|0x0000000089400000, 0x0000000089500000, 0x0000000089500000|100%| E|CS|TAMS 0x0000000089400000, 0x0000000089400000| Complete 
| 125|0x0000000089500000, 0x0000000089600000, 0x0000000089600000|100%| E|CS|TAMS 0x0000000089500000, 0x0000000089500000| Complete 
| 126|0x0000000089600000, 0x0000000089700000, 0x0000000089700000|100%| E|CS|TAMS 0x0000000089600000, 0x0000000089600000| Complete 
| 127|0x0000000089700000, 0x0000000089800000, 0x0000000089800000|100%| E|CS|TAMS 0x0000000089700000, 0x0000000089700000| Complete 

Card table byte_map: [0x000001ad2f3f0000,0x000001ad2f7f0000] _byte_map_base: 0x000001ad2efe4000

Marking Bits (Prev, Next): (CMBitMap*) 0x000001ad1cb7fb70, (CMBitMap*) 0x000001ad1cb7fbb0
 Prev Bits: [0x000001ad2fbf0000, 0x000001ad31b90000)
 Next Bits: [0x000001ad31b90000, 0x000001ad33b30000)

Polling page: 0x000001ad1aa10000

Metaspace:

Usage:
  Non-class:     14.01 MB used.
      Class:      1.84 MB used.
       Both:     15.85 MB used.

Virtual space:
  Non-class space:       16.00 MB reserved,      14.12 MB ( 88%) committed,  2 nodes.
      Class space:        1.00 GB reserved,       1.94 MB ( <1%) committed,  1 nodes.
             Both:        1.02 GB reserved,      16.06 MB (  2%) committed. 

Chunk freelists:
   Non-Class:  992.00 KB
       Class:  2.05 MB
        Both:  3.01 MB

MaxMetaspaceSize: unlimited
CompressedClassSpaceSize: 1.00 GB
Initial GC threshold: 21.00 MB
Current GC threshold: 21.00 MB
CDS: off
MetaspaceReclaimPolicy: balanced
 - commit_granule_bytes: 65536.
 - commit_granule_words: 8192.
 - virtual_space_node_default_size: 1048576.
 - enlarge_chunks_in_place: 1.
 - new_chunks_are_fully_committed: 0.
 - uncommit_free_chunks: 1.
 - use_allocation_guard: 0.
 - handle_deallocations: 1.


Internal statistics:

num_allocs_failed_limit: 0.
num_arena_births: 78.
num_arena_deaths: 0.
num_vsnodes_births: 3.
num_vsnodes_deaths: 0.
num_space_committed: 257.
num_space_uncommitted: 0.
num_chunks_returned_to_freelist: 0.
num_chunks_taken_from_freelist: 306.
num_chunk_merges: 0.
num_chunk_splits: 200.
num_chunks_enlarged: 160.
num_purges: 0.
num_inconsistent_stats: 0.

CodeHeap 'non-profiled nmethods': size=120000Kb used=495Kb max_used=495Kb free=119504Kb
 bounds [0x000001ad27ac0000, 0x000001ad27d30000, 0x000001ad2eff0000]
CodeHeap 'profiled nmethods': size=120000Kb used=2373Kb max_used=2373Kb free=117626Kb
 bounds [0x000001ad1fff0000, 0x000001ad20260000, 0x000001ad27520000]
CodeHeap 'non-nmethods': size=5760Kb used=1164Kb max_used=1185Kb free=4596Kb
 bounds [0x000001ad27520000, 0x000001ad27790000, 0x000001ad27ac0000]
 total_blobs=1739 nmethods=1279 adapters=373
 compilation: enabled
              stopped_count=0, restarted_count=0
 full_count=0

Compilation events (20 events):
Event: 27.251 Thread 0x000001ad36c27eb0 1270       3       jdk.internal.misc.Unsafe::getAndBitwiseAndInt (27 bytes)
Event: 27.252 Thread 0x000001ad36c27eb0 nmethod 1270 0x000001ad2023eb10 code [0x000001ad2023ecc0, 0x000001ad2023ef08]
Event: 27.252 Thread 0x000001ad36c27eb0 1271       3       jdk.internal.misc.Unsafe::putIntOpaque (9 bytes)
Event: 27.252 Thread 0x000001ad36c27eb0 nmethod 1271 0x000001ad2023f010 code [0x000001ad2023f1a0, 0x000001ad2023f2b8]
Event: 27.252 Thread 0x000001ad36c27eb0 1274       3       org.gradle.internal.logging.console.ThrottlingOutputEventListener::renderNow (40 bytes)
Event: 27.252 Thread 0x000001ad36c27eb0 nmethod 1274 0x000001ad2023f390 code [0x000001ad2023f560, 0x000001ad2023fa48]
Event: 27.252 Thread 0x000001ad36c27eb0 1273       3       java.util.concurrent.locks.ReentrantLock$NonfairSync::tryAcquire (27 bytes)
Event: 27.253 Thread 0x000001ad36c27eb0 nmethod 1273 0x000001ad2023fc10 code [0x000001ad2023fdc0, 0x000001ad20240048]
Event: 29.906 Thread 0x000001ad36c24000 1275       4       java.util.zip.Inflater::ensureOpen (47 bytes)
Event: 29.907 Thread 0x000001ad36c24000 nmethod 1275 0x000001ad27b3b790 code [0x000001ad27b3b900, 0x000001ad27b3b9b8]
Event: 29.915 Thread 0x000001ad36c27eb0 1276       1       java.util.LinkedList::size (5 bytes)
Event: 29.915 Thread 0x000001ad36c27eb0 nmethod 1276 0x000001ad27b3ba90 code [0x000001ad27b3bc20, 0x000001ad27b3bcf8]
Event: 29.915 Thread 0x000001ad36c24000 1277 % !   4       java.io.BufferedReader::readLine @ 139 (327 bytes)
Event: 29.915 Thread 0x000001ad36c27eb0 1278       3       java.util.LinkedList::checkPositionIndex (22 bytes)
Event: 29.916 Thread 0x000001ad36c27eb0 nmethod 1278 0x000001ad20240110 code [0x000001ad20240360, 0x000001ad20240aa8]
Event: 29.916 Thread 0x000001ad36c27eb0 1279       3       java.util.LinkedList::isPositionIndex (18 bytes)
Event: 29.916 Thread 0x000001ad36c27eb0 nmethod 1279 0x000001ad20240d90 code [0x000001ad20240f20, 0x000001ad202410b8]
Event: 29.916 Thread 0x000001ad36c27eb0 1280       3       java.util.LinkedList::node (65 bytes)
Event: 29.916 Thread 0x000001ad36c27eb0 nmethod 1280 0x000001ad20241190 code [0x000001ad20241340, 0x000001ad20241618]
Event: 29.916 Thread 0x000001ad36c27eb0 1281       3       org.gradle.util.internal.LimitedDescription::append (33 bytes)

GC Heap History (4 events):
Event: 0.933 GC heap before
{Heap before GC invocations=0 (full 0):
 garbage-first heap   total 131072K, used 15360K [0x0000000081800000, 0x0000000100000000)
  region size 1024K, 13 young (13312K), 0 survivors (0K)
 Metaspace       used 8380K, committed 8512K, reserved 1056768K
  class space    used 735K, committed 768K, reserved 1048576K
}
Event: 0.938 GC heap after
{Heap after GC invocations=1 (full 0):
 garbage-first heap   total 131072K, used 3485K [0x0000000081800000, 0x0000000100000000)
  region size 1024K, 2 young (2048K), 2 survivors (2048K)
 Metaspace       used 8380K, committed 8512K, reserved 1056768K
  class space    used 735K, committed 768K, reserved 1048576K
}
Event: 1.816 GC heap before
{Heap before GC invocations=1 (full 0):
 garbage-first heap   total 131072K, used 22941K [0x0000000081800000, 0x0000000100000000)
  region size 1024K, 18 young (18432K), 2 survivors (2048K)
 Metaspace       used 13267K, committed 13440K, reserved 1064960K
  class space    used 1507K, committed 1600K, reserved 1048576K
}
Event: 1.820 GC heap after
{Heap after GC invocations=2 (full 0):
 garbage-first heap   total 131072K, used 9567K [0x0000000081800000, 0x0000000100000000)
  region size 1024K, 3 young (3072K), 3 survivors (3072K)
 Metaspace       used 13267K, committed 13440K, reserved 1064960K
  class space    used 1507K, committed 1600K, reserved 1048576K
}

Dll operation events (2 events):
Event: 0.012 Loaded shared library C:\Program Files\Android\Android Studio\jbr\bin\java.dll
Event: 0.261 Loaded shared library C:\Program Files\Android\Android Studio\jbr\bin\verify.dll

Deoptimization events (20 events):
Event: 1.862 Thread 0x000001ad1cb27030 DEOPT PACKING pc=0x000001ad27b1a610 sp=0x0000002c11ffb030
Event: 1.862 Thread 0x000001ad1cb27030 DEOPT UNPACKING pc=0x000001ad275769a3 sp=0x0000002c11ffafd0 mode 2
Event: 1.919 Thread 0x000001ad1cb27030 DEOPT PACKING pc=0x000001ad200e04b8 sp=0x0000002c11ff6c80
Event: 1.919 Thread 0x000001ad1cb27030 DEOPT UNPACKING pc=0x000001ad27577143 sp=0x0000002c11ff6198 mode 0
Event: 2.338 Thread 0x000001ad1cb27030 Uncommon trap: trap_request=0xffffff45 fr.pc=0x000001ad27af5ba0 relative=0x00000000000005e0
Event: 2.338 Thread 0x000001ad1cb27030 Uncommon trap: reason=unstable_if action=reinterpret pc=0x000001ad27af5ba0 method=java.lang.AbstractStringBuilder.append(Ljava/lang/String;)Ljava/lang/AbstractStringBuilder; @ 1 c2
Event: 2.338 Thread 0x000001ad1cb27030 DEOPT PACKING pc=0x000001ad27af5ba0 sp=0x0000002c11ffc5c0
Event: 2.338 Thread 0x000001ad1cb27030 DEOPT UNPACKING pc=0x000001ad275769a3 sp=0x0000002c11ffc540 mode 2
Event: 2.339 Thread 0x000001ad1cb27030 Uncommon trap: trap_request=0xffffff45 fr.pc=0x000001ad27afecb4 relative=0x00000000000005f4
Event: 2.339 Thread 0x000001ad1cb27030 Uncommon trap: reason=unstable_if action=reinterpret pc=0x000001ad27afecb4 method=java.lang.AbstractStringBuilder.append(Ljava/lang/String;)Ljava/lang/AbstractStringBuilder; @ 1 c2
Event: 2.339 Thread 0x000001ad1cb27030 DEOPT PACKING pc=0x000001ad27afecb4 sp=0x0000002c11ffc560
Event: 2.339 Thread 0x000001ad1cb27030 DEOPT UNPACKING pc=0x000001ad275769a3 sp=0x0000002c11ffc548 mode 2
Event: 2.374 Thread 0x000001ad1cb27030 Uncommon trap: trap_request=0xffffff45 fr.pc=0x000001ad27b297f4 relative=0x0000000000000074
Event: 2.374 Thread 0x000001ad1cb27030 Uncommon trap: reason=unstable_if action=reinterpret pc=0x000001ad27b297f4 method=jdk.internal.misc.Unsafe.convEndian(ZI)I @ 4 c2
Event: 2.374 Thread 0x000001ad1cb27030 DEOPT PACKING pc=0x000001ad27b297f4 sp=0x0000002c11ffaa50
Event: 2.374 Thread 0x000001ad1cb27030 DEOPT UNPACKING pc=0x000001ad275769a3 sp=0x0000002c11ffa980 mode 2
Event: 2.469 Thread 0x000001ad1cb27030 Uncommon trap: trap_request=0xffffff45 fr.pc=0x000001ad27b2a220 relative=0x0000000000000160
Event: 2.469 Thread 0x000001ad1cb27030 Uncommon trap: reason=unstable_if action=reinterpret pc=0x000001ad27b2a220 method=java.lang.invoke.VarForm.getMemberName(I)Ljava/lang/invoke/MemberName; @ 8 c2
Event: 2.469 Thread 0x000001ad1cb27030 DEOPT PACKING pc=0x000001ad27b2a220 sp=0x0000002c11ffc660
Event: 2.469 Thread 0x000001ad1cb27030 DEOPT UNPACKING pc=0x000001ad275769a3 sp=0x0000002c11ffc580 mode 2

Classes unloaded (0 events):
No events

Classes redefined (0 events):
No events

Internal exceptions (20 events):
Event: 0.536 Thread 0x000001ad1cb27030 Exception <a 'java/lang/NoSuchMethodError'{0x0000000089419050}: 'int java.lang.invoke.DirectMethodHandle$Holder.invokeStaticInit(java.lang.Object, java.lang.Object)'> (0x0000000089419050) 
thrown [s\src\hotspot\share\interpreter\linkResolver.cpp, line 771]
Event: 1.335 Thread 0x000001ad1cb27030 Exception <a 'java/lang/NoSuchMethodError'{0x00000000890c41d8}: 'void java.lang.invoke.DirectMethodHandle$Holder.invokeStatic(java.lang.Object, java.lang.Object)'> (0x00000000890c41d8) 
thrown [s\src\hotspot\share\interpreter\linkResolver.cpp, line 771]
Event: 1.380 Thread 0x000001ad1cb27030 Exception <a 'java/lang/NoClassDefFoundError'{0x0000000088f4abe8}: org/slf4j/impl/StaticMarkerBinder> (0x0000000088f4abe8) 
thrown [s\src\hotspot\share\classfile\systemDictionary.cpp, line 245]
Event: 1.410 Thread 0x000001ad1cb27030 Exception <a 'java/lang/NoSuchMethodError'{0x0000000088fe6520}: 'java.lang.Object java.lang.invoke.DirectMethodHandle$Holder.invokeVirtual(java.lang.Object, java.lang.Object, java.lang.Object, java.lang.Object, java.lang.Object, java.lang.Object, java.lang.Object)'> (0x0000000088fe6520) 
thrown [s\src\hotspot\share\interpreter\linkResolver.cpp, line 771]
Event: 1.423 Thread 0x000001ad1cb27030 Exception <a 'java/lang/NoSuchMethodError'{0x0000000088ff7d68}: 'java.lang.Object java.lang.invoke.Invokers$Holder.invoker(java.lang.Object, java.lang.Object, java.lang.Object)'> (0x0000000088ff7d68) 
thrown [s\src\hotspot\share\interpreter\linkResolver.cpp, line 771]
Event: 1.430 Thread 0x000001ad1cb27030 Exception <a 'java/lang/NoSuchMethodError'{0x0000000088e012e8}: 'java.lang.Object java.lang.invoke.DirectMethodHandle$Holder.invokeStatic(java.lang.Object, java.lang.Object, int)'> (0x0000000088e012e8) 
thrown [s\src\hotspot\share\interpreter\linkResolver.cpp, line 771]
Event: 1.434 Thread 0x000001ad1cb27030 Exception <a 'java/lang/NoSuchMethodError'{0x0000000088e0cfd8}: 'void java.lang.invoke.DelegatingMethodHandle$Holder.delegate(java.lang.Object, java.lang.Object, int, java.lang.Object)'> (0x0000000088e0cfd8) 
thrown [s\src\hotspot\share\interpreter\linkResolver.cpp, line 771]
Event: 1.435 Thread 0x000001ad1cb27030 Exception <a 'java/lang/NoSuchMethodError'{0x0000000088e11120}: 'int java.lang.invoke.DirectMethodHandle$Holder.invokeSpecial(java.lang.Object, java.lang.Object, java.lang.Object)'> (0x0000000088e11120) 
thrown [s\src\hotspot\share\interpreter\linkResolver.cpp, line 771]
Event: 1.447 Thread 0x000001ad1cb27030 Exception <a 'java/lang/NoSuchMethodError'{0x0000000088e242d8}: 'java.lang.Object java.lang.invoke.Invokers$Holder.invokeExact_MT(java.lang.Object, java.lang.Object, java.lang.Object, java.lang.Object)'> (0x0000000088e242d8) 
thrown [s\src\hotspot\share\interpreter\linkResolver.cpp, line 771]
Event: 1.655 Thread 0x000001ad1cb27030 Exception <a 'java/lang/NoSuchMethodError'{0x0000000088825070}: 'java.lang.Object java.lang.invoke.DirectMethodHandle$Holder.invokeInterface(java.lang.Object, java.lang.Object, java.lang.Object)'> (0x0000000088825070) 
thrown [s\src\hotspot\share\interpreter\linkResolver.cpp, line 771]
Event: 1.664 Thread 0x000001ad1cb27030 Exception <a 'java/lang/NoSuchMethodError'{0x00000000888469e0}: 'void java.lang.invoke.DirectMethodHandle$Holder.invokeSpecial(java.lang.Object, java.lang.Object, java.lang.Object)'> (0x00000000888469e0) 
thrown [s\src\hotspot\share\interpreter\linkResolver.cpp, line 771]
Event: 1.688 Thread 0x000001ad1cb27030 Implicit null exception at 0x000001ad27b10393 to 0x000001ad27b1079c
Event: 1.688 Thread 0x000001ad1cb27030 Implicit null exception at 0x000001ad27af9311 to 0x000001ad27af9704
Event: 1.727 Thread 0x000001ad1cb27030 Exception <a 'java/lang/NoSuchMethodError'{0x00000000887e48a8}: 'java.lang.Object java.lang.invoke.DirectMethodHandle$Holder.invokeStaticInit(java.lang.Object)'> (0x00000000887e48a8) 
thrown [s\src\hotspot\share\interpreter\linkResolver.cpp, line 771]
Event: 1.956 Thread 0x000001ad1cb27030 Exception <a 'java/lang/NoSuchMethodError'{0x000000008940d360}: 'java.lang.Object java.lang.invoke.DirectMethodHandle$Holder.invokeStaticInit(java.lang.Object, int, int, int, int)'> (0x000000008940d360) 
thrown [s\src\hotspot\share\interpreter\linkResolver.cpp, line 771]
Event: 2.070 Thread 0x000001ad1cb27030 Exception <a 'java/lang/NoSuchMethodError'{0x00000000894e9628}: 'java.lang.Object java.lang.invoke.DirectMethodHandle$Holder.invokeStaticInit(java.lang.Object, java.lang.Object, int, int, int, int)'> (0x00000000894e9628) 
thrown [s\src\hotspot\share\interpreter\linkResolver.cpp, line 771]
Event: 2.299 Thread 0x000001ad1cb27030 Exception <a 'java/lang/NoSuchMethodError'{0x0000000089317410}: 'void java.lang.invoke.DirectMethodHandle$Holder.invokeStatic(java.lang.Object, java.lang.Object, java.lang.Object)'> (0x0000000089317410) 
thrown [s\src\hotspot\share\interpreter\linkResolver.cpp, line 771]
Event: 2.338 Thread 0x000001ad1cb27030 Implicit null exception at 0x000001ad27af55f2 to 0x000001ad27af5b8c
Event: 2.339 Thread 0x000001ad1cb27030 Implicit null exception at 0x000001ad27afe6f2 to 0x000001ad27afeca0
Event: 29.906 Thread 0x000001ad1cb27030 Exception <a 'sun/net/ConnectionResetException'{0x00000000891eb958}: Connection reset> (0x00000000891eb958) 
thrown [s\src\hotspot\share\prims\jni.cpp, line 536]

VM Operations (20 events):
Event: 1.429 Executing VM operation: HandshakeAllThreads
Event: 1.429 Executing VM operation: HandshakeAllThreads done
Event: 1.816 Executing VM operation: G1CollectForAllocation
Event: 1.820 Executing VM operation: G1CollectForAllocation done
Event: 1.872 Executing VM operation: HandshakeAllThreads
Event: 1.872 Executing VM operation: HandshakeAllThreads done
Event: 2.043 Executing VM operation: HandshakeAllThreads
Event: 2.043 Executing VM operation: HandshakeAllThreads done
Event: 3.052 Executing VM operation: Cleanup
Event: 3.052 Executing VM operation: Cleanup done
Event: 6.088 Executing VM operation: Cleanup
Event: 6.088 Executing VM operation: Cleanup done
Event: 15.158 Executing VM operation: Cleanup
Event: 15.158 Executing VM operation: Cleanup done
Event: 26.237 Executing VM operation: Cleanup
Event: 26.237 Executing VM operation: Cleanup done
Event: 27.251 Executing VM operation: Cleanup
Event: 27.251 Executing VM operation: Cleanup done
Event: 28.258 Executing VM operation: Cleanup
Event: 28.258 Executing VM operation: Cleanup done

Events (20 events):
Event: 4.158 loading class jdk/internal/reflect/ByteVectorImpl
Event: 4.158 loading class jdk/internal/reflect/ByteVector
Event: 4.159 loading class jdk/internal/reflect/ByteVector done
Event: 4.159 loading class jdk/internal/reflect/ByteVectorImpl done
Event: 4.159 loading class jdk/internal/reflect/ClassFileAssembler
Event: 4.159 loading class jdk/internal/reflect/ClassFileAssembler done
Event: 4.159 loading class jdk/internal/reflect/UTF8
Event: 4.163 loading class jdk/internal/reflect/UTF8 done
Event: 4.164 loading class jdk/internal/reflect/Label
Event: 4.164 loading class jdk/internal/reflect/Label done
Event: 4.164 loading class jdk/internal/reflect/Label$PatchInfo
Event: 4.165 loading class jdk/internal/reflect/Label$PatchInfo done
Event: 4.165 loading class jdk/internal/reflect/MethodAccessorGenerator$1
Event: 4.165 loading class jdk/internal/reflect/MethodAccessorGenerator$1 done
Event: 4.165 loading class jdk/internal/reflect/ClassDefiner
Event: 4.165 loading class jdk/internal/reflect/ClassDefiner done
Event: 4.165 loading class jdk/internal/reflect/ClassDefiner$1
Event: 4.165 loading class jdk/internal/reflect/ClassDefiner$1 done
Event: 29.904 loading class sun/net/ConnectionResetException
Event: 29.906 loading class sun/net/ConnectionResetException done


Dynamic libraries:
0x00007ff7cd720000 - 0x00007ff7cd72a000 	C:\Program Files\Android\Android Studio\jbr\bin\java.exe
0x00007ffa06250000 - 0x00007ffa06448000 	C:\Windows\SYSTEM32\ntdll.dll
0x00007ffa05a80000 - 0x00007ffa05b3d000 	C:\Windows\System32\KERNEL32.DLL
0x00007ffa03f30000 - 0x00007ffa04226000 	C:\Windows\System32\KERNELBASE.dll
0x00007ffa03a20000 - 0x00007ffa03b20000 	C:\Windows\System32\ucrtbase.dll
0x00007ff9fe5c0000 - 0x00007ff9fe5db000 	C:\Program Files\Android\Android Studio\jbr\bin\VCRUNTIME140.dll
0x00007ff9fca20000 - 0x00007ff9fca37000 	C:\Program Files\Android\Android Studio\jbr\bin\jli.dll
0x00007ffa05b40000 - 0x00007ffa05cde000 	C:\Windows\System32\USER32.dll
0x00007ff9f7640000 - 0x00007ff9f78da000 	C:\Windows\WinSxS\amd64_microsoft.windows.common-controls_6595b64144ccf1df_6.0.19041.3636_none_60b6a03d71f818d5\COMCTL32.dll
0x00007ffa03ed0000 - 0x00007ffa03ef2000 	C:\Windows\System32\win32u.dll
0x00007ffa059e0000 - 0x00007ffa05a7e000 	C:\Windows\System32\msvcrt.dll
0x00007ffa05d40000 - 0x00007ffa05d6b000 	C:\Windows\System32\GDI32.dll
0x00007ffa03900000 - 0x00007ffa03a17000 	C:\Windows\System32\gdi32full.dll
0x00007ffa03b20000 - 0x00007ffa03bbd000 	C:\Windows\System32\msvcp_win.dll
0x00007ffa058e0000 - 0x00007ffa05912000 	C:\Windows\System32\IMM32.DLL
0x00007ff9fe5b0000 - 0x00007ff9fe5bc000 	C:\Program Files\Android\Android Studio\jbr\bin\vcruntime140_1.dll
0x00007ff9fb700000 - 0x00007ff9fb78d000 	C:\Program Files\Android\Android Studio\jbr\bin\msvcp140.dll
0x00007ff98bf00000 - 0x00007ff98cb6e000 	C:\Program Files\Android\Android Studio\jbr\bin\server\jvm.dll
0x00007ffa06160000 - 0x00007ffa06210000 	C:\Windows\System32\ADVAPI32.dll
0x00007ffa04770000 - 0x00007ffa04810000 	C:\Windows\System32\sechost.dll
0x00007ffa04400000 - 0x00007ffa04525000 	C:\Windows\System32\RPCRT4.dll
0x00007ffa03f00000 - 0x00007ffa03f27000 	C:\Windows\System32\bcrypt.dll
0x00007ff9fca10000 - 0x00007ff9fca19000 	C:\Windows\SYSTEM32\WSOCK32.dll
0x00007ff9e9470000 - 0x00007ff9e9497000 	C:\Windows\SYSTEM32\WINMM.dll
0x00007ff9f56c0000 - 0x00007ff9f56ca000 	C:\Windows\SYSTEM32\VERSION.dll
0x00007ffa04f20000 - 0x00007ffa04f8b000 	C:\Windows\System32\WS2_32.dll
0x00007ffa02100000 - 0x00007ffa02112000 	C:\Windows\SYSTEM32\kernel.appcore.dll
0x00007ff9fca00000 - 0x00007ff9fca0a000 	C:\Program Files\Android\Android Studio\jbr\bin\jimage.dll
0x00007ff9e7880000 - 0x00007ff9e7a64000 	C:\Windows\SYSTEM32\DBGHELP.DLL
0x00007ff9e9670000 - 0x00007ff9e96a4000 	C:\Windows\SYSTEM32\dbgcore.DLL
0x00007ffa03dd0000 - 0x00007ffa03e52000 	C:\Windows\System32\bcryptPrimitives.dll
0x00007ff9fb6d0000 - 0x00007ff9fb6f5000 	C:\Program Files\Android\Android Studio\jbr\bin\java.dll
0x00007ff9fc9e0000 - 0x00007ff9fc9f8000 	C:\Program Files\Android\Android Studio\jbr\bin\zip.dll
0x00007ffa04f90000 - 0x00007ffa056fb000 	C:\Windows\System32\SHELL32.dll
0x00007ffa01860000 - 0x00007ffa01ffe000 	C:\Windows\SYSTEM32\windows.storage.dll
0x00007ffa05e00000 - 0x00007ffa06153000 	C:\Windows\System32\combase.dll
0x00007ffa03180000 - 0x00007ffa031ae000 	C:\Windows\SYSTEM32\Wldp.dll
0x00007ffa04280000 - 0x00007ffa0434d000 	C:\Windows\System32\OLEAUT32.dll
0x00007ffa04530000 - 0x00007ffa045dd000 	C:\Windows\System32\SHCORE.dll
0x00007ffa05980000 - 0x00007ffa059d5000 	C:\Windows\System32\shlwapi.dll
0x00007ffa03830000 - 0x00007ffa03855000 	C:\Windows\SYSTEM32\profapi.dll
0x00007ff9fc370000 - 0x00007ff9fc389000 	C:\Program Files\Android\Android Studio\jbr\bin\net.dll
0x00007ff9fb860000 - 0x00007ff9fb96a000 	C:\Windows\SYSTEM32\WINHTTP.dll
0x00007ffa02f60000 - 0x00007ffa02fca000 	C:\Windows\system32\mswsock.dll
0x00007ff9fb6b0000 - 0x00007ff9fb6c6000 	C:\Program Files\Android\Android Studio\jbr\bin\nio.dll
0x00007ff9fb1f0000 - 0x00007ff9fb200000 	C:\Program Files\Android\Android Studio\jbr\bin\verify.dll
0x00007ff9f6e20000 - 0x00007ff9f6e47000 	C:\Users\ALI_S\.gradle\native\e1d6ef7f7dcc3fd88c89a11ec53ec762bb8ba0a96d01ffa2cd45eb1d1d8dd5c5\windows-amd64\native-platform.dll
0x00007ff9f81c0000 - 0x00007ff9f81c9000 	C:\Program Files\Android\Android Studio\jbr\bin\management.dll
0x00007ff9f6e90000 - 0x00007ff9f6e9b000 	C:\Program Files\Android\Android Studio\jbr\bin\management_ext.dll
0x00007ffa04f10000 - 0x00007ffa04f18000 	C:\Windows\System32\PSAPI.DLL
0x00007ffa034f0000 - 0x00007ffa03508000 	C:\Windows\SYSTEM32\CRYPTSP.dll
0x00007ffa028b0000 - 0x00007ffa028e4000 	C:\Windows\system32\rsaenh.dll
0x00007ffa037b0000 - 0x00007ffa037de000 	C:\Windows\SYSTEM32\USERENV.dll
0x00007ffa030f0000 - 0x00007ffa030fc000 	C:\Windows\SYSTEM32\CRYPTBASE.dll
0x00007ffa02c70000 - 0x00007ffa02cab000 	C:\Windows\SYSTEM32\IPHLPAPI.DLL
0x00007ffa04760000 - 0x00007ffa04768000 	C:\Windows\System32\NSI.dll
0x00007ff9fcda0000 - 0x00007ff9fcdb7000 	C:\Windows\SYSTEM32\dhcpcsvc6.DLL
0x00007ff9fcd80000 - 0x00007ff9fcd9d000 	C:\Windows\SYSTEM32\dhcpcsvc.DLL
0x00007ffa02cb0000 - 0x00007ffa02d7b000 	C:\Windows\SYSTEM32\DNSAPI.dll
0x00007ff9f4760000 - 0x00007ff9f4767000 	C:\Windows\system32\wshunix.dll

dbghelp: loaded successfully - version: 4.0.5 - missing functions: none
symbol engine: initialized successfully - sym options: 0x614 - pdb path: (cannot be retrieved)

VM Arguments:
jvm_args: -Dorg.gradle.appname=gradlew 
java_command: org.gradle.wrapper.GradleWrapperMain -q -Ptarget-platform=android-x86 -Ptarget=C:\development\flutter_app\mukawwin_3\lib\main.dart -Pbase-application-name=android.app.Application -Pdart-defines=RkxVVFRFUl9XRUJfQ0FOVkFTS0lUX1VSTD1odHRwczovL3d3dy5nc3RhdGljLmNvbS9mbHV0dGVyLWNhbnZhc2tpdC9lZGQ4NTQ2MTE2NDU3YmRmMWM1YmRmYjEzZWNiOTQ2M2QyYmI1ZWQ0Lw== -Pdart-obfuscation=false -Ptrack-widget-creation=true -Ptree-shake-icons=false -Pfilesystem-scheme=org-dartlang-root assembleDebug
java_class_path (initial): C:\development\flutter_app\mukawwin_3\android\\gradle\wrapper\gradle-wrapper.jar
Launcher Type: SUN_STANDARD

[Global flags]
     intx CICompilerCount                          = 3                                         {product} {ergonomic}
     uint ConcGCThreads                            = 1                                         {product} {ergonomic}
     uint G1ConcRefinementThreads                  = 4                                         {product} {ergonomic}
   size_t G1HeapRegionSize                         = 1048576                                   {product} {ergonomic}
    uintx GCDrainStackTargetSize                   = 64                                        {product} {ergonomic}
   size_t InitialHeapSize                          = 134217728                                 {product} {ergonomic}
   size_t MarkStackSize                            = 4194304                                   {product} {ergonomic}
   size_t MaxHeapSize                              = 2122317824                                {product} {ergonomic}
   size_t MaxNewSize                               = 1272971264                                {product} {ergonomic}
   size_t MinHeapDeltaBytes                        = 1048576                                   {product} {ergonomic}
   size_t MinHeapSize                              = 8388608                                   {product} {ergonomic}
    uintx NonNMethodCodeHeapSize                   = 5832780                                {pd product} {ergonomic}
    uintx NonProfiledCodeHeapSize                  = 122912730                              {pd product} {ergonomic}
    uintx ProfiledCodeHeapSize                     = 122912730                              {pd product} {ergonomic}
    uintx ReservedCodeCacheSize                    = 251658240                              {pd product} {ergonomic}
     bool SegmentedCodeCache                       = true                                      {product} {ergonomic}
   size_t SoftMaxHeapSize                          = 2122317824                             {manageable} {ergonomic}
     bool UseCompressedClassPointers               = true                           {product lp64_product} {ergonomic}
     bool UseCompressedOops                        = true                           {product lp64_product} {ergonomic}
     bool UseG1GC                                  = true                                      {product} {ergonomic}
     bool UseLargePagesIndividualAllocation        = false                                  {pd product} {ergonomic}

Logging:
Log output configuration:
 #0: stdout all=warning uptime,level,tags
 #1: stderr all=off uptime,level,tags

Environment Variables:
JAVA_HOME=C:\Program Files\Android\Android Studio\jbr
CLASSPATH=C:\development\flutter_app\mukawwin_3\android\\gradle\wrapper\gradle-wrapper.jar
PATH=C:\Program Files\Android\Android Studio\jbr\bin;C:\Program Files\Common Files\Oracle\Java\javapath;C:\Program Files (x86)\VMware\VMware Player\bin\;C:\Windows\system32;C:\Windows;C:\Windows\System32\Wbem;C:\Windows\System32\WindowsPowerShell\v1.0\;C:\Windows\System32\OpenSSH\;C:\Program Files\Git\cmd;C:\Program Files\MATLAB\R2017a\runtime\win64;C:\Program Files\MATLAB\R2017a\bin;C:\Program Files\nodejs\;C:\Program Files\Microsoft SQL Server\110\Tools\Binn\;c:\Program Files (x86)\Microsoft SQL Server\90\Tools\binn\;C:\Visual8\Common7\IDE;C:\Visual8\VC\bin;C:\Visual8\Common7\Tools;C:\Visual8\Common7\Tools\Bin;C:\Visual8\VC\PlatformSDK\Bin;C:\Visual8\SDK\v2.0\Bin;C:\Windows\Microsoft.NET\Framework\v2.0.50727;C:\Visual8\VC\vcpackages;C:\Opnet\14.5.A\bin;C:\Program Files\Java\jdk1.8.0_65\bin;C:\Users\ALI_S\AppData\Local\Microsoft\WindowsApps;C:\development\flutter\bin;C:\Users\ALI_S\AppData\Local\Programs\Microsoft VS Code\bin;C:\development\flutter\bin\mingit\cmd;C:\development\flutter\bin\mingit\cmd
USERNAME=ALI_S
LIBPATH=C:\Windows\Microsoft.NET\Framework\v2.0.50727;C:\Visual8\VC\ATLMFC\LIB;
OS=Windows_NT
PROCESSOR_IDENTIFIER=Intel64 Family 6 Model 58 Stepping 9, GenuineIntel
TMP=C:\Users\ALI_S\AppData\Local\Temp
TEMP=C:\Users\ALI_S\AppData\Local\Temp


JNI global refs:
JNI global refs: 19, weak refs: 6

JNI global refs memory usage: 843, weak refs: 841


---------------  S Y S T E M  ---------------

OS:
 Windows 10 , 64 bit Build 19041 (10.0.19041.3636)
OS uptime: 10 days 18:01 hours
Hyper-V role detected

CPU: total 4 (initial active 4) (2 cores per cpu, 2 threads per core) family 6 model 58 stepping 9 microcode 0x21, cx8, cmov, fxsr, ht, mmx, sse, sse2, sse3, ssse3, sse4.1, sse4.2, popcnt, tsc, tscinvbit, avx, aes, erms, clmul, vzeroupper, clflush, hv

Memory: 4k page, system-wide physical 8094M (618M free)
TotalPageFile size 11711M (AvailPageFile size 1M)
current process WorkingSet (physical memory assigned to process): 85M, peak: 89M
current process commit charge ("private bytes"): 219M, peak: 223M

vm_info: OpenJDK 64-Bit Server VM (17.0.6+0-b2043.56-10027231) for windows-amd64 JRE (17.0.6+0-b2043.56-10027231), built on Apr 28 2023 00:43:19 by "androidbuild" with MS VC++ 16.10 / 16.11 (VS2019)

END.
